Component: Arm Compiler for Embedded 6.22 Tool: armlink [5ee90200]

==============================================================================

Section Cross References

    startup_stm32h750xx.o(STACK) refers (Special) to heapauxi.o(.text) for __use_two_region_memory
    startup_stm32h750xx.o(HEAP) refers (Special) to heapauxi.o(.text) for __use_two_region_memory
    startup_stm32h750xx.o(RESET) refers (Special) to heapauxi.o(.text) for __use_two_region_memory
    startup_stm32h750xx.o(RESET) refers to startup_stm32h750xx.o(STACK) for __initial_sp
    startup_stm32h750xx.o(RESET) refers to startup_stm32h750xx.o(.text) for Reset_Handler
    startup_stm32h750xx.o(RESET) refers to stm32h7xx_it.o(.text.NMI_Handler) for NMI_Handler
    startup_stm32h750xx.o(RESET) refers to stm32h7xx_it.o(.text.HardFault_Handler) for HardFault_Handler
    startup_stm32h750xx.o(RESET) refers to stm32h7xx_it.o(.text.MemManage_Handler) for MemManage_Handler
    startup_stm32h750xx.o(RESET) refers to stm32h7xx_it.o(.text.BusFault_Handler) for BusFault_Handler
    startup_stm32h750xx.o(RESET) refers to stm32h7xx_it.o(.text.UsageFault_Handler) for UsageFault_Handler
    startup_stm32h750xx.o(RESET) refers to port.o(.text.SVC_Handler) for SVC_Handler
    startup_stm32h750xx.o(RESET) refers to stm32h7xx_it.o(.text.DebugMon_Handler) for DebugMon_Handler
    startup_stm32h750xx.o(RESET) refers to port.o(.text.PendSV_Handler) for PendSV_Handler
    startup_stm32h750xx.o(RESET) refers to stm32h7xx_it.o(.text.SysTick_Handler) for SysTick_Handler
    startup_stm32h750xx.o(RESET) refers to stm32h7xx_it.o(.text.DMA1_Stream0_IRQHandler) for DMA1_Stream0_IRQHandler
    startup_stm32h750xx.o(RESET) refers to stm32h7xx_it.o(.text.DMA1_Stream1_IRQHandler) for DMA1_Stream1_IRQHandler
    startup_stm32h750xx.o(RESET) refers to stm32h7xx_it.o(.text.DMA1_Stream2_IRQHandler) for DMA1_Stream2_IRQHandler
    startup_stm32h750xx.o(RESET) refers to stm32h7xx_it.o(.text.DMA1_Stream3_IRQHandler) for DMA1_Stream3_IRQHandler
    startup_stm32h750xx.o(RESET) refers to stm32h7xx_it.o(.text.DMA1_Stream4_IRQHandler) for DMA1_Stream4_IRQHandler
    startup_stm32h750xx.o(RESET) refers to stm32h7xx_it.o(.text.DMA1_Stream5_IRQHandler) for DMA1_Stream5_IRQHandler
    startup_stm32h750xx.o(RESET) refers to stm32h7xx_it.o(.text.DMA1_Stream6_IRQHandler) for DMA1_Stream6_IRQHandler
    startup_stm32h750xx.o(RESET) refers to stm32h7xx_it.o(.text.OTG_FS_IRQHandler) for OTG_FS_IRQHandler
    startup_stm32h750xx.o(.text) refers (Special) to heapauxi.o(.text) for __use_two_region_memory
    startup_stm32h750xx.o(.text) refers to system_stm32h7xx.o(.text.SystemInit) for SystemInit
    startup_stm32h750xx.o(.text) refers to __main.o(!!!main) for __main
    startup_stm32h750xx.o(.text) refers to startup_stm32h750xx.o(HEAP) for Heap_Mem
    startup_stm32h750xx.o(.text) refers to startup_stm32h750xx.o(STACK) for Stack_Mem
    main.o(ITCMRAM) refers to midi.o(.text.HasMidiMsg) for HasMidiMsg
    main.o(ITCMRAM) refers to main.o(.bss.syn) for syn
    main.o(ITCMRAM) refers to midi.o(.text.GetMidiMsg) for GetMidiMsg
    main.o(ITCMRAM) refers to synth_1.o(.text.SynthProcMidi) for SynthProcMidi
    main.o(ITCMRAM) refers to codec.o(.text.codecGetNumSamples) for codecGetNumSamples
    main.o(ITCMRAM) refers to codec.o(.text.codecGetRx1Ptr) for codecGetRx1Ptr
    main.o(ITCMRAM) refers to codec.o(.text.codecGetTx1Ptr) for codecGetTx1Ptr
    main.o(ITCMRAM) refers to codec.o(.text.codecGetRx2Ptr) for codecGetRx2Ptr
    main.o(ITCMRAM) refers to codec.o(.text.codecGetTx2Ptr) for codecGetTx2Ptr
    main.o(ITCMRAM) refers to codec.o(.text.codecGetRx3Ptr) for codecGetRx3Ptr
    main.o(ITCMRAM) refers to codec.o(.text.codecGetTx3Ptr) for codecGetTx3Ptr
    main.o(ITCMRAM) refers to main.o(.bss..L_MergedGlobals) for .L_MergedGlobals
    main.o(ITCMRAM) refers to main.o(.bss.recl) for recl
    main.o(ITCMRAM) refers to main.o(.bss.recr) for recr
    main.o(ITCMRAM) refers to main.o(.bss.bufl) for bufl
    main.o(ITCMRAM) refers to main.o(.bss.bufr) for bufr
    main.o(ITCMRAM) refers to synth_1.o(.text.SynthProcessBlock) for SynthProcessBlock
    main.o(.ARM.exidxITCMRAM) refers to main.o(ITCMRAM) for [Anonymous Symbol]
    main.o(.text.HAL_I2C_MasterRxCpltCallback) refers to main.o(.bss..L_MergedGlobals) for .L_MergedGlobals
    main.o(.text.HAL_I2C_MasterRxCpltCallback) refers to main.o(.bss.F103IOCopy) for F103IOCopy
    main.o(.text.HAL_I2C_MasterRxCpltCallback) refers to main.o(.bss.F103IORecv) for F103IORecv
    main.o(.text.HAL_I2C_MasterRxCpltCallback) refers to rt_memcpy_w.o(.text) for __aeabi_memcpy4
    main.o(.text.HAL_I2C_MasterRxCpltCallback) refers to printf.o(.text.uart_printf) for uart_printf
    main.o(.ARM.exidx.text.HAL_I2C_MasterRxCpltCallback) refers to main.o(.text.HAL_I2C_MasterRxCpltCallback) for [Anonymous Symbol]
    main.o(.text.main) refers to stm32h7xx_hal_cortex.o(.text.HAL_MPU_Disable) for HAL_MPU_Disable
[...]
    __mathlib_expf                           0x080127f5   Thumb Code     0  expf.o(i.__hardfp_expf)
    __mathlib_flt_infnan                     0x080129e1   Thumb Code     6  funder.o(i.__mathlib_flt_infnan)
    __mathlib_flt_overflow                   0x080129e9   Thumb Code    10  funder.o(i.__mathlib_flt_overflow)
    __mathlib_flt_underflow                  0x080129f9   Thumb Code    10  funder.o(i.__mathlib_flt_underflow)
    _is_digit                                0x08012a09   Thumb Code    14  __printf_wp.o(i._is_digit)
    _get_lc_numeric                          0x08012a19   Thumb Code    44  lc_numeric_c.o(locale$$code)
    _get_lc_ctype                            0x08012a45   Thumb Code    44  lc_ctype_c.o(locale$$code)
    __aeabi_ul2d                             0x08012a71   Thumb Code     0  dfltll_clz.o(x$fpl$dfltull)
    _ll_uto_d                                0x08012a71   Thumb Code   138  dfltll_clz.o(x$fpl$dfltull)
    _fp_init                                 0x08012afb   Thumb Code    26  fpinit.o(x$fpl$fpinit)
    __fplib_config_fpu_vfp                   0x08012b13   Thumb Code     0  fpinit.o(x$fpl$fpinit)
    __fplib_config_pureend_doubles           0x08012b13   Thumb Code     0  fpinit.o(x$fpl$fpinit)
    _printf_fp_dec                           0x08012b15   Thumb Code     4  printf1.o(x$fpl$printf1)
    _printf_fp_hex                           0x08012b19   Thumb Code     4  printf2.o(x$fpl$printf2)
    __I$use$fp                               0x08012b1c   Number         0  usenofp.o(x$fpl$usenofp)
    D1CorePrescTable                         0x08012c84   Data          16  system_stm32h7xx.o(.rodata.D1CorePrescTable)
    UARTPrescTable                           0x08012c94   Data          24  stm32h7xx_hal_uart.o(.rodata.UARTPrescTable)
    defaultTask_attributes                   0x08012cbc   Data          36  main.o(.rodata.defaultTask_attributes)
    Region$$Table$$Base                      0x08012d00   Number         0  anon$$obj.o(Region$$Table)
    Region$$Table$$Limit                     0x08012d20   Number         0  anon$$obj.o(Region$$Table)
    __ctype                                  0x08012d49   Data           0  lc_ctype_c.o(locale$$data)
    uwTickFreq                               0x24000000   Data           1  stm32h7xx_hal.o(.data..L_MergedGlobals)
    uwTickPrio                               0x24000004   Data           4  stm32h7xx_hal.o(.data..L_MergedGlobals)
    SystemCoreClock                          0x24000008   Data           4  system_stm32h7xx.o(.data..L_MergedGlobals)
    SystemD2Clock                            0x2400000c   Data           4  system_stm32h7xx.o(.data..L_MergedGlobals)
    wavbuf1                                  0x24000068   Data           4  codec.o(.data..L_MergedGlobals)
    recbuf1                                  0x2400006c   Data           4  codec.o(.data..L_MergedGlobals)
    wavbuf2                                  0x24000070   Data           4  codec.o(.data..L_MergedGlobals)
    recbuf2                                  0x24000074   Data           4  codec.o(.data..L_MergedGlobals)
    wavbuf3                                  0x24000078   Data           4  codec.o(.data..L_MergedGlobals)
    recbuf3                                  0x2400007c   Data           4  codec.o(.data..L_MergedGlobals)
    FS_Desc                                  0x24000080   Data          32  usbd_desc.o(.data.FS_Desc)
    USBD_FS_DeviceDesc                       0x240000a0   Data          18  usbd_desc.o(.data.USBD_FS_DeviceDesc)
    USBD_HID                                 0x240000b4   Data          56  usbd_hid.o(.data.USBD_HID)
    USBD_LangIDDesc                          0x2400011c   Data           4  usbd_desc.o(.data.USBD_LangIDDesc)
    USBD_MIDI                                0x24000120   Data          56  usbd_midi.o(.data.USBD_MIDI)
    USBD_StringSerial                        0x240001b8   Data          26  usbd_desc.o(.data.USBD_StringSerial)
    _random_number_data                      0x240001d8   Data         228  rand.o(.bss)
    __libspace_start                         0x240002bc   Data          96  libspace.o(.bss)
    __temporary_stack_top$libspace           0x2400031c   Data           0  libspace.o(.bss)
    hpvl                                     0x2400031c   Data           4  main.o(.bss..L_MergedGlobals)
    hpvr                                     0x24000320   Data           4  main.o(.bss..L_MergedGlobals)
    hpctof                                   0x24000324   Data           4  main.o(.bss..L_MergedGlobals)
    defaultTaskHandle                        0x24000328   Data           4  main.o(.bss..L_MergedGlobals)
    hi2c1                                    0x2400032c   Data          84  main.o(.bss..L_MergedGlobals)
    midiInPos                                0x24000380   Data           4  midi.o(.bss..L_MergedGlobals)
    midiOutPos                               0x24000384   Data           4  midi.o(.bss..L_MergedGlobals)
    pxCurrentTCB                             0x24000390   Data           4  tasks.o(.bss..L_MergedGlobals)
    I2S1_ISFILL_OK                           0x24000460   Data           4  codec.o(.bss..L_MergedGlobals.1)
    I2S2_ISFILL_OK                           0x24000464   Data           4  codec.o(.bss..L_MergedGlobals.1)
    I2S3_ISFILL_OK                           0x24000468   Data           4  codec.o(.bss..L_MergedGlobals.1)
    phi2s1                                   0x2400046c   Data           4  codec.o(.bss..L_MergedGlobals.1)
    phi2s2                                   0x24000470   Data           4  codec.o(.bss..L_MergedGlobals.1)
    phi2s3                                   0x24000474   Data           4  codec.o(.bss..L_MergedGlobals.1)
    F103IOCopy                               0x240004a0   Data          94  main.o(.bss.F103IOCopy)
    F103IORecv                               0x24000500   Data          94  main.o(.bss.F103IORecv)
    MidiMsgFifo                              0x24000564   Data        1536  midi.o(.bss.MidiMsgFifo)
    USBD_StrDesc                             0x24000b68   Data         512  usbd_desc.o(.bss.USBD_StrDesc)
    bufl                                     0x24000d7c   Data        1536  main.o(.bss.bufl)
    bufr                                     0x2400137c   Data        1536  main.o(.bss.bufr)
    hUsbDeviceFS                             0x2400197c   Data         732  usb_device.o(.bss.hUsbDeviceFS)
    hadc1                                    0x24001c58   Data         100  main.o(.bss.hadc1)
    hadc3                                    0x24001cbc   Data         100  main.o(.bss.hadc3)
    hdma_i2c1_rx                             0x24001d20   Data         120  main.o(.bss.hdma_i2c1_rx)
    hdma_spi1_rx                             0x24001d98   Data         120  main.o(.bss.hdma_spi1_rx)
    hdma_spi1_tx                             0x24001e10   Data         120  main.o(.bss.hdma_spi1_tx)
    hdma_spi2_rx                             0x24001e88   Data         120  main.o(.bss.hdma_spi2_rx)
    hdma_spi2_tx                             0x24001f00   Data         120  main.o(.bss.hdma_spi2_tx)
    hdma_spi3_rx                             0x24001f78   Data         120  main.o(.bss.hdma_spi3_rx)
    hdma_spi3_tx                             0x24001ff0   Data         120  main.o(.bss.hdma_spi3_tx)
    hi2s1                                    0x24002068   Data          84  main.o(.bss.hi2s1)
    hi2s2                                    0x240020bc   Data          84  main.o(.bss.hi2s2)
    hi2s3                                    0x24002110   Data          84  main.o(.bss.hi2s3)
    hpcd_USB_OTG_FS                          0x24002164   Data        1252  usbd_conf.o(.bss.hpcd_USB_OTG_FS)
    huart1                                   0x24002648   Data         148  main.o(.bss.huart1)
    i2s1_rx_buf                              0x240026dc   Data        6144  codec.o(.bss.i2s1_rx_buf)
    i2s1_tx_buf                              0x24003edc   Data        6144  codec.o(.bss.i2s1_tx_buf)
    i2s2_rx_buf                              0x240056dc   Data        6144  codec.o(.bss.i2s2_rx_buf)
    i2s2_tx_buf                              0x24006edc   Data        6144  codec.o(.bss.i2s2_tx_buf)
    i2s3_rx_buf                              0x240086dc   Data        6144  codec.o(.bss.i2s3_rx_buf)
    i2s3_tx_buf                              0x24009edc   Data        6144  codec.o(.bss.i2s3_tx_buf)
    phuart                                   0x2400b6dc   Data           4  printf.o(.bss.phuart)
    recl                                     0x2400bc30   Data        1536  main.o(.bss.recl)
    recr                                     0x2400c230   Data        1536  main.o(.bss.recr)
    syn                                      0x2400c830   Data       25624  main.o(.bss.syn)
    uwTick                                   0x24016888   Data           4  stm32h7xx_hal.o(.bss.uwTick)
    xQueueRegistry                           0x24016f44   Data          64  queue.o(.bss.xQueueRegistry)
    xxx_tmpbuf                               0x24016f84   Data        1024  printf.o(.bss.xxx_tmpbuf)



==============================================================================

Memory Map of the image

  Image Entry point : 0x08000299

  Load Region LR_IROM1 (Base: 0x08000000, Size: 0x00013028, Max: 0x00020000, ABSOLUTE, COMPRESSED[0x00012f98])

    Execution Region ER_IROM1 (Exec base: 0x08000000, Load base: 0x08000000, Size: 0x00012e4c, Max: 0x00020000, ABSOLUTE)

    Exec Addr    Load Addr    Size         Type   Attr      Idx    E Section Name        Object

    0x08000000   0x08000000   0x00000298   Data   RO            3    RESET               startup_stm32h750xx.o
    0x08000298   0x08000298   0x00000008   Code   RO         2573  * !!!main             c_w.l(__main.o)
    0x080002a0   0x080002a0   0x0000005c   Code   RO         2963    !!!scatter          c_w.l(__scatter.o)
    0x080002fc   0x080002fc   0x0000005a   Code   RO         2961    !!dczerorl2         c_w.l(__dczerorl2.o)
    0x08000356   0x08000356   0x00000002   PAD
    0x08000358   0x08000358   0x00000002   Code   RO         2964    !!handler_null      c_w.l(__scatter.o)
    0x0800035a   0x0800035a   0x00000002   PAD
    0x0800035c   0x0800035c   0x0000001c   Code   RO         2967    !!handler_zi        c_w.l(__scatter_zi.o)
    0x08000378   0x08000378   0x00000000   Code   RO         2681    .ARM.Collect$$_printf_percent$$00000000  c_w.l(_printf_percent.o)
    0x08000378   0x08000378   0x00000006   Code   RO         2670    .ARM.Collect$$_printf_percent$$00000001  c_w.l(_printf_n.o)
    0x0800037e   0x0800037e   0x00000006   Code   RO         2672    .ARM.Collect$$_printf_percent$$00000002  c_w.l(_printf_p.o)
    0x08000384   0x08000384   0x00000006   Code   RO         2677    .ARM.Collect$$_printf_percent$$00000003  c_w.l(_printf_f.o)
    0x0800038a   0x0800038a   0x00000006   Code   RO         2678    .ARM.Collect$$_printf_percent$$00000004  c_w.l(_printf_e.o)
    0x08000390   0x08000390   0x00000006   Code   RO         2679    .ARM.Collect$$_printf_percent$$00000005  c_w.l(_printf_g.o)
    0x08000396   0x08000396   0x00000006   Code   RO         2680    .ARM.Collect$$_printf_percent$$00000006  c_w.l(_printf_a.o)
    0x0800039c   0x0800039c   0x0000000a   Code   RO         2685    .ARM.Collect$$_printf_percent$$00000007  c_w.l(_printf_ll.o)
    0x080003a6   0x080003a6   0x00000006   Code   RO         2674    .ARM.Collect$$_printf_percent$$00000008  c_w.l(_printf_i.o)
    0x080003ac   0x080003ac   0x00000006   Code   RO         2675    .ARM.Collect$$_printf_percent$$00000009  c_w.l(_printf_d.o)
    0x080003b2   0x080003b2   0x00000006   Code   RO         2676    .ARM.Collect$$_printf_percent$$0000000A  c_w.l(_printf_u.o)
    0x080003b8   0x080003b8   0x00000006   Code   RO         2673    .ARM.Collect$$_printf_percent$$0000000B  c_w.l(_printf_o.o)
    0x080003be   0x080003be   0x00000006   Code   RO         2671    .ARM.Collect$$_printf_percent$$0000000C  c_w.l(_printf_x.o)
    0x080003c4   0x080003c4   0x00000006   Code   RO         2682    .ARM.Collect$$_printf_percent$$0000000D  c_w.l(_printf_lli.o)
    0x080003ca   0x080003ca   0x00000006   Code   RO         2683    .ARM.Collect$$_printf_percent$$0000000E  c_w.l(_printf_lld.o)
    0x080003d0   0x080003d0   0x00000006   Code   RO         2684    .ARM.Collect$$_printf_percent$$0000000F  c_w.l(_printf_llu.o)
    0x080003d6   0x080003d6   0x00000006   Code   RO         2689    .ARM.Collect$$_printf_percent$$00000010  c_w.l(_printf_llo.o)
    0x080003dc   0x080003dc   0x00000006   Code   RO         2690    .ARM.Collect$$_printf_percent$$00000011  c_w.l(_printf_llx.o)
    0x080003e2   0x080003e2   0x0000000a   Code   RO         2686    .ARM.Collect$$_printf_percent$$00000012  c_w.l(_printf_l.o)
    0x080003ec   0x080003ec   0x00000006   Code   RO         2668    .ARM.Collect$$_printf_percent$$00000013  c_w.l(_printf_c.o)
    0x080003f2   0x080003f2   0x00000006   Code   RO         2669    .ARM.Collect$$_printf_percent$$00000014  c_w.l(_printf_s.o)
    0x080003f8   0x080003f8   0x00000006   Code   RO         2687    .ARM.Collect$$_printf_percent$$00000015  c_w.l(_printf_lc.o)
    0x080003fe   0x080003fe   0x00000006   Code   RO         2688    .ARM.Collect$$_printf_percent$$00000016  c_w.l(_printf_ls.o)
    0x08000404   0x08000404   0x00000004   Code   RO         2802    .ARM.Collect$$_printf_percent$$00000017  c_w.l(_printf_percent_end.o)
    0x08000408   0x08000408   0x00000002   Code   RO         2868    .ARM.Collect$$libinit$$00000000  c_w.l(libinit.o)
    0x0800040a   0x0800040a   0x00000004   Code   RO         2691    .ARM.Collect$$libinit$$00000001  c_w.l(libinit2.o)
    0x0800040e   0x0800040e   0x00000000   Code   RO         2694    .ARM.Collect$$libinit$$00000004  c_w.l(libinit2.o)
    0x0800040e   0x0800040e   0x00000000   Code   RO         2696    .ARM.Collect$$libinit$$00000006  c_w.l(libinit2.o)
    0x0800040e   0x0800040e   0x00000000   Code   RO         2699    .ARM.Collect$$libinit$$0000000C  c_w.l(libinit2.o)
    0x0800040e   0x0800040e   0x00000000   Code   RO         2701    .ARM.Collect$$libinit$$0000000E  c_w.l(libinit2.o)
    0x0800040e   0x0800040e   0x00000004   Code   RO         2702    .ARM.Collect$$libinit$$0000000F  c_w.l(libinit2.o)
    0x08000412   0x08000412   0x00000000   Code   RO         2703    .ARM.Collect$$libinit$$00000010  c_w.l(libinit2.o)
    0x08000412   0x08000412   0x00000006   Code   RO         2704    .ARM.Collect$$libinit$$00000011  c_w.l(libinit2.o)
    0x08000418   0x08000418   0x00000000   Code   RO         2706    .ARM.Collect$$libinit$$00000013  c_w.l(libinit2.o)
    0x08000418   0x08000418   0x0000000c   Code   RO         2707    .ARM.Collect$$libinit$$00000014  c_w.l(libinit2.o)
    0x08000424   0x08000424   0x00000000   Code   RO         2708    .ARM.Collect$$libinit$$00000015  c_w.l(libinit2.o)
    0x08000424   0x08000424   0x00000000   Code   RO         2710    .ARM.Collect$$libinit$$00000017  c_w.l(libinit2.o)
    0x08000424   0x08000424   0x0000000a   Code   RO         2711    .ARM.Collect$$libinit$$00000018  c_w.l(libinit2.o)
    0x0800042e   0x0800042e   0x00000000   Code   RO         2712    .ARM.Collect$$libinit$$00000019  c_w.l(libinit2.o)
    0x0800042e   0x0800042e   0x00000000   Code   RO         2714    .ARM.Collect$$libinit$$0000001B  c_w.l(libinit2.o)
    0x0800042e   0x0800042e   0x00000000   Code   RO         2716    .ARM.Collect$$libinit$$0000001D  c_w.l(libinit2.o)
    0x0800042e   0x0800042e   0x00000000   Code   RO         2718    .ARM.Collect$$libinit$$0000001F  c_w.l(libinit2.o)
    0x0800042e   0x0800042e   0x00000000   Code   RO         2720    .ARM.Collect$$libinit$$00000021  c_w.l(libinit2.o)
    0x0800042e   0x0800042e   0x00000000   Code   RO         2722    .ARM.Collect$$libinit$$00000023  c_w.l(libinit2.o)
    0x0800042e   0x0800042e   0x00000000   Code   RO         2724    .ARM.Collect$$libinit$$00000025  c_w.l(libinit2.o)
    0x0800042e   0x0800042e   0x00000000   Code   RO         2726    .ARM.Collect$$libinit$$00000027  c_w.l(libinit2.o)
    0x0800042e   0x0800042e   0x00000000   Code   RO         2730    .ARM.Collect$$libinit$$0000002E  c_w.l(libinit2.o)
    0x0800042e   0x0800042e   0x00000000   Code   RO         2732    .ARM.Collect$$libinit$$00000030  c_w.l(libinit2.o)
    0x0800042e   0x0800042e   0x00000000   Code   RO         2734    .ARM.Collect$$libinit$$00000032  c_w.l(libinit2.o)
    0x0800042e   0x0800042e   0x00000000   Code   RO         2736    .ARM.Collect$$libinit$$00000034  c_w.l(libinit2.o)
    0x0800042e   0x0800042e   0x00000002   Code   RO         2737    .ARM.Collect$$libinit$$00000035  c_w.l(libinit2.o)
    0x08000430   0x08000430   0x00000002   Code   RO         2928    .ARM.Collect$$libshutdown$$00000000  c_w.l(libshutdown.o)
    0x08000432   0x08000432   0x00000000   Code   RO         2944    .ARM.Collect$$libshutdown$$00000002  c_w.l(libshutdown2.o)
    0x08000432   0x08000432   0x00000000   Code   RO         2946    .ARM.Collect$$libshutdown$$00000004  c_w.l(libshutdown2.o)
    0x08000432   0x08000432   0x00000000   Code   RO         2949    .ARM.Collect$$libshutdown$$00000007  c_w.l(libshutdown2.o)
    0x08000432   0x08000432   0x00000000   Code   RO         2952    .ARM.Collect$$libshutdown$$0000000A  c_w.l(libshutdown2.o)
    0x08000432   0x08000432   0x00000000   Code   RO         2954    .ARM.Collect$$libshutdown$$0000000C  c_w.l(libshutdown2.o)
    0x08000432   0x08000432   0x00000000   Code   RO         2957    .ARM.Collect$$libshutdown$$0000000F  c_w.l(libshutdown2.o)
    0x08000432   0x08000432   0x00000002   Code   RO         2958    .ARM.Collect$$libshutdown$$00000010  c_w.l(libshutdown2.o)
    0x08000434   0x08000434   0x00000000   Code   RO         2593    .ARM.Collect$$rtentry$$00000000  c_w.l(__rtentry.o)
    0x08000434   0x08000434   0x00000000   Code   RO         2764    .ARM.Collect$$rtentry$$00000002  c_w.l(__rtentry2.o)
    0x08000434   0x08000434   0x00000006   Code   RO         2776    .ARM.Collect$$rtentry$$00000004  c_w.l(__rtentry4.o)
    0x0800043a   0x0800043a   0x00000000   Code   RO         2766    .ARM.Collect$$rtentry$$00000009  c_w.l(__rtentry2.o)
    0x0800043a   0x0800043a   0x00000004   Code   RO         2767    .ARM.Collect$$rtentry$$0000000A  c_w.l(__rtentry2.o)
    0x0800043e   0x0800043e   0x00000000   Code   RO         2769    .ARM.Collect$$rtentry$$0000000C  c_w.l(__rtentry2.o)
    0x0800043e   0x0800043e   0x00000008   Code   RO         2770    .ARM.Collect$$rtentry$$0000000D  c_w.l(__rtentry2.o)
    0x08000446   0x08000446   0x00000002   Code   RO         2877    .ARM.Collect$$rtexit$$00000000  c_w.l(rtexit.o)
    0x08000448   0x08000448   0x00000000   Code   RO         2906    .ARM.Collect$$rtexit$$00000002  c_w.l(rtexit2.o)
    0x08000448   0x08000448   0x00000004   Code   RO         2907    .ARM.Collect$$rtexit$$00000003  c_w.l(rtexit2.o)
    0x0800044c   0x0800044c   0x00000006   Code   RO         2908    .ARM.Collect$$rtexit$$00000004  c_w.l(rtexit2.o)
    0x08000452   0x08000452   0x00000002   PAD
    0x08000454   0x08000454   0x00000034   Code   RO         2554    .emb_text           c_w.l(rand.o)
    0x08000488   0x08000488   0x00000040   Code   RO            4    .text               startup_stm32h750xx.o
    0x080004c8   0x080004c8   0x000000f0   Code   RO         2550    .text               c_w.l(lludivv7m.o)
    0x080005b8   0x080005b8   0x0000003c   Code   RO         2552    .text               c_w.l(vsnprintf.o)
    0x080005f4   0x080005f4   0x0000003c   Code   RO         2555    .text               c_w.l(rand.o)
    0x08000630   0x08000630   0x0000008a   Code   RO         2559    .text               c_w.l(rt_memcpy_v6.o)
    0x080006ba   0x080006ba   0x00000064   Code   RO         2561    .text               c_w.l(rt_memcpy_w.o)
    0x0800071e   0x0800071e   0x00000010   Code   RO         2565    .text               c_w.l(aeabi_memset4.o)
    0x0800072e   0x0800072e   0x0000004e   Code   RO         2569    .text               c_w.l(rt_memclr_w.o)
    0x0800077c   0x0800077c   0x00000006   Code   RO         2571    .text               c_w.l(heapauxi.o)
    0x08000782   0x08000782   0x00000016   Code   RO         2598    .text               c_w.l(_rserrno.o)
    0x08000798   0x08000798   0x0000004e   Code   RO         2602    .text               c_w.l(_printf_pad.o)
    0x080007e6   0x080007e6   0x00000024   Code   RO         2604    .text               c_w.l(_printf_truncate.o)
    0x0800080a   0x0800080a   0x00000052   Code   RO         2606    .text               c_w.l(_printf_str.o)
    0x0800085c   0x0800085c   0x00000078   Code   RO         2608    .text               c_w.l(_printf_dec.o)
    0x080008d4   0x080008d4   0x00000028   Code   RO         2610    .text               c_w.l(_printf_charcount.o)
    0x080008fc   0x080008fc   0x00000030   Code   RO         2612    .text               c_w.l(_printf_char_common.o)
    0x0800092c   0x0800092c   0x00000010   Code   RO         2614    .text               c_w.l(_snputc.o)
    0x0800093c   0x0800093c   0x000000bc   Code   RO         2616    .text               c_w.l(_printf_wctomb.o)
    0x080009f8   0x080009f8   0x0000007c   Code   RO         2619    .text               c_w.l(_printf_longlong_dec.o)
    0x08000a74   0x08000a74   0x00000070   Code   RO         2625    .text               c_w.l(_printf_oct_int_ll.o)
    0x08000ae4   0x08000ae4   0x00000094   Code   RO         2645    .text               c_w.l(_printf_hex_int_ll_ptr.o)
    0x08000b78   0x08000b78   0x00000188   Code   RO         2665    .text               c_w.l(__printf_flags_ss_wp.o)
    0x08000d00   0x08000d00   0x00000008   Code   RO         2783    .text               c_w.l(rt_errno_addr_intlibspace.o)
    0x08000d08   0x08000d08   0x0000008a   Code   RO         2785    .text               c_w.l(lludiv10.o)
    0x08000d92   0x08000d92   0x000000b2   Code   RO         2787    .text               c_w.l(_printf_intcommon.o)
    0x08000e44   0x08000e44   0x0000041c   Code   RO         2789    .text               c_w.l(_printf_fp_dec.o)
    0x08001260   0x08001260   0x000002fc   Code   RO         2793    .text               c_w.l(_printf_fp_hex.o)
    0x0800155c   0x0800155c   0x0000002c   Code   RO         2798    .text               c_w.l(_printf_char.o)
    0x08001588   0x08001588   0x0000002c   Code   RO         2800    .text               c_w.l(_printf_wchar.o)
    0x080015b4   0x080015b4   0x00000048   Code   RO         2803    .text               c_w.l(_c16rtomb.o)
    0x080015fc   0x080015fc   0x00000008   Code   RO         2809    .text               c_w.l(libspace.o)
    0x08001604   0x08001604   0x0000004a   Code   RO         2812    .text               c_w.l(sys_stackheap_outer.o)
    0x0800164e   0x0800164e   0x00000002   PAD
    0x08001650   0x08001650   0x00000010   Code   RO         2814    .text               c_w.l(rt_ctype_table.o)
    0x08001660   0x08001660   0x00000008   Code   RO         2819    .text               c_w.l(rt_locale_intlibspace.o)
    0x08001668   0x08001668   0x00000080   Code   RO         2821    .text               c_w.l(_printf_fp_infnan.o)
    0x080016e8   0x080016e8   0x000000e4   Code   RO         2823    .text               c_w.l(bigflt0.o)
    0x080017cc   0x080017cc   0x00000012   Code   RO         2853    .text               c_w.l(exit.o)
    0x080017de   0x080017de   0x00000002   PAD
    0x080017e0   0x080017e0   0x0000007c   Code   RO         2896    .text               c_w.l(strcmpv7m_pel.o)
    0x0800185c   0x0800185c   0x0000000c   Code   RO         2898    .text               c_w.l(sys_exit.o)
    0x08001868   0x08001868   0x00000002   Code   RO         2902    .text               c_w.l(use_no_semi.o)
    0x0800186a   0x0800186a   0x00000000   Code   RO         2904    .text               c_w.l(indicate_semi.o)
    0x0800186a   0x0800186a   0x00000006   PAD
    0x08001870   0x08001870   0x0000012c   Code   RO         1251    .text.ADC_ConfigureBoostMode  stm32h7xx_hal_adc.o
    0x0800199c   0x0800199c   0x00000004   PAD
    0x080019a0   0x080019a0   0x00000002   Code   RO           64    .text.BusFault_Handler  stm32h7xx_it.o
    0x080019a2   0x080019a2   0x00000006   PAD
    0x080019a8   0x080019a8   0x0000000c   Code   RO           72    .text.DMA1_Stream0_IRQHandler  stm32h7xx_it.o
    0x080019b4   0x080019b4   0x00000004   PAD
    0x080019b8   0x080019b8   0x0000000c   Code   RO           74    .text.DMA1_Stream1_IRQHandler  stm32h7xx_it.o
    0x080019c4   0x080019c4   0x00000004   PAD
    0x080019c8   0x080019c8   0x0000000c   Code   RO           76    .text.DMA1_Stream2_IRQHandler  stm32h7xx_it.o
    0x080019d4   0x080019d4   0x00000004   PAD
    0x080019d8   0x080019d8   0x0000000c   Code   RO           78    .text.DMA1_Stream3_IRQHandler  stm32h7xx_it.o
    0x080019e4   0x080019e4   0x00000004   PAD
    0x080019e8   0x080019e8   0x0000000c   Code   RO           80    .text.DMA1_Stream4_IRQHandler  stm32h7xx_it.o
    0x080019f4   0x080019f4   0x00000004   PAD
    0x080019f8   0x080019f8   0x0000000c   Code   RO           82    .text.DMA1_Stream5_IRQHandler  stm32h7xx_it.o
    0x08001a04   0x08001a04   0x00000004   PAD
    0x08001a08   0x08001a08   0x0000000c   Code   RO           84    .text.DMA1_Stream6_IRQHandler  stm32h7xx_it.o
    0x08001a14   0x08001a14   0x00000004   PAD
    0x08001a18   0x08001a18   0x00000128   Code   RO          653    .text.DMA_CalcBaseAndBitshift  stm32h7xx_hal_dma.o
    0x08001b40   0x08001b40   0x00000308   Code   RO          659    .text.DMA_SetConfig  stm32h7xx_hal_dma.o
    0x08001e48   0x08001e48   0x00000002   Code   RO           68    .text.DebugMon_Handler  stm32h7xx_it.o
    0x08001e4a   0x08001e4a   0x00000006   PAD
    0x08001e50   0x08001e50   0x0000000a   Code   RO           23    .text.Error_Handler  main.o
    0x08001e5a   0x08001e5a   0x00000006   PAD
    0x08001e60   0x08001e60   0x0000004c   Code   RO         1971    .text.GetMidiMsg    midi.o
    0x08001eac   0x08001eac   0x00000004   PAD
    0x08001eb0   0x08001eb0   0x000000b0   Code   RO         1363    .text.HAL_ADCEx_MultiModeConfigChannel  stm32h7xx_hal_adc_ex.o
    0x08001f60   0x08001f60   0x000003c8   Code   RO         1297    .text.HAL_ADC_ConfigChannel  stm32h7xx_hal_adc.o
    0x08002328   0x08002328   0x00000256   Code   RO         1247    .text.HAL_ADC_Init  stm32h7xx_hal_adc.o
    0x0800257e   0x0800257e   0x00000002   PAD
    0x08002580   0x08002580   0x00000118   Code   RO           97    .text.HAL_ADC_MspInit  stm32h7xx_hal_msp.o
    0x08002698   0x08002698   0x000002b6   Code   RO          665    .text.HAL_DMA_Abort_IT  stm32h7xx_hal_dma.o
    0x0800294e   0x0800294e   0x00000002   PAD
    0x08002950   0x08002950   0x00000004   Code   RO          677    .text.HAL_DMA_GetError  stm32h7xx_hal_dma.o
    0x08002954   0x08002954   0x00000004   PAD
    0x08002958   0x08002958   0x00000006   Code   RO          675    .text.HAL_DMA_GetState  stm32h7xx_hal_dma.o
    0x0800295e   0x0800295e   0x00000002   PAD
    0x08002960   0x08002960   0x00000818   Code   RO          669    .text.HAL_DMA_IRQHandler  stm32h7xx_hal_dma.o
    0x08003178   0x08003178   0x0000065e   Code   RO          651    .text.HAL_DMA_Init  stm32h7xx_hal_dma.o
    0x080037d6   0x080037d6   0x00000002   PAD
    0x080037d8   0x080037d8   0x000003aa   Code   RO          661    .text.HAL_DMA_Start_IT  stm32h7xx_hal_dma.o
    0x08003b82   0x08003b82   0x00000006   PAD
    0x08003b88   0x08003b88   0x00000028   Code   RO          961    .text.HAL_Delay     stm32h7xx_hal.o
    0x08003bb0   0x08003bb0   0x000001a6   Code   RO          597    .text.HAL_GPIO_Init  stm32h7xx_hal_gpio.o
    0x08003d56   0x08003d56   0x00000002   PAD
    0x08003d58   0x08003d58   0x0000000a   Code   RO          603    .text.HAL_GPIO_WritePin  stm32h7xx_hal_gpio.o
    0x08003d62   0x08003d62   0x00000006   PAD
    0x08003d68   0x08003d68   0x0000000e   Code   RO          969    .text.HAL_GetREVID  stm32h7xx_hal.o
    0x08003d76   0x08003d76   0x00000002   PAD
    0x08003d78   0x08003d78   0x0000000c   Code   RO          953    .text.HAL_GetTick   stm32h7xx_hal.o
    0x08003d84   0x08003d84   0x00000004   PAD
    0x08003d88   0x08003d88   0x0000004a   Code   RO         1201    .text.HAL_I2CEx_ConfigAnalogFilter  stm32h7xx_hal_i2c_ex.o
    0x08003dd2   0x08003dd2   0x00000006   PAD
    0x08003dd8   0x08003dd8   0x00000048   Code   RO         1203    .text.HAL_I2CEx_ConfigDigitalFilter  stm32h7xx_hal_i2c_ex.o
    0x08003e20   0x08003e20   0x00000002   Code   RO         1171    .text.HAL_I2C_AbortCpltCallback  stm32h7xx_hal_i2c.o
    0x08003e22   0x08003e22   0x00000006   PAD
    0x08003e28   0x08003e28   0x00000002   Code   RO         1161    .text.HAL_I2C_AddrCallback  stm32h7xx_hal_i2c.o
    0x08003e2a   0x08003e2a   0x00000006   PAD
    0x08003e30   0x08003e30   0x00000002   Code   RO         1169    .text.HAL_I2C_ErrorCallback  stm32h7xx_hal_i2c.o
    0x08003e32   0x08003e32   0x00000006   PAD
    0x08003e38   0x08003e38   0x000000b0   Code   RO         1047    .text.HAL_I2C_Init  stm32h7xx_hal_i2c.o
    0x08003ee8   0x08003ee8   0x00000002   Code   RO         1163    .text.HAL_I2C_ListenCpltCallback  stm32h7xx_hal_i2c.o
    0x08003eea   0x08003eea   0x00000006   PAD
    0x08003ef0   0x08003ef0   0x0000003c   Code   RO           13    .text.HAL_I2C_MasterRxCpltCallback  main.o
    0x08003f2c   0x08003f2c   0x00000004   PAD
    0x08003f30   0x08003f30   0x00000002   Code   RO         1153    .text.HAL_I2C_MasterTxCpltCallback  stm32h7xx_hal_i2c.o
    0x08003f32   0x08003f32   0x00000006   PAD
    0x08003f38   0x08003f38   0x00000172   Code   RO         1091    .text.HAL_I2C_Master_Receive_DMA  stm32h7xx_hal_i2c.o
    0x080040aa   0x080040aa   0x00000006   PAD
    0x080040b0   0x080040b0   0x00000002   Code   RO         1167    .text.HAL_I2C_MemRxCpltCallback  stm32h7xx_hal_i2c.o
    0x080040b2   0x080040b2   0x00000006   PAD
    0x080040b8   0x080040b8   0x00000002   Code   RO         1165    .text.HAL_I2C_MemTxCpltCallback  stm32h7xx_hal_i2c.o
    0x080040ba   0x080040ba   0x00000006   PAD
    0x080040c0   0x080040c0   0x000000ca   Code   RO          101    .text.HAL_I2C_MspInit  stm32h7xx_hal_msp.o
    0x0800418a   0x0800418a   0x00000006   PAD
    0x08004190   0x08004190   0x00000002   Code   RO         1159    .text.HAL_I2C_SlaveRxCpltCallback  stm32h7xx_hal_i2c.o
    0x08004192   0x08004192   0x00000006   PAD
    0x08004198   0x08004198   0x00000002   Code   RO         1157    .text.HAL_I2C_SlaveTxCpltCallback  stm32h7xx_hal_i2c.o
    0x0800419a   0x0800419a   0x00000006   PAD
    0x080041a0   0x080041a0   0x000000fa   Code   RO         1423    .text.HAL_I2SEx_TransmitReceive_DMA  stm32h7xx_hal_i2s.o
    0x0800429a   0x0800429a   0x00000006   PAD
    0x080042a0   0x080042a0   0x000000ac   Code   RO         1837    .text.HAL_I2SEx_TxRxCpltCallback  codec.o
    0x0800434c   0x0800434c   0x00000004   PAD
    0x08004350   0x08004350   0x00000094   Code   RO         1835    .text.HAL_I2SEx_TxRxHalfCpltCallback  codec.o
    0x080043e4   0x080043e4   0x00000004   PAD
    0x080043e8   0x080043e8   0x00000002   Code   RO         1437    .text.HAL_I2S_ErrorCallback  stm32h7xx_hal_i2s.o
    0x080043ea   0x080043ea   0x00000006   PAD
    0x080043f0   0x080043f0   0x00000170   Code   RO         1381    .text.HAL_I2S_Init  stm32h7xx_hal_i2s.o
    0x08004560   0x08004560   0x00000382   Code   RO          105    .text.HAL_I2S_MspInit  stm32h7xx_hal_msp.o
    0x080048e2   0x080048e2   0x00000006   PAD
    0x080048e8   0x080048e8   0x0000001a   Code   RO          951    .text.HAL_IncTick   stm32h7xx_hal.o
    0x08004902   0x08004902   0x00000006   PAD
    0x08004908   0x08004908   0x00000064   Code   RO          941    .text.HAL_Init      stm32h7xx_hal.o
    0x0800496c   0x0800496c   0x00000004   PAD
    0x08004970   0x08004970   0x00000050   Code   RO          943    .text.HAL_InitTick  stm32h7xx_hal.o
    0x080049c0   0x080049c0   0x0000005e   Code   RO          911    .text.HAL_MPU_ConfigRegion  stm32h7xx_hal_cortex.o
    0x08004a1e   0x08004a1e   0x00000002   PAD
    0x08004a20   0x08004a20   0x0000001a   Code   RO          903    .text.HAL_MPU_Disable  stm32h7xx_hal_cortex.o
    0x08004a3a   0x08004a3a   0x00000006   PAD
    0x08004a40   0x08004a40   0x00000020   Code   RO          905    .text.HAL_MPU_Enable  stm32h7xx_hal_cortex.o
    0x08004a60   0x08004a60   0x0000002a   Code   RO           95    .text.HAL_MspInit   stm32h7xx_hal_msp.o
    0x08004a8a   0x08004a8a   0x00000006   PAD
    0x08004a90   0x08004a90   0x00000022   Code   RO          893    .text.HAL_NVIC_EnableIRQ  stm32h7xx_hal_cortex.o
    0x08004ab2   0x08004ab2   0x00000006   PAD
    0x08004ab8   0x08004ab8   0x0000005a   Code   RO          891    .text.HAL_NVIC_SetPriority  stm32h7xx_hal_cortex.o
    0x08004b12   0x08004b12   0x00000006   PAD
    0x08004b18   0x08004b18   0x00000020   Code   RO          889    .text.HAL_NVIC_SetPriorityGrouping  stm32h7xx_hal_cortex.o
    0x08004b38   0x08004b38   0x00000026   Code   RO          310    .text.HAL_PCDEx_ActivateLPM  stm32h7xx_hal_pcd_ex.o
    0x08004b5e   0x08004b5e   0x00000002   PAD
    0x08004b60   0x08004b60   0x00000002   Code   RO          322    .text.HAL_PCDEx_LPM_Callback  stm32h7xx_hal_pcd_ex.o
    0x08004b62   0x08004b62   0x00000006   PAD
    0x08004b68   0x08004b68   0x00000008   Code   RO          308    .text.HAL_PCDEx_SetRxFiFo  stm32h7xx_hal_pcd_ex.o
    0x08004b70   0x08004b70   0x000000ce   Code   RO          306    .text.HAL_PCDEx_SetTxFiFo  stm32h7xx_hal_pcd_ex.o
    0x08004c3e   0x08004c3e   0x00000002   PAD
    0x08004c40   0x08004c40   0x00000008   Code   RO          180    .text.HAL_PCD_ConnectCallback  usbd_conf.o
    0x08004c48   0x08004c48   0x00000012   Code   RO          166    .text.HAL_PCD_DataInStageCallback  usbd_conf.o
    0x08004c5a   0x08004c5a   0x00000006   PAD
    0x08004c60   0x08004c60   0x00000014   Code   RO          164    .text.HAL_PCD_DataOutStageCallback  usbd_conf.o
    0x08004c74   0x08004c74   0x00000004   PAD
    0x08004c78   0x08004c78   0x00000008   Code   RO          182    .text.HAL_PCD_DisconnectCallback  usbd_conf.o
    0x08004c80   0x08004c80   0x00000050   Code   RO          276    .text.HAL_PCD_EP_Close  stm32h7xx_hal_pcd.o
    0x08004cd0   0x08004cd0   0x00000058   Code   RO          286    .text.HAL_PCD_EP_ClrStall  stm32h7xx_hal_pcd.o
    0x08004d28   0x08004d28   0x0000007a   Code   RO          274    .text.HAL_PCD_EP_Open  stm32h7xx_hal_pcd.o
    0x08004da2   0x08004da2   0x00000006   PAD
    0x08004da8   0x08004da8   0x00000038   Code   RO          278    .text.HAL_PCD_EP_Receive  stm32h7xx_hal_pcd.o
    0x08004de0   0x08004de0   0x00000070   Code   RO          284    .text.HAL_PCD_EP_SetStall  stm32h7xx_hal_pcd.o
    0x08004e50   0x08004e50   0x0000003c   Code   RO          282    .text.HAL_PCD_EP_Transmit  stm32h7xx_hal_pcd.o
    0x08004e8c   0x08004e8c   0x00000004   PAD
    0x08004e90   0x08004e90   0x0000097e   Code   RO          242    .text.HAL_PCD_IRQHandler  stm32h7xx_hal_pcd.o
    0x0800580e   0x0800580e   0x00000002   PAD
    0x08005810   0x08005810   0x00000008   Code   RO          178    .text.HAL_PCD_ISOINIncompleteCallback  usbd_conf.o
    0x08005818   0x08005818   0x00000008   Code   RO          176    .text.HAL_PCD_ISOOUTIncompleteCallback  usbd_conf.o
    0x08005820   0x08005820   0x0000027a   Code   RO          230    .text.HAL_PCD_Init  stm32h7xx_hal_pcd.o
    0x08005a9a   0x08005a9a   0x00000006   PAD
    0x08005aa0   0x08005aa0   0x00000082   Code   RO          158    .text.HAL_PCD_MspInit  usbd_conf.o
    0x08005b22   0x08005b22   0x00000006   PAD
    0x08005b28   0x08005b28   0x0000002a   Code   RO          170    .text.HAL_PCD_ResetCallback  usbd_conf.o
    0x08005b52   0x08005b52   0x00000006   PAD
    0x08005b58   0x08005b58   0x00000008   Code   RO          174    .text.HAL_PCD_ResumeCallback  usbd_conf.o
    0x08005b60   0x08005b60   0x00000008   Code   RO          168    .text.HAL_PCD_SOFCallback  usbd_conf.o
    0x08005b68   0x08005b68   0x00000028   Code   RO          272    .text.HAL_PCD_SetAddress  stm32h7xx_hal_pcd.o
    0x08005b90   0x08005b90   0x0000000e   Code   RO          162    .text.HAL_PCD_SetupStageCallback  usbd_conf.o
    0x08005b9e   0x08005b9e   0x00000002   PAD
    0x08005ba0   0x08005ba0   0x0000003e   Code   RO          238    .text.HAL_PCD_Start  stm32h7xx_hal_pcd.o
    0x08005bde   0x08005bde   0x00000002   PAD
    0x08005be0   0x08005be0   0x00000034   Code   RO          172    .text.HAL_PCD_SuspendCallback  usbd_conf.o
    0x08005c14   0x08005c14   0x00000004   PAD
    0x08005c18   0x08005c18   0x0000004c   Code   RO          801    .text.HAL_PWREx_ConfigSupply  stm32h7xx_hal_pwr_ex.o
    0x08005c64   0x08005c64   0x00000004   PAD
    0x08005c68   0x08005c68   0x00000012   Code   RO          855    .text.HAL_PWREx_EnableUSBVoltageDetector  stm32h7xx_hal_pwr_ex.o
    0x08005c7a   0x08005c7a   0x00000006   PAD
    0x08005c80   0x08005c80   0x00000026   Code   RO          488    .text.HAL_RCCEx_GetD3PCLK1Freq  stm32h7xx_hal_rcc_ex.o
    0x08005ca6   0x08005ca6   0x00000002   PAD
    0x08005ca8   0x08005ca8   0x00000134   Code   RO          482    .text.HAL_RCCEx_GetPLL1ClockFreq  stm32h7xx_hal_rcc_ex.o
    0x08005ddc   0x08005ddc   0x00000004   PAD
    0x08005de0   0x08005de0   0x0000012c   Code   RO          484    .text.HAL_RCCEx_GetPLL2ClockFreq  stm32h7xx_hal_rcc_ex.o
    0x08005f0c   0x08005f0c   0x00000004   PAD
    0x08005f10   0x08005f10   0x0000012c   Code   RO          486    .text.HAL_RCCEx_GetPLL3ClockFreq  stm32h7xx_hal_rcc_ex.o
    0x0800603c   0x0800603c   0x00000004   PAD
    0x08006040   0x08006040   0x000003fe   Code   RO          480    .text.HAL_RCCEx_GetPeriphCLKFreq  stm32h7xx_hal_rcc_ex.o
    0x0800643e   0x0800643e   0x00000002   PAD
    0x08006440   0x08006440   0x00000b0c   Code   RO          472    .text.HAL_RCCEx_PeriphCLKConfig  stm32h7xx_hal_rcc_ex.o
    0x08006f4c   0x08006f4c   0x00000004   PAD
    0x08006f50   0x08006f50   0x00000254   Code   RO          440    .text.HAL_RCC_ClockConfig  stm32h7xx_hal_rcc.o
    0x080071a4   0x080071a4   0x00000004   PAD
    0x080071a8   0x080071a8   0x0000004c   Code   RO          450    .text.HAL_RCC_GetHCLKFreq  stm32h7xx_hal_rcc.o
    0x080071f4   0x080071f4   0x00000004   PAD
    0x080071f8   0x080071f8   0x00000060   Code   RO          452    .text.HAL_RCC_GetPCLK1Freq  stm32h7xx_hal_rcc.o
    0x08007258   0x08007258   0x00000060   Code   RO          454    .text.HAL_RCC_GetPCLK2Freq  stm32h7xx_hal_rcc.o
    0x080072b8   0x080072b8   0x00000118   Code   RO          442    .text.HAL_RCC_GetSysClockFreq  stm32h7xx_hal_rcc.o
    0x080073d0   0x080073d0   0x0000056c   Code   RO          438    .text.HAL_RCC_OscConfig  stm32h7xx_hal_rcc.o
    0x0800793c   0x0800793c   0x00000004   PAD
    0x08007940   0x08007940   0x00000014   Code   RO          991    .text.HAL_SYSCFG_AnalogSwitchConfig  stm32h7xx_hal.o
    0x08007954   0x08007954   0x00000004   PAD
    0x08007958   0x08007958   0x0000002e   Code   RO          901    .text.HAL_SYSTICK_Config  stm32h7xx_hal_cortex.o
    0x08007986   0x08007986   0x00000002   PAD
    0x08007988   0x08007988   0x00000036   Code   RO         1629    .text.HAL_UARTEx_DisableFifoMode  stm32h7xx_hal_uart_ex.o
    0x080079be   0x080079be   0x00000002   PAD
    0x080079c0   0x080079c0   0x0000008c   Code   RO         1633    .text.HAL_UARTEx_SetRxFifoThreshold  stm32h7xx_hal_uart_ex.o
    0x08007a4c   0x08007a4c   0x00000004   PAD
    0x08007a50   0x08007a50   0x0000008c   Code   RO         1631    .text.HAL_UARTEx_SetTxFifoThreshold  stm32h7xx_hal_uart_ex.o
    0x08007adc   0x08007adc   0x00000004   PAD
    0x08007ae0   0x08007ae0   0x00000064   Code   RO         1466    .text.HAL_UART_Init  stm32h7xx_hal_uart.o
    0x08007b44   0x08007b44   0x00000004   PAD
    0x08007b48   0x08007b48   0x00000072   Code   RO          109    .text.HAL_UART_MspInit  stm32h7xx_hal_msp.o
    0x08007bba   0x08007bba   0x00000006   PAD
    0x08007bc0   0x08007bc0   0x000001aa   Code   RO         1486    .text.HAL_UART_Transmit  stm32h7xx_hal_uart.o
    0x08007d6a   0x08007d6a   0x00000006   PAD
    0x08007d70   0x08007d70   0x00000002   Code   RO           60    .text.HardFault_Handler  stm32h7xx_it.o
    0x08007d72   0x08007d72   0x00000006   PAD
    0x08007d78   0x08007d78   0x00000014   Code   RO         1969    .text.HasMidiMsg    midi.o
    0x08007d8c   0x08007d8c   0x00000004   PAD
    0x08007d90   0x08007d90   0x0000003c   Code   RO         1133    .text.I2C_DMAAbort  stm32h7xx_hal_i2c.o
    0x08007dcc   0x08007dcc   0x00000004   PAD
    0x08007dd0   0x08007dd0   0x0000004e   Code   RO         1089    .text.I2C_DMAError  stm32h7xx_hal_i2c.o
    0x08007e1e   0x08007e1e   0x00000002   PAD
    0x08007e20   0x08007e20   0x000000b0   Code   RO         1093    .text.I2C_DMAMasterReceiveCplt  stm32h7xx_hal_i2c.o
    0x08007ed0   0x08007ed0   0x000000a2   Code   RO         1189    .text.I2C_ITAddrCplt  stm32h7xx_hal_i2c.o
    0x08007f72   0x08007f72   0x00000006   PAD
    0x08007f78   0x08007f78   0x00000196   Code   RO         1151    .text.I2C_ITError   stm32h7xx_hal_i2c.o
    0x0800810e   0x0800810e   0x00000002   PAD
    0x08008110   0x08008110   0x00000062   Code   RO         1185    .text.I2C_ITListenCplt  stm32h7xx_hal_i2c.o
    0x08008172   0x08008172   0x00000006   PAD
    0x08008178   0x08008178   0x0000015a   Code   RO         1181    .text.I2C_ITMasterCplt  stm32h7xx_hal_i2c.o
    0x080082d2   0x080082d2   0x00000006   PAD
    0x080082d8   0x080082d8   0x00000070   Code   RO         1179    .text.I2C_ITMasterSeqCplt  stm32h7xx_hal_i2c.o
    0x08008348   0x08008348   0x000003b6   Code   RO         1183    .text.I2C_ITSlaveCplt  stm32h7xx_hal_i2c.o
    0x080086fe   0x080086fe   0x00000002   PAD
    0x08008700   0x08008700   0x00000094   Code   RO         1187    .text.I2C_ITSlaveSeqCplt  stm32h7xx_hal_i2c.o
    0x08008794   0x08008794   0x00000004   PAD
    0x08008798   0x08008798   0x000001ec   Code   RO         1085    .text.I2C_Master_ISR_DMA  stm32h7xx_hal_i2c.o
    0x08008984   0x08008984   0x00000004   PAD
    0x08008988   0x08008988   0x00000190   Code   RO         1073    .text.I2C_Master_ISR_IT  stm32h7xx_hal_i2c.o
    0x08008b18   0x08008b18   0x00000204   Code   RO         1117    .text.I2C_Mem_ISR_DMA  stm32h7xx_hal_i2c.o
    0x08008d1c   0x08008d1c   0x00000004   PAD
    0x08008d20   0x08008d20   0x00000114   Code   RO         1097    .text.I2C_Slave_ISR_DMA  stm32h7xx_hal_i2c.o
    0x08008e34   0x08008e34   0x00000004   PAD
    0x08008e38   0x08008e38   0x0000021a   Code   RO         1079    .text.I2C_Slave_ISR_IT  stm32h7xx_hal_i2c.o
    0x08009052   0x08009052   0x00000006   PAD
    0x08009058   0x08009058   0x0000002e   Code   RO         1427    .text.I2SEx_DMATxRxCplt  stm32h7xx_hal_i2s.o
    0x08009086   0x08009086   0x00000002   PAD
    0x08009088   0x08009088   0x00000006   Code   RO         1425    .text.I2SEx_DMATxRxHalfCplt  stm32h7xx_hal_i2s.o
    0x0800908e   0x0800908e   0x00000002   PAD
    0x08009090   0x08009090   0x00000024   Code   RO         1415    .text.I2S_DMAError  stm32h7xx_hal_i2s.o
    0x080090b4   0x080090b4   0x00000004   PAD
    0x080090b8   0x080090b8   0x00000420   Code   RO         1902    .text.LPC_FilterPredictStereo  lpc.o
    0x080094d8   0x080094d8   0x000005d8   Code   RO         1896    .text.LPC_ProcDurbin  lpc.o
    0x08009ab0   0x08009ab0   0x00000086   Code   RO          121    .text.MX_USB_DEVICE_Init  usb_device.o
    0x08009b36   0x08009b36   0x00000002   PAD
    0x08009b38   0x08009b38   0x00000002   Code   RO           62    .text.MemManage_Handler  stm32h7xx_it.o
    0x08009b3a   0x08009b3a   0x00000006   PAD
    0x08009b40   0x08009b40   0x00000002   Code   RO           58    .text.NMI_Handler   stm32h7xx_it.o
    0x08009b42   0x08009b42   0x00000006   PAD
    0x08009b48   0x08009b48   0x0000000c   Code   RO           86    .text.OTG_FS_IRQHandler  stm32h7xx_it.o
    0x08009b54   0x08009b54   0x00000004   PAD
    0x08009b58   0x08009b58   0x00000060   Code   RO         2533    .text.PendSV_Handler  port.o
    0x08009bb8   0x08009bb8   0x00000122   Code   RO          474    .text.RCCEx_PLL2_Config  stm32h7xx_hal_rcc_ex.o
    0x08009cda   0x08009cda   0x00000006   PAD
    0x08009ce0   0x08009ce0   0x00000122   Code   RO          476    .text.RCCEx_PLL3_Config  stm32h7xx_hal_rcc_ex.o
    0x08009e02   0x08009e02   0x00000006   PAD
    0x08009e08   0x08009e08   0x000001cc   Code   RO         1952    .text.ResetSynth    synth_1.o
    0x08009fd4   0x08009fd4   0x00000004   PAD
    0x08009fd8   0x08009fd8   0x00000020   Code   RO         2517    .text.SVC_Handler   port.o
    0x08009ff8   0x08009ff8   0x0000000c   Code   RO           21    .text.StartDefaultTask  main.o
    0x0800a004   0x0800a004   0x00000004   PAD
    0x0800a008   0x0800a008   0x000008a4   Code   RO         1954    .text.SynthProcMidi  synth_1.o
    0x0800a8ac   0x0800a8ac   0x00000004   PAD
    0x0800a8b0   0x0800a8b0   0x000006fc   Code   RO         1956    .text.SynthProcessBlock  synth_1.o
    0x0800afac   0x0800afac   0x00000004   PAD
    0x0800afb0   0x0800afb0   0x00000018   Code   RO           70    .text.SysTick_Handler  stm32h7xx_it.o
    0x0800afc8   0x0800afc8   0x0000013c   Code   RO           17    .text.SystemClock_Config  main.o
    0x0800b104   0x0800b104   0x00000004   PAD
    0x0800b108   0x0800b108   0x000000cc   Code   RO         1652    .text.SystemInit    system_stm32h7xx.o
    0x0800b1d4   0x0800b1d4   0x00000004   PAD
    0x0800b1d8   0x0800b1d8   0x000000e0   Code   RO         1470    .text.UART_AdvFeatureConfig  stm32h7xx_hal_uart.o
    0x0800b2b8   0x0800b2b8   0x0000016e   Code   RO         1474    .text.UART_CheckIdleState  stm32h7xx_hal_uart.o
    0x0800b426   0x0800b426   0x00000002   PAD
    0x0800b428   0x0800b428   0x00000488   Code   RO         1472    .text.UART_SetConfig  stm32h7xx_hal_uart.o
    0x0800b8b0   0x0800b8b0   0x00000358   Code   RO         1488    .text.UART_WaitOnFlagUntilTimeout  stm32h7xx_hal_uart.o
    0x0800bc08   0x0800bc08   0x00000012   Code   RO         1716    .text.USBD_ClrClassConfig  usbd_core.o
    0x0800bc1a   0x0800bc1a   0x00000006   PAD
    0x0800bc20   0x0800bc20   0x00000004   Code   RO         1724    .text.USBD_CoreFindEP  usbd_core.o
    0x0800bc24   0x0800bc24   0x00000004   PAD
    0x0800bc28   0x0800bc28   0x00000004   Code   RO         1722    .text.USBD_CoreFindIF  usbd_core.o
    0x0800bc2c   0x0800bc2c   0x00000004   PAD
    0x0800bc30   0x0800bc30   0x00000010   Code   RO         1785    .text.USBD_CtlContinueRx  usbd_ioreq.o
    0x0800bc40   0x0800bc40   0x00000010   Code   RO         1781    .text.USBD_CtlContinueSendData  usbd_ioreq.o
    0x0800bc50   0x0800bc50   0x00000016   Code   RO         1760    .text.USBD_CtlError  usbd_ctlreq.o
    0x0800bc66   0x0800bc66   0x00000002   PAD
    0x0800bc68   0x0800bc68   0x00000016   Code   RO         1789    .text.USBD_CtlReceiveStatus  usbd_ioreq.o
    0x0800bc7e   0x0800bc7e   0x00000002   PAD
    0x0800bc80   0x0800bc80   0x0000001a   Code   RO         1779    .text.USBD_CtlSendData  usbd_ioreq.o
    0x0800bc9a   0x0800bc9a   0x00000006   PAD
    0x0800bca0   0x0800bca0   0x00000016   Code   RO         1787    .text.USBD_CtlSendStatus  usbd_ioreq.o
    0x0800bcb6   0x0800bcb6   0x00000002   PAD
    0x0800bcb8   0x0800bcb8   0x00000024   Code   RO          140    .text.USBD_FS_ConfigStrDescriptor  usbd_desc.o
    0x0800bcdc   0x0800bcdc   0x00000004   PAD
    0x0800bce0   0x0800bce0   0x0000000e   Code   RO          130    .text.USBD_FS_DeviceDescriptor  usbd_desc.o
    0x0800bcee   0x0800bcee   0x00000002   PAD
    0x0800bcf0   0x0800bcf0   0x00000028   Code   RO          142    .text.USBD_FS_InterfaceStrDescriptor  usbd_desc.o
    0x0800bd18   0x0800bd18   0x0000000e   Code   RO          132    .text.USBD_FS_LangIDStrDescriptor  usbd_desc.o
    0x0800bd26   0x0800bd26   0x00000002   PAD
    0x0800bd28   0x0800bd28   0x0000002c   Code   RO          134    .text.USBD_FS_ManufacturerStrDescriptor  usbd_desc.o
    0x0800bd54   0x0800bd54   0x00000004   PAD
    0x0800bd58   0x0800bd58   0x00000020   Code   RO          136    .text.USBD_FS_ProductStrDescriptor  usbd_desc.o
    0x0800bd78   0x0800bd78   0x0000016c   Code   RO          138    .text.USBD_FS_SerialStrDescriptor  usbd_desc.o
    0x0800bee4   0x0800bee4   0x00000004   PAD
    0x0800bee8   0x0800bee8   0x00000084   Code   RO         1746    .text.USBD_GetEpDesc  usbd_core.o
    0x0800bf6c   0x0800bf6c   0x00000004   PAD
    0x0800bf70   0x0800bf70   0x00000100   Code   RO         1768    .text.USBD_GetString  usbd_ctlreq.o
    0x0800c070   0x0800c070   0x00000014   Code   RO         1807    .text.USBD_HID_DataIn  usbd_hid.o
    0x0800c084   0x0800c084   0x00000004   PAD
    0x0800c088   0x0800c088   0x0000002c   Code   RO         1803    .text.USBD_HID_DeInit  usbd_hid.o
    0x0800c0b4   0x0800c0b4   0x00000004   PAD
    0x0800c0b8   0x0800c0b8   0x00000010   Code   RO         1815    .text.USBD_HID_GetDeviceQualifierDesc  usbd_hid.o
    0x0800c0c8   0x0800c0c8   0x00000028   Code   RO         1811    .text.USBD_HID_GetFSCfgDesc  usbd_hid.o
    0x0800c0f0   0x0800c0f0   0x00000028   Code   RO         1809    .text.USBD_HID_GetHSCfgDesc  usbd_hid.o
    0x0800c118   0x0800c118   0x00000028   Code   RO         1813    .text.USBD_HID_GetOtherSpeedCfgDesc  usbd_hid.o
    0x0800c140   0x0800c140   0x0000004e   Code   RO         1801    .text.USBD_HID_Init  usbd_hid.o
    0x0800c18e   0x0800c18e   0x00000002   PAD
    0x0800c190   0x0800c190   0x00000110   Code   RO         1805    .text.USBD_HID_Setup  usbd_hid.o
    0x0800c2a0   0x0800c2a0   0x00000028   Code   RO         1702    .text.USBD_Init     usbd_core.o
    0x0800c2c8   0x0800c2c8   0x00000022   Code   RO          202    .text.USBD_LL_ClearStallEP  usbd_conf.o
    0x0800c2ea   0x0800c2ea   0x00000006   PAD
    0x0800c2f0   0x0800c2f0   0x00000022   Code   RO          196    .text.USBD_LL_CloseEP  usbd_conf.o
    0x0800c312   0x0800c312   0x00000006   PAD
    0x0800c318   0x0800c318   0x000000b4   Code   RO         1726    .text.USBD_LL_DataInStage  usbd_core.o
    0x0800c3cc   0x0800c3cc   0x00000004   PAD
    0x0800c3d0   0x0800c3d0   0x00000070   Code   RO         1720    .text.USBD_LL_DataOutStage  usbd_core.o
    0x0800c440   0x0800c440   0x00000004   Code   RO         1742    .text.USBD_LL_DevConnected  usbd_core.o
    0x0800c444   0x0800c444   0x00000004   PAD
    0x0800c448   0x0800c448   0x00000020   Code   RO         1744    .text.USBD_LL_DevDisconnected  usbd_core.o
    0x0800c468   0x0800c468   0x00000070   Code   RO          184    .text.USBD_LL_Init  usbd_conf.o
    0x0800c4d8   0x0800c4d8   0x0000002a   Code   RO          204    .text.USBD_LL_IsStallEP  usbd_conf.o
    0x0800c502   0x0800c502   0x00000006   PAD
    0x0800c508   0x0800c508   0x0000002c   Code   RO         1738    .text.USBD_LL_IsoINIncomplete  usbd_core.o
    0x0800c534   0x0800c534   0x00000004   PAD
    0x0800c538   0x0800c538   0x0000002c   Code   RO         1740    .text.USBD_LL_IsoOUTIncomplete  usbd_core.o
    0x0800c564   0x0800c564   0x00000004   PAD
    0x0800c568   0x0800c568   0x00000028   Code   RO          194    .text.USBD_LL_OpenEP  usbd_conf.o
    0x0800c590   0x0800c590   0x00000022   Code   RO          210    .text.USBD_LL_PrepareReceive  usbd_conf.o
    0x0800c5b2   0x0800c5b2   0x00000006   PAD
    0x0800c5b8   0x0800c5b8   0x00000060   Code   RO         1728    .text.USBD_LL_Reset  usbd_core.o
    0x0800c618   0x0800c618   0x00000014   Code   RO         1734    .text.USBD_LL_Resume  usbd_core.o
    0x0800c62c   0x0800c62c   0x00000004   PAD
    0x0800c630   0x0800c630   0x0000001e   Code   RO         1736    .text.USBD_LL_SOF   usbd_core.o
    0x0800c64e   0x0800c64e   0x00000002   PAD
    0x0800c650   0x0800c650   0x00000008   Code   RO         1730    .text.USBD_LL_SetSpeed  usbd_core.o
    0x0800c658   0x0800c658   0x00000022   Code   RO          206    .text.USBD_LL_SetUSBAddress  usbd_conf.o
    0x0800c67a   0x0800c67a   0x00000006   PAD
    0x0800c680   0x0800c680   0x00000062   Code   RO         1718    .text.USBD_LL_SetupStage  usbd_core.o
    0x0800c6e2   0x0800c6e2   0x00000006   PAD
    0x0800c6e8   0x0800c6e8   0x00000022   Code   RO          200    .text.USBD_LL_StallEP  usbd_conf.o
    0x0800c70a   0x0800c70a   0x00000006   PAD
    0x0800c710   0x0800c710   0x00000022   Code   RO          190    .text.USBD_LL_Start  usbd_conf.o
    0x0800c732   0x0800c732   0x00000006   PAD
    0x0800c738   0x0800c738   0x0000001c   Code   RO         1732    .text.USBD_LL_Suspend  usbd_core.o
    0x0800c754   0x0800c754   0x00000004   PAD
    0x0800c758   0x0800c758   0x00000022   Code   RO          208    .text.USBD_LL_Transmit  usbd_conf.o
    0x0800c77a   0x0800c77a   0x00000006   PAD
    0x0800c780   0x0800c780   0x0000000c   Code   RO         1672    .text.USBD_MIDI_DataIn  usbd_midi.o
    0x0800c78c   0x0800c78c   0x00000004   PAD
    0x0800c790   0x0800c790   0x0000011c   Code   RO         1967    .text.USBD_MIDI_DataInHandler  midi.o
    0x0800c8ac   0x0800c8ac   0x00000004   PAD
    0x0800c8b0   0x0800c8b0   0x00000034   Code   RO         1674    .text.USBD_MIDI_DataOut  usbd_midi.o
    0x0800c8e4   0x0800c8e4   0x00000004   PAD
    0x0800c8e8   0x0800c8e8   0x0000001e   Code   RO         1668    .text.USBD_MIDI_DeInit  usbd_midi.o
    0x0800c906   0x0800c906   0x00000002   PAD
    0x0800c908   0x0800c908   0x00000010   Code   RO         1676    .text.USBD_MIDI_GetCfgDesc  usbd_midi.o
    0x0800c918   0x0800c918   0x00000010   Code   RO         1678    .text.USBD_MIDI_GetDeviceQualifierDesc  usbd_midi.o
    0x0800c928   0x0800c928   0x00000044   Code   RO         1666    .text.USBD_MIDI_Init  usbd_midi.o
    0x0800c96c   0x0800c96c   0x00000004   PAD
    0x0800c970   0x0800c970   0x000000c4   Code   RO         1670    .text.USBD_MIDI_Setup  usbd_midi.o
    0x0800ca34   0x0800ca34   0x00000004   PAD
    0x0800ca38   0x0800ca38   0x00000016   Code   RO         1766    .text.USBD_ParseSetupRequest  usbd_ctlreq.o
    0x0800ca4e   0x0800ca4e   0x00000002   PAD
    0x0800ca50   0x0800ca50   0x00000046   Code   RO         1706    .text.USBD_RegisterClass  usbd_core.o
    0x0800ca96   0x0800ca96   0x00000002   PAD
    0x0800ca98   0x0800ca98   0x00000010   Code   RO         1714    .text.USBD_SetClassConfig  usbd_core.o
    0x0800caa8   0x0800caa8   0x00000004   Code   RO         1708    .text.USBD_Start    usbd_core.o
    0x0800caac   0x0800caac   0x00000004   PAD
    0x0800cab0   0x0800cab0   0x0000038e   Code   RO         1758    .text.USBD_StdDevReq  usbd_ctlreq.o
    0x0800ce3e   0x0800ce3e   0x00000002   PAD
    0x0800ce40   0x0800ce40   0x0000016a   Code   RO         1764    .text.USBD_StdEPReq  usbd_ctlreq.o
    0x0800cfaa   0x0800cfaa   0x00000006   PAD
    0x0800cfb0   0x0800cfb0   0x00000078   Code   RO         1762    .text.USBD_StdItfReq  usbd_ctlreq.o
    0x0800d028   0x0800d028   0x00000002   Code   RO          216    .text.USBD_static_free  usbd_conf.o
    0x0800d02a   0x0800d02a   0x00000006   PAD
    0x0800d030   0x0800d030   0x0000000a   Code   RO          214    .text.USBD_static_malloc  usbd_conf.o
    0x0800d03a   0x0800d03a   0x00000006   PAD
    0x0800d040   0x0800d040   0x00000086   Code   RO          354    .text.USB_ActivateEndpoint  stm32h7xx_ll_usb.o
    0x0800d0c6   0x0800d0c6   0x00000002   PAD
    0x0800d0c8   0x0800d0c8   0x00000020   Code   RO          396    .text.USB_ActivateSetup  stm32h7xx_ll_usb.o
    0x0800d0e8   0x0800d0e8   0x0000022e   Code   RO          332    .text.USB_CoreInit  stm32h7xx_ll_usb.o
    0x0800d316   0x0800d316   0x00000002   PAD
    0x0800d318   0x0800d318   0x0000007c   Code   RO          358    .text.USB_DeactivateEndpoint  stm32h7xx_ll_usb.o
    0x0800d394   0x0800d394   0x00000004   PAD
    0x0800d398   0x0800d398   0x0000001e   Code   RO          378    .text.USB_DevConnect  stm32h7xx_ll_usb.o
    0x0800d3b6   0x0800d3b6   0x00000002   PAD
    0x0800d3b8   0x0800d3b8   0x0000001e   Code   RO          380    .text.USB_DevDisconnect  stm32h7xx_ll_usb.o
    0x0800d3d6   0x0800d3d6   0x00000002   PAD
    0x0800d3d8   0x0800d3d8   0x000004ac   Code   RO          344    .text.USB_DevInit   stm32h7xx_ll_usb.o
    0x0800d884   0x0800d884   0x00000004   PAD
    0x0800d888   0x0800d888   0x0000000e   Code   RO          338    .text.USB_DisableGlobalInt  stm32h7xx_ll_usb.o
    0x0800d896   0x0800d896   0x00000002   PAD
    0x0800d898   0x0800d898   0x0000005a   Code   RO          398    .text.USB_EP0_OutStart  stm32h7xx_ll_usb.o
    0x0800d8f2   0x0800d8f2   0x00000006   PAD
    0x0800d8f8   0x0800d8f8   0x00000052   Code   RO          372    .text.USB_EPClearStall  stm32h7xx_ll_usb.o
    0x0800d94a   0x0800d94a   0x00000006   PAD
    0x0800d950   0x0800d950   0x00000040   Code   RO          370    .text.USB_EPSetStall  stm32h7xx_ll_usb.o
    0x0800d990   0x0800d990   0x0000021a   Code   RO          362    .text.USB_EPStartXfer  stm32h7xx_ll_usb.o
    0x0800dbaa   0x0800dbaa   0x00000006   PAD
    0x0800dbb0   0x0800dbb0   0x0000010e   Code   RO          366    .text.USB_EPStopXfer  stm32h7xx_ll_usb.o
    0x0800dcbe   0x0800dcbe   0x00000002   PAD
    0x0800dcc0   0x0800dcc0   0x0000000e   Code   RO          336    .text.USB_EnableGlobalInt  stm32h7xx_ll_usb.o
    0x0800dcce   0x0800dcce   0x00000002   PAD
    0x0800dcd0   0x0800dcd0   0x000000be   Code   RO          348    .text.USB_FlushTxFifo  stm32h7xx_ll_usb.o
    0x0800dd8e   0x0800dd8e   0x00000002   PAD
    0x0800dd90   0x0800dd90   0x0000001a   Code   RO          352    .text.USB_GetDevSpeed  stm32h7xx_ll_usb.o
    0x0800ddaa   0x0800ddaa   0x00000006   PAD
    0x0800ddb0   0x0800ddb0   0x00000008   Code   RO          342    .text.USB_GetMode   stm32h7xx_ll_usb.o
    0x0800ddb8   0x0800ddb8   0x0000000e   Code   RO          388    .text.USB_ReadDevAllInEpInterrupt  stm32h7xx_ll_usb.o
    0x0800ddc6   0x0800ddc6   0x00000002   PAD
    0x0800ddc8   0x0800ddc8   0x0000000e   Code   RO          386    .text.USB_ReadDevAllOutEpInterrupt  stm32h7xx_ll_usb.o
    0x0800ddd6   0x0800ddd6   0x00000002   PAD
    0x0800ddd8   0x0800ddd8   0x00000024   Code   RO          392    .text.USB_ReadDevInEPInterrupt  stm32h7xx_ll_usb.o
    0x0800ddfc   0x0800ddfc   0x00000004   PAD
    0x0800de00   0x0800de00   0x00000010   Code   RO          390    .text.USB_ReadDevOutEPInterrupt  stm32h7xx_ll_usb.o
    0x0800de10   0x0800de10   0x00000008   Code   RO          382    .text.USB_ReadInterrupts  stm32h7xx_ll_usb.o
    0x0800de18   0x0800de18   0x000000ae   Code   RO          368    .text.USB_ReadPacket  stm32h7xx_ll_usb.o
    0x0800dec6   0x0800dec6   0x00000002   PAD
    0x0800dec8   0x0800dec8   0x00000368   Code   RO          340    .text.USB_SetCurrentMode  stm32h7xx_ll_usb.o
    0x0800e230   0x0800e230   0x00000022   Code   RO          376    .text.USB_SetDevAddress  stm32h7xx_ll_usb.o
    0x0800e252   0x0800e252   0x00000006   PAD
    0x0800e258   0x0800e258   0x00000118   Code   RO          334    .text.USB_SetTurnaroundTime  stm32h7xx_ll_usb.o
    0x0800e370   0x0800e370   0x00000078   Code   RO          364    .text.USB_WritePacket  stm32h7xx_ll_usb.o
    0x0800e3e8   0x0800e3e8   0x00000d2c   Code   RO         1924    .text.UnisonOscProcSample  synth_1.o
    0x0800f114   0x0800f114   0x00000004   PAD
    0x0800f118   0x0800f118   0x00000002   Code   RO           66    .text.UsageFault_Handler  stm32h7xx_it.o
    0x0800f11a   0x0800f11a   0x00000006   PAD
    0x0800f120   0x0800f120   0x00000006   Code   RO         1853    .text.codecGetNumSamples  codec.o
    0x0800f126   0x0800f126   0x00000002   PAD
    0x0800f128   0x0800f128   0x0000000c   Code   RO         1847    .text.codecGetRx1Ptr  codec.o
    0x0800f134   0x0800f134   0x00000004   PAD
    0x0800f138   0x0800f138   0x0000000c   Code   RO         1849    .text.codecGetRx2Ptr  codec.o
    0x0800f144   0x0800f144   0x00000004   PAD
    0x0800f148   0x0800f148   0x0000000c   Code   RO         1851    .text.codecGetRx3Ptr  codec.o
    0x0800f154   0x0800f154   0x00000004   PAD
    0x0800f158   0x0800f158   0x0000000c   Code   RO         1841    .text.codecGetTx1Ptr  codec.o
    0x0800f164   0x0800f164   0x00000004   PAD
    0x0800f168   0x0800f168   0x0000000c   Code   RO         1843    .text.codecGetTx2Ptr  codec.o
    0x0800f174   0x0800f174   0x00000004   PAD
    0x0800f178   0x0800f178   0x0000000c   Code   RO         1845    .text.codecGetTx3Ptr  codec.o
    0x0800f184   0x0800f184   0x00000004   PAD
    0x0800f188   0x0800f188   0x00000060   Code   RO         1833    .text.codecInit     codec.o
    0x0800f1e8   0x0800f1e8   0x0000005c   Code   RO         1839    .text.codecWaitForAllBufferPrepare  codec.o
    0x0800f244   0x0800f244   0x00000004   PAD
    0x0800f248   0x0800f248   0x00000628   Code   RO           15    .text.main          main.o
    0x0800f870   0x0800f870   0x00000020   Code   RO         2388    .text.osDelay       cmsis_os2.o
    0x0800f890   0x0800f890   0x0000002a   Code   RO         2330    .text.osKernelInitialize  cmsis_os2.o
    0x0800f8ba   0x0800f8ba   0x00000006   PAD
    0x0800f8c0   0x0800f8c0   0x0000003e   Code   RO         2336    .text.osKernelStart  cmsis_os2.o
    0x0800f8fe   0x0800f8fe   0x00000002   PAD
    0x0800f900   0x0800f900   0x00000094   Code   RO         2352    .text.osThreadNew   cmsis_os2.o
    0x0800f994   0x0800f994   0x00000004   PAD
    0x0800f998   0x0800f998   0x0000028c   Code   RO         2165    .text.prvAddNewTaskToReadyList  tasks.o
    0x0800fc24   0x0800fc24   0x00000004   PAD
    0x0800fc28   0x0800fc28   0x00000086   Code   RO         2197    .text.prvIdleTask   tasks.o
    0x0800fcae   0x0800fcae   0x00000002   PAD
    0x0800fcb0   0x0800fcb0   0x00000102   Code   RO         2163    .text.prvInitialiseNewTask  tasks.o
    0x0800fdb2   0x0800fdb2   0x00000006   PAD
    0x0800fdb8   0x0800fdb8   0x00000028   Code   RO         2525    .text.prvPortStartFirstTask  port.o
    0x0800fde0   0x0800fde0   0x00000040   Code   RO         2515    .text.prvTaskExitError  port.o
    0x0800fe20   0x0800fe20   0x0000039e   Code   RO         2282    .text.prvTimerTask  timers.o
    0x080101be   0x080101be   0x00000002   PAD
    0x080101c0   0x080101c0   0x0000007a   Code   RO         2064    .text.prvUnlockQueue  queue.o
    0x0801023a   0x0801023a   0x00000006   PAD
    0x08010240   0x08010240   0x000001f0   Code   RO         2491    .text.pvPortMalloc  heap_4.o
    0x08010430   0x08010430   0x0000002c   Code   RO         2513    .text.pxPortInitialiseStack  port.o
    0x0801045c   0x0801045c   0x00000004   PAD
    0x08010460   0x08010460   0x0000004c   Code   RO         1873    .text.uart_printf   printf.o
    0x080104ac   0x080104ac   0x00000004   PAD
    0x080104b0   0x080104b0   0x0000000c   Code   RO         1871    .text.uart_setUartHandle  printf.o
    0x080104bc   0x080104bc   0x00000004   PAD
    0x080104c0   0x080104c0   0x00000022   Code   RO         2028    .text.uxListRemove  list.o
    0x080104e2   0x080104e2   0x00000006   PAD
    0x080104e8   0x080104e8   0x0000001a   Code   RO         2474    .text.vApplicationGetIdleTaskMemory  cmsis_os2.o
    0x08010502   0x08010502   0x00000006   PAD
    0x08010508   0x08010508   0x0000001c   Code   RO         2476    .text.vApplicationGetTimerTaskMemory  cmsis_os2.o
    0x08010524   0x08010524   0x00000004   PAD
    0x08010528   0x08010528   0x00000016   Code   RO         2020    .text.vListInitialise  list.o
    0x0801053e   0x0801053e   0x00000002   PAD
    0x08010540   0x08010540   0x00000006   Code   RO         2022    .text.vListInitialiseItem  list.o
    0x08010546   0x08010546   0x00000002   PAD
    0x08010548   0x08010548   0x00000066   Code   RO         2026    .text.vListInsert   list.o
    0x080105ae   0x080105ae   0x00000002   PAD
    0x080105b0   0x080105b0   0x0000001a   Code   RO         2024    .text.vListInsertEnd  list.o
    0x080105ca   0x080105ca   0x00000006   PAD
    0x080105d0   0x080105d0   0x00000014   Code   RO         2523    .text.vPortEnableVFP  port.o
    0x080105e4   0x080105e4   0x00000004   PAD
    0x080105e8   0x080105e8   0x0000004a   Code   RO         2529    .text.vPortEnterCritical  port.o
    0x08010632   0x08010632   0x00000006   PAD
    0x08010638   0x08010638   0x0000002e   Code   RO         2531    .text.vPortExitCritical  port.o
    0x08010666   0x08010666   0x00000002   PAD
    0x08010668   0x08010668   0x000000d4   Code   RO         2493    .text.vPortFree     heap_4.o
    0x0801073c   0x0801073c   0x00000004   PAD
    0x08010740   0x08010740   0x00000034   Code   RO         2521    .text.vPortSetupTimerInterrupt  port.o
    0x08010774   0x08010774   0x00000004   PAD
    0x08010778   0x08010778   0x00000058   Code   RO         2098    .text.vQueueAddToRegistry  queue.o
    0x080107d0   0x080107d0   0x00000064   Code   RO         2102    .text.vQueueWaitForMessageRestricted  queue.o
    0x08010834   0x08010834   0x00000004   PAD
    0x08010838   0x08010838   0x00000084   Code   RO         2177    .text.vTaskDelay    tasks.o
    0x080108bc   0x080108bc   0x00000004   PAD
    0x080108c0   0x080108c0   0x00000012   Code   RO         2227    .text.vTaskInternalSetTimeOutState  tasks.o
    0x080108d2   0x080108d2   0x00000006   PAD
    0x080108d8   0x080108d8   0x0000000e   Code   RO         2231    .text.vTaskMissedYield  tasks.o
    0x080108e6   0x080108e6   0x00000002   PAD
    0x080108e8   0x080108e8   0x0000007c   Code   RO         2215    .text.vTaskPlaceOnEventList  tasks.o
    0x08010964   0x08010964   0x00000004   PAD
    0x08010968   0x08010968   0x0000007e   Code   RO         2219    .text.vTaskPlaceOnEventListRestricted  tasks.o
    0x080109e6   0x080109e6   0x00000002   PAD
    0x080109e8   0x080109e8   0x000000f0   Code   RO         2195    .text.vTaskStartScheduler  tasks.o
    0x08010ad8   0x08010ad8   0x00000010   Code   RO         2173    .text.vTaskSuspendAll  tasks.o
    0x08010ae8   0x08010ae8   0x000000c8   Code   RO         2189    .text.vTaskSwitchContext  tasks.o
    0x08010bb0   0x08010bb0   0x000001ba   Code   RO         2519    .text.xPortStartScheduler  port.o
    0x08010d6a   0x08010d6a   0x00000006   PAD
    0x08010d70   0x08010d70   0x0000002e   Code   RO         2535    .text.xPortSysTickHandler  port.o
    0x08010d9e   0x08010d9e   0x00000002   PAD
    0x08010da0   0x08010da0   0x000000da   Code   RO         2040    .text.xQueueGenericCreateStatic  queue.o
    0x08010e7a   0x08010e7a   0x00000006   PAD
    0x08010e80   0x08010e80   0x000002c8   Code   RO         2054    .text.xQueueGenericSend  queue.o
    0x08011148   0x08011148   0x0000024a   Code   RO         2070    .text.xQueueReceive  queue.o
    0x08011392   0x08011392   0x00000006   PAD
    0x08011398   0x08011398   0x0000009e   Code   RO         2229    .text.xTaskCheckForTimeOut  tasks.o
    0x08011436   0x08011436   0x00000002   PAD
    0x08011438   0x08011438   0x00000060   Code   RO         2167    .text.xTaskCreate   tasks.o
    0x08011498   0x08011498   0x0000007a   Code   RO         2161    .text.xTaskCreateStatic  tasks.o
    0x08011512   0x08011512   0x00000006   PAD
    0x08011518   0x08011518   0x0000001c   Code   RO         2243    .text.xTaskGetSchedulerState  tasks.o
    0x08011534   0x08011534   0x00000004   PAD
    0x08011538   0x08011538   0x00000018   Code   RO         2203    .text.xTaskGetTickCount  tasks.o
    0x08011550   0x08011550   0x00000102   Code   RO         2201    .text.xTaskIncrementTick  tasks.o
    0x08011652   0x08011652   0x00000006   PAD
    0x08011658   0x08011658   0x0000008e   Code   RO         2247    .text.xTaskPriorityDisinherit  tasks.o
    0x080116e6   0x080116e6   0x00000002   PAD
    0x080116e8   0x080116e8   0x00000074   Code   RO         2221    .text.xTaskRemoveFromEventList  tasks.o
    0x0801175c   0x0801175c   0x00000004   PAD
    0x08011760   0x08011760   0x000000f0   Code   RO         2175    .text.xTaskResumeAll  tasks.o
    0x08011850   0x08011850   0x000000b4   Code   RO         2280    .text.xTimerCreateTimerTask  timers.o
    0x08011904   0x08011904   0x0000003e   Code   RO         2826    CL$$btod_d2e        c_w.l(btod.o)
    0x08011942   0x08011942   0x00000046   Code   RO         2828    CL$$btod_d2e_denorm_low  c_w.l(btod.o)
    0x08011988   0x08011988   0x00000060   Code   RO         2827    CL$$btod_d2e_norm_op1  c_w.l(btod.o)
    0x080119e8   0x080119e8   0x00000338   Code   RO         2836    CL$$btod_div_common  c_w.l(btod.o)
    0x08011d20   0x08011d20   0x000000dc   Code   RO         2833    CL$$btod_e2e        c_w.l(btod.o)
    0x08011dfc   0x08011dfc   0x0000002a   Code   RO         2830    CL$$btod_ediv       c_w.l(btod.o)
    0x08011e26   0x08011e26   0x0000002a   Code   RO         2829    CL$$btod_emul       c_w.l(btod.o)
    0x08011e50   0x08011e50   0x00000244   Code   RO         2835    CL$$btod_mult_common  c_w.l(btod.o)
    0x08012094   0x08012094   0x00000004   PAD
    0x08012098   0x08012098   0x0000053c   Code   RO           11    ITCMRAM             main.o
    0x080125d4   0x080125d4   0x00000030   Code   RO         2871    i.__ARM_fpclassify  m_wv.l(fpclassify.o)
    0x08012604   0x08012604   0x00000026   Code   RO         2747    i.__ARM_fpclassifyf  m_wv.l(fpclassifyf.o)
    0x0801262a   0x0801262a   0x00000002   PAD
    0x0801262c   0x0801262c   0x000001c8   Code   RO         2579    i.__hardfp_exp2f    m_wv.l(exp2f.o)
    0x080127f4   0x080127f4   0x000001ec   Code   RO         2586    i.__hardfp_expf     m_wv.l(expf.o)
    0x080129e0   0x080129e0   0x00000006   Code   RO         2750    i.__mathlib_flt_infnan  m_wv.l(funder.o)
    0x080129e6   0x080129e6   0x00000002   PAD
    0x080129e8   0x080129e8   0x00000010   Code   RO         2753    i.__mathlib_flt_overflow  m_wv.l(funder.o)
    0x080129f8   0x080129f8   0x00000010   Code   RO         2755    i.__mathlib_flt_underflow  m_wv.l(funder.o)
    0x08012a08   0x08012a08   0x0000000e   Code   RO         2658    i._is_digit         c_w.l(__printf_wp.o)
    0x08012a16   0x08012a16   0x00000002   PAD
    0x08012a18   0x08012a18   0x0000002c   Code   RO         2851    locale$$code        c_w.l(lc_numeric_c.o)
    0x08012a44   0x08012a44   0x0000002c   Code   RO         2886    locale$$code        c_w.l(lc_ctype_c.o)
    0x08012a70   0x08012a70   0x0000008a   Code   RO         2576    x$fpl$dfltull       fz_wv.l(dfltll_clz.o)
    0x08012afa   0x08012afa   0x0000001a   Code   RO         2807    x$fpl$fpinit        fz_wv.l(fpinit.o)
    0x08012b14   0x08012b14   0x00000004   Code   RO         2738    x$fpl$printf1       fz_wv.l(printf1.o)
    0x08012b18   0x08012b18   0x00000004   Code   RO         2740    x$fpl$printf2       fz_wv.l(printf2.o)
    0x08012b1c   0x08012b1c   0x00000000   Code   RO         2746    x$fpl$usenofp       fz_wv.l(usenofp.o)
    0x08012b1c   0x08012b1c   0x00000030   Data   RO         2582    .constdata          m_wv.l(exp2f.o)
    0x08012b4c   0x08012b4c   0x00000030   Data   RO         2589    .constdata          m_wv.l(expf.o)
    0x08012b7c   0x08012b7c   0x00000008   Data   RO         2617    .constdata          c_w.l(_printf_wctomb.o)
    0x08012b84   0x08012b84   0x00000028   Data   RO         2646    .constdata          c_w.l(_printf_hex_int_ll_ptr.o)
    0x08012bac   0x08012bac   0x00000011   Data   RO         2666    .constdata          c_w.l(__printf_flags_ss_wp.o)
    0x08012bbd   0x08012bbd   0x00000026   Data   RO         2794    .constdata          c_w.l(_printf_fp_hex.o)
    0x08012be3   0x08012be3   0x00000001   PAD
    0x08012be4   0x08012be4   0x00000094   Data   RO         2824    .constdata          c_w.l(bigflt0.o)
    0x08012c78   0x08012c78   0x00000006   Data   RO         1601    .rodata..Lswitch.table.UART_SetConfig.5  stm32h7xx_hal_uart.o
    0x08012c7e   0x08012c7e   0x00000006   Data   RO         1602    .rodata..Lswitch.table.UART_SetConfig.7  stm32h7xx_hal_uart.o
    0x08012c84   0x08012c84   0x00000010   Data   RO         1656    .rodata.D1CorePrescTable  system_stm32h7xx.o
    0x08012c94   0x08012c94   0x00000018   Data   RO         1600    .rodata.UARTPrescTable  stm32h7xx_hal_uart.o
    0x08012cac   0x08012cac   0x00000010   Data   RO         1643    .rodata.cst8        stm32h7xx_hal_uart_ex.o
    0x08012cbc   0x08012cbc   0x00000024   Data   RO           26    .rodata.defaultTask_attributes  main.o
    0x08012ce0   0x08012ce0   0x0000000c   Data   RO           25    .rodata.str1.1      main.o
    0x08012cec   0x08012cec   0x0000000f   Data   RO         1958    .rodata.str1.1      synth_1.o
    0x08012cfb   0x08012cfb   0x00000005   Data   RO         2320    .rodata.str1.1      timers.o
    0x08012d00   0x08012d00   0x00000020   Data   RO         2960    Region$$Table       anon$$obj.o
    0x08012d20   0x08012d20   0x0000001c   Data   RO         2850    locale$$data        c_w.l(lc_numeric_c.o)
    0x08012d3c   0x08012d3c   0x00000110   Data   RO         2885    locale$$data        c_w.l(lc_ctype_c.o)


    Execution Region RW_IRAM1 (Exec base: 0x20000000, Load base: 0x08012e4c, Size: 0x00000000, Max: 0x00020000, ABSOLUTE)

    **** No section assigned to this execution region ****


    Execution Region RW_IRAM2 (Exec base: 0x24000000, Load base: 0x08012e50, Size: 0x0001f388, Max: 0x00080000, ABSOLUTE, COMPRESSED[0x00000148])

    Exec Addr    Load Addr    Size         Type   Attr      Idx    E Section Name        Object

    0x24000000   COMPRESSED   0x00000008   Data   RW         1038    .data..L_MergedGlobals  stm32h7xx_hal.o
    0x24000008   COMPRESSED   0x00000008   Data   RW         1657    .data..L_MergedGlobals  system_stm32h7xx.o
    0x24000010   COMPRESSED   0x00000056   Data   RW         1824    .data..L_MergedGlobals  usbd_hid.o
    0x24000066   COMPRESSED   0x00000002   PAD
    0x24000068   COMPRESSED   0x00000018   Data   RW         1861    .data..L_MergedGlobals  codec.o
    0x24000080   COMPRESSED   0x00000020   Data   RW          144    .data.FS_Desc       usbd_desc.o
    0x240000a0   COMPRESSED   0x00000012   Data   RW          145    .data.USBD_FS_DeviceDesc  usbd_desc.o
    0x240000b2   COMPRESSED   0x00000002   PAD
    0x240000b4   COMPRESSED   0x00000038   Data   RW         1821    .data.USBD_HID      usbd_hid.o
    0x240000ec   COMPRESSED   0x00000022   Data   RW         1822    .data.USBD_HID_CfgDesc  usbd_hid.o
    0x2400010e   COMPRESSED   0x00000002   PAD
    0x24000110   COMPRESSED   0x0000000a   Data   RW         1823    .data.USBD_HID_DeviceQualifierDesc  usbd_hid.o
    0x2400011a   COMPRESSED   0x00000002   PAD
    0x2400011c   COMPRESSED   0x00000004   Data   RW          147    .data.USBD_LangIDDesc  usbd_desc.o
    0x24000120   COMPRESSED   0x00000038   Data   RW         1690    .data.USBD_MIDI     usbd_midi.o
    0x24000158   COMPRESSED   0x00000053   Data   RW         1693    .data.USBD_MIDI_CfgDesc  usbd_midi.o
    0x240001ab   COMPRESSED   0x00000001   PAD
    0x240001ac   COMPRESSED   0x0000000a   Data   RW         1691    .data.USBD_MIDI_DeviceQualifierDesc  usbd_midi.o
    0x240001b6   COMPRESSED   0x00000002   PAD
    0x240001b8   COMPRESSED   0x0000001a   Data   RW          148    .data.USBD_StringSerial  usbd_desc.o
    0x240001d2   COMPRESSED   0x00000002   PAD
    0x240001d4   COMPRESSED   0x00000004   Data   RW         2539    .data.uxCriticalNesting  port.o
    0x240001d8        -       0x000000e4   Zero   RW         2556    .bss                c_w.l(rand.o)
    0x240002bc        -       0x00000060   Zero   RW         2810    .bss                c_w.l(libspace.o)
    0x2400031c        -       0x00000064   Zero   RW           48    .bss..L_MergedGlobals  main.o
    0x24000380        -       0x00000008   Zero   RW         1974    .bss..L_MergedGlobals  midi.o
    0x24000388        -       0x00000074   Zero   RW         2270    .bss..L_MergedGlobals  tasks.o
    0x240003fc        -       0x0000003c   Zero   RW         2321    .bss..L_MergedGlobals  timers.o
    0x24000438        -       0x00000020   Zero   RW         2504    .bss..L_MergedGlobals  heap_4.o
    0x24000458        -       0x00000008   Zero   RW         2540    .bss..L_MergedGlobals  port.o
    0x24000460        -       0x00000018   Zero   RW         1862    .bss..L_MergedGlobals.1  codec.o
    0x24000478        -       0x00000028   Zero   RW         2271    .bss..L_MergedGlobals.2  tasks.o
    0x240004a0        -       0x0000005e   Zero   RW           32    .bss.F103IOCopy     main.o
    0x240004fe   COMPRESSED   0x00000002   PAD
    0x24000500        -       0x0000005e   Zero   RW           33    .bss.F103IORecv     main.o
    0x2400055e   COMPRESSED   0x00000002   PAD
    0x24000560        -       0x00000004   Zero   RW         2478    .bss.KernelState    cmsis_os2.o
    0x24000564        -       0x00000600   Zero   RW         1973    .bss.MidiMsgFifo    midi.o
    0x24000b64        -       0x00000001   Zero   RW         1770    .bss.USBD_SetConfig.cfgidx  usbd_ctlreq.o
    0x24000b65   COMPRESSED   0x00000003   PAD
    0x24000b68        -       0x00000200   Zero   RW          149    .bss.USBD_StrDesc   usbd_desc.o
    0x24000d68        -       0x00000014   Zero   RW          221    .bss.USBD_static_malloc.mem  usbd_conf.o
    0x24000d7c        -       0x00000600   Zero   RW           30    .bss.bufl           main.o
    0x2400137c        -       0x00000600   Zero   RW           31    .bss.bufr           main.o
    0x2400197c        -       0x000002dc   Zero   RW          123    .bss.hUsbDeviceFS   usb_device.o
    0x24001c58        -       0x00000064   Zero   RW           38    .bss.hadc1          main.o
    0x24001cbc        -       0x00000064   Zero   RW           39    .bss.hadc3          main.o
    0x24001d20        -       0x00000078   Zero   RW           40    .bss.hdma_i2c1_rx   main.o
    0x24001d98        -       0x00000078   Zero   RW           42    .bss.hdma_spi1_rx   main.o
    0x24001e10        -       0x00000078   Zero   RW           41    .bss.hdma_spi1_tx   main.o
    0x24001e88        -       0x00000078   Zero   RW           43    .bss.hdma_spi2_rx   main.o
    0x24001f00        -       0x00000078   Zero   RW           44    .bss.hdma_spi2_tx   main.o
    0x24001f78        -       0x00000078   Zero   RW           45    .bss.hdma_spi3_rx   main.o
    0x24001ff0        -       0x00000078   Zero   RW           46    .bss.hdma_spi3_tx   main.o
    0x24002068        -       0x00000054   Zero   RW           35    .bss.hi2s1          main.o
    0x240020bc        -       0x00000054   Zero   RW           36    .bss.hi2s2          main.o
    0x24002110        -       0x00000054   Zero   RW           37    .bss.hi2s3          main.o
    0x24002164        -       0x000004e4   Zero   RW          220    .bss.hpcd_USB_OTG_FS  usbd_conf.o
    0x24002648        -       0x00000094   Zero   RW           34    .bss.huart1         main.o
    0x240026dc        -       0x00001800   Zero   RW         1856    .bss.i2s1_rx_buf    codec.o
    0x24003edc        -       0x00001800   Zero   RW         1855    .bss.i2s1_tx_buf    codec.o
    0x240056dc        -       0x00001800   Zero   RW         1858    .bss.i2s2_rx_buf    codec.o
    0x24006edc        -       0x00001800   Zero   RW         1857    .bss.i2s2_tx_buf    codec.o
    0x240086dc        -       0x00001800   Zero   RW         1860    .bss.i2s3_rx_buf    codec.o
    0x24009edc        -       0x00001800   Zero   RW         1859    .bss.i2s3_tx_buf    codec.o
    0x2400b6dc        -       0x00000004   Zero   RW         1875    .bss.phuart         printf.o
    0x2400b6e0        -       0x000000a0   Zero   RW         2319    .bss.prvCheckForValidListAndQueue.ucStaticTimerQueueStorage  timers.o
    0x2400b780        -       0x00000050   Zero   RW         2318    .bss.prvCheckForValidListAndQueue.xStaticTimerQueue  timers.o
    0x2400b7d0        -       0x00000460   Zero   RW         2269    .bss.pxReadyTasksLists  tasks.o
    0x2400bc30        -       0x00000600   Zero   RW           28    .bss.recl           main.o
    0x2400c230        -       0x00000600   Zero   RW           29    .bss.recr           main.o
    0x2400c830        -       0x00006418   Zero   RW           27    .bss.syn            main.o
    0x24012c48        -       0x00003c00   Zero   RW         2503    .bss.ucHeap         heap_4.o
    0x24016848        -       0x00000040   Zero   RW         1692    .bss.usb_rx_buffer  usbd_midi.o
    0x24016888        -       0x00000004   Zero   RW         1037    .bss.uwTick         stm32h7xx_hal.o
    0x2401688c        -       0x00000200   Zero   RW         2480    .bss.vApplicationGetIdleTaskMemory.Idle_Stack  cmsis_os2.o
    0x24016a8c        -       0x0000005c   Zero   RW         2479    .bss.vApplicationGetIdleTaskMemory.Idle_TCB  cmsis_os2.o
    0x24016ae8        -       0x00000400   Zero   RW         2482    .bss.vApplicationGetTimerTaskMemory.Timer_Stack  cmsis_os2.o
    0x24016ee8        -       0x0000005c   Zero   RW         2481    .bss.vApplicationGetTimerTaskMemory.Timer_TCB  cmsis_os2.o
    0x24016f44        -       0x00000040   Zero   RW         2104    .bss.xQueueRegistry  queue.o
    0x24016f84        -       0x00000400   Zero   RW         1876    .bss.xxx_tmpbuf     printf.o
    0x24017384   COMPRESSED   0x00000004   PAD
    0x24017388        -       0x00004000   Zero   RW            2    HEAP                startup_stm32h750xx.o
    0x2401b388        -       0x00004000   Zero   RW            1    STACK               startup_stm32h750xx.o


==============================================================================

Image component sizes


      Code (inc. data)   RO Data    RW Data    ZI Data      Debug   Object Name

       338          0          0          0       1724      45208   cmsis_os2.o
       586          0          0         24      36888       6281   codec.o
       708          0          0          0      15392       5853   heap_4.o
       190          0          0          0          0       2339   list.o
      2552         56          0          0          0      12887   lpc.o
      3314         76         48          0      33496      29997   main.o
       380         12          0          0       1544       1966   midi.o
       956         16          0          4          8       4390   port.o
        88          0          0          0       1028       4634   printf.o
      1826          0          0          0         64      30737   queue.o
        64         26        664          0      32768        848   startup_stm32h750xx.o
       292          0          0          8          4      15086   stm32h7xx_hal.o
      1866         14          0          0          0      28189   stm32h7xx_hal_adc.o
       176          0          0          0          0      29996   stm32h7xx_hal_adc_ex.o
       354          0          0          0          0      12531   stm32h7xx_hal_cortex.o
      6416         12          0          0          0      17951   stm32h7xx_hal_dma.o
       432          0          0          0          0       6991   stm32h7xx_hal_gpio.o
      5322          0          0          0          0      64434   stm32h7xx_hal_i2c.o
       146          0          0          0          0       7604   stm32h7xx_hal_i2c_ex.o
       708          0          0          0          0      16662   stm32h7xx_hal_i2s.o
      1536          0          0          0          0      18345   stm32h7xx_hal_msp.o
      3684          0          0          0          0      17342   stm32h7xx_hal_pcd.o
       254          0          0          0          0       6429   stm32h7xx_hal_pcd_ex.o
        94          0          0          0          0      10623   stm32h7xx_hal_pwr_ex.o
      2532         16          0          0          0      11706   stm32h7xx_hal_rcc.o
      5376        226          0          0          0      19904   stm32h7xx_hal_rcc_ex.o
      3132        332         36          0          0      43123   stm32h7xx_hal_uart.o
       334          0         16          0          0      11524   stm32h7xx_hal_uart_ex.o
       132          0          0          0          0       6308   stm32h7xx_it.o
      4968          0          0          0          0      39921   stm32h7xx_ll_usb.o
      7832        326         15          0          0      32832   synth_1.o
       204          0         16          8          0       5894   system_stm32h7xx.o
      3098          8          0          0       1276      42913   tasks.o
      1106         18          5          0        300      16566   timers.o
       134          0          0          0        732       3315   usb_device.o
       768          0          0          0       1272      21264   usbd_conf.o
       984          0          0          0          0      11359   usbd_core.o
      1692         36          0          0          1      11278   usbd_ctlreq.o
       544         56          0         80        512       4218   usbd_desc.o
       550         22          0        186          0       7361   usbd_hid.o
       102          0          0          0          0       4772   usbd_ioreq.o
       390         10          0        149         64       7159   usbd_midi.o

    ----------------------------------------------------------------------
     67088       1302        832        472     127084     698740   Object Totals
         0          0         32          0          0          0   (incl. Generated)
       928         40          0         13         11          0   (incl. Padding)

    ----------------------------------------------------------------------

      Code (inc. data)   RO Data    RW Data    ZI Data      Debug   Library Member Name

        90          0          0          0          0          0   __dczerorl2.o
         8          0          0          0          0         68   __main.o
       392          4         17          0          0         92   __printf_flags_ss_wp.o
        14          0          0          0          0         68   __printf_wp.o
         0          0          0          0          0          0   __rtentry.o
        12          0          0          0          0          0   __rtentry2.o
         6          0          0          0          0          0   __rtentry4.o
        94          8          0          0          0          0   __scatter.o
        28          0          0          0          0          0   __scatter_zi.o
        72          0          0          0          0         96   _c16rtomb.o
         6          0          0          0          0          0   _printf_a.o
         6          0          0          0          0          0   _printf_c.o
        44          0          0          0          0        108   _printf_char.o
        48          6          0          0          0         96   _printf_char_common.o
        40          0          0          0          0         68   _printf_charcount.o
         6          0          0          0          0          0   _printf_d.o
       120         16          0          0          0         92   _printf_dec.o
         6          0          0          0          0          0   _printf_e.o
         6          0          0          0          0          0   _printf_f.o
      1052          0          0          0          0        148   _printf_fp_dec.o
       764          8         38          0          0        100   _printf_fp_hex.o
       128         16          0          0          0         84   _printf_fp_infnan.o
         6          0          0          0          0          0   _printf_g.o
       148          4         40          0          0        160   _printf_hex_int_ll_ptr.o
         6          0          0          0          0          0   _printf_i.o
       178          0          0          0          0         88   _printf_intcommon.o
        10          0          0          0          0          0   _printf_l.o
         6          0          0          0          0          0   _printf_lc.o
        10          0          0          0          0          0   _printf_ll.o
         6          0          0          0          0          0   _printf_lld.o
         6          0          0          0          0          0   _printf_lli.o
         6          0          0          0          0          0   _printf_llo.o
         6          0          0          0          0          0   _printf_llu.o
         6          0          0          0          0          0   _printf_llx.o
       124         16          0          0          0         92   _printf_longlong_dec.o
         6          0          0          0          0          0   _printf_ls.o
         6          0          0          0          0          0   _printf_n.o
         6          0          0          0          0          0   _printf_o.o
       112          8          0          0          0        124   _printf_oct_int_ll.o
         6          0          0          0          0          0   _printf_p.o
        78          0          0          0          0        108   _printf_pad.o
         0          0          0          0          0          0   _printf_percent.o
         4          0          0          0          0          0   _printf_percent_end.o
         6          0          0          0          0          0   _printf_s.o
        82          0          0          0          0         80   _printf_str.o
        36          0          0          0          0         84   _printf_truncate.o
         6          0          0          0          0          0   _printf_u.o
        44          0          0          0          0        108   _printf_wchar.o
       188          6          8          0          0         92   _printf_wctomb.o
         6          0          0          0          0          0   _printf_x.o
        22          0          0          0          0        100   _rserrno.o
        16          0          0          0          0         68   _snputc.o
        16          0          0          0          0         68   aeabi_memset4.o
       228          4        148          0          0         96   bigflt0.o
      1936        128          0          0          0        668   btod.o
        18          0          0          0          0         80   exit.o
         6          0          0          0          0        152   heapauxi.o
         0          0          0          0          0          0   indicate_semi.o
        44         10        272          0          0         76   lc_ctype_c.o
        44         10         28          0          0         76   lc_numeric_c.o
         2          0          0          0          0          0   libinit.o
        38          0          0          0          0          0   libinit2.o
         2          0          0          0          0          0   libshutdown.o
         2          0          0          0          0          0   libshutdown2.o
         8          4          0          0         96         68   libspace.o
       138          0          0          0          0         80   lludiv10.o
       240          0          0          0          0        100   lludivv7m.o
       112         18          0          0        228        160   rand.o
        16          4          0          0          0         76   rt_ctype_table.o
         8          4          0          0          0         68   rt_errno_addr_intlibspace.o
         8          4          0          0          0         68   rt_locale_intlibspace.o
        78          0          0          0          0         80   rt_memclr_w.o
       138          0          0          0          0         68   rt_memcpy_v6.o
       100          0          0          0          0         80   rt_memcpy_w.o
         2          0          0          0          0          0   rtexit.o
        10          0          0          0          0          0   rtexit2.o
       124          0          0          0          0         88   strcmpv7m_pel.o
        12          4          0          0          0         68   sys_exit.o
        74          0          0          0          0         80   sys_stackheap_outer.o
         2          0          0          0          0         68   use_no_semi.o
        60          4          0          0          0         80   vsnprintf.o
       138          0          0          0          0        132   dfltll_clz.o
        26          0          0          0          0        116   fpinit.o
         4          0          0          0          0        116   printf1.o
         4          0          0          0          0        116   printf2.o
         0          0          0          0          0          0   usenofp.o
       456         50         48          0          0        208   exp2f.o
       492         62         48          0          0        236   expf.o
        48          0          0          0          0        124   fpclassify.o
        38          0          0          0          0        116   fpclassifyf.o
        38         12          0          0          0        348   funder.o

    ----------------------------------------------------------------------
      8820        410        648          0        324       6084   Library Totals
        26          0          1          0          0          0   (incl. Padding)

    ----------------------------------------------------------------------

      Code (inc. data)   RO Data    RW Data    ZI Data      Debug   Library Name

      7550        286        551          0        324       4572   c_w.l
       172          0          0          0          0        480   fz_wv.l
      1072        124         96          0          0       1032   m_wv.l

    ----------------------------------------------------------------------
      8820        410        648          0        324       6084   Library Totals

    ----------------------------------------------------------------------

==============================================================================


      Code (inc. data)   RO Data    RW Data    ZI Data      Debug   

     75908       1712       1480        472     127408     700696   Grand Totals
     75908       1712       1480        328     127408     700696   ELF Image Totals (compressed)
     75908       1712       1480        328          0          0   ROM Totals

==============================================================================

    Total RO  Size (Code + RO Data)                77388 (  75.57kB)
    Total RW  Size (RW Data + ZI Data)            127880 ( 124.88kB)
    Total ROM Size (Code + RO Data + RW Data)      77716 (  75.89kB)

==============================================================================

