Component: Arm Compiler for Embedded 6.22 Tool: armlink [5ee90200]

==============================================================================

Section Cross References

    startup_stm32h750xx.o(STACK) refers (Special) to heapauxi.o(.text) for __use_two_region_memory
    startup_stm32h750xx.o(HEAP) refers (Special) to heapauxi.o(.text) for __use_two_region_memory
    startup_stm32h750xx.o(RESET) refers (Special) to heapauxi.o(.text) for __use_two_region_memory
    startup_stm32h750xx.o(RESET) refers to startup_stm32h750xx.o(STACK) for __initial_sp
    startup_stm32h750xx.o(RESET) refers to startup_stm32h750xx.o(.text) for Reset_Handler
    startup_stm32h750xx.o(RESET) refers to stm32h7xx_it.o(.text.NMI_Handler) for NMI_Handler
    startup_stm32h750xx.o(RESET) refers to stm32h7xx_it.o(.text.HardFault_Handler) for HardFault_Handler
    startup_stm32h750xx.o(RESET) refers to stm32h7xx_it.o(.text.MemManage_Handler) for MemManage_Handler
    startup_stm32h750xx.o(RESET) refers to stm32h7xx_it.o(.text.BusFault_Handler) for BusFault_Handler
    startup_stm32h750xx.o(RESET) refers to stm32h7xx_it.o(.text.UsageFault_Handler) for UsageFault_Handler
    startup_stm32h750xx.o(RESET) refers to stm32h7xx_it.o(.text.SVC_Handler) for SVC_Handler
    startup_stm32h750xx.o(RESET) refers to stm32h7xx_it.o(.text.DebugMon_Handler) for DebugMon_Handler
    startup_stm32h750xx.o(RESET) refers to stm32h7xx_it.o(.text.PendSV_Handler) for PendSV_Handler
    startup_stm32h750xx.o(RESET) refers to stm32h7xx_it.o(.text.SysTick_Handler) for SysTick_Handler
    startup_stm32h750xx.o(RESET) refers to stm32h7xx_it.o(.text.DMA1_Stream0_IRQHandler) for DMA1_Stream0_IRQHandler
    startup_stm32h750xx.o(RESET) refers to stm32h7xx_it.o(.text.DMA1_Stream1_IRQHandler) for DMA1_Stream1_IRQHandler
    startup_stm32h750xx.o(RESET) refers to stm32h7xx_it.o(.text.DMA1_Stream2_IRQHandler) for DMA1_Stream2_IRQHandler
    startup_stm32h750xx.o(RESET) refers to stm32h7xx_it.o(.text.DMA1_Stream3_IRQHandler) for DMA1_Stream3_IRQHandler
    startup_stm32h750xx.o(RESET) refers to stm32h7xx_it.o(.text.DMA1_Stream4_IRQHandler) for DMA1_Stream4_IRQHandler
    startup_stm32h750xx.o(RESET) refers to stm32h7xx_it.o(.text.DMA1_Stream5_IRQHandler) for DMA1_Stream5_IRQHandler
    startup_stm32h750xx.o(RESET) refers to stm32h7xx_it.o(.text.DMA1_Stream6_IRQHandler) for DMA1_Stream6_IRQHandler
    startup_stm32h750xx.o(RESET) refers to stm32h7xx_it.o(.text.OTG_FS_IRQHandler) for OTG_FS_IRQHandler
    startup_stm32h750xx.o(.text) refers (Special) to heapauxi.o(.text) for __use_two_region_memory
    startup_stm32h750xx.o(.text) refers to system_stm32h7xx.o(.text.SystemInit) for SystemInit
    startup_stm32h750xx.o(.text) refers to __main.o(!!!main) for __main
    startup_stm32h750xx.o(.text) refers to startup_stm32h750xx.o(HEAP) for Heap_Mem
    startup_stm32h750xx.o(.text) refers to startup_stm32h750xx.o(STACK) for Stack_Mem
    main.o(ITCMRAM) refers to midi.o(.text.HasMidiMsg) for HasMidiMsg
    main.o(ITCMRAM) refers to main.o(.bss.syn) for syn
    main.o(ITCMRAM) refers to midi.o(.text.GetMidiMsg) for GetMidiMsg
    main.o(ITCMRAM) refers to synth_1.o(.text.SynthProcMidi) for SynthProcMidi
    main.o(ITCMRAM) refers to codec.o(.text.codecGetNumSamples) for codecGetNumSamples
    main.o(ITCMRAM) refers to codec.o(.text.codecGetRx1Ptr) for codecGetRx1Ptr
    main.o(ITCMRAM) refers to codec.o(.text.codecGetTx1Ptr) for codecGetTx1Ptr
    main.o(ITCMRAM) refers to codec.o(.text.codecGetRx2Ptr) for codecGetRx2Ptr
    main.o(ITCMRAM) refers to codec.o(.text.codecGetTx2Ptr) for codecGetTx2Ptr
    main.o(ITCMRAM) refers to codec.o(.text.codecGetRx3Ptr) for codecGetRx3Ptr
    main.o(ITCMRAM) refers to codec.o(.text.codecGetTx3Ptr) for codecGetTx3Ptr
    main.o(ITCMRAM) refers to main.o(.bss.bufl) for bufl
    main.o(ITCMRAM) refers to main.o(.bss.bufr) for bufr
    main.o(ITCMRAM) refers to synth_1.o(.text.SynthProcessBlock) for SynthProcessBlock
    main.o(.ARM.exidxITCMRAM) refers to main.o(ITCMRAM) for [Anonymous Symbol]
    main.o(.text.HAL_I2C_MasterRxCpltCallback) refers to main.o(.bss.hi2c1) for hi2c1
    main.o(.text.HAL_I2C_MasterRxCpltCallback) refers to main.o(.bss.F103IOCopy) for F103IOCopy
    main.o(.text.HAL_I2C_MasterRxCpltCallback) refers to main.o(.bss.F103IORecv) for F103IORecv
    main.o(.text.HAL_I2C_MasterRxCpltCallback) refers to rt_memcpy_w.o(.text) for __aeabi_memcpy4
    main.o(.text.HAL_I2C_MasterRxCpltCallback) refers to printf.o(.text.uart_printf) for uart_printf
    main.o(.ARM.exidx.text.HAL_I2C_MasterRxCpltCallback) refers to main.o(.text.HAL_I2C_MasterRxCpltCallback) for [Anonymous Symbol]
    main.o(.text.main) refers to stm32h7xx_hal_cortex.o(.text.HAL_MPU_Disable) for HAL_MPU_Disable
    main.o(.text.main) refers to stm32h7xx_hal_cortex.o(.text.HAL_MPU_ConfigRegion) for HAL_MPU_ConfigRegion
    main.o(.text.main) refers to stm32h7xx_hal_cortex.o(.text.HAL_MPU_Enable) for HAL_MPU_Enable
[...]
    SystemClock_Config                       0x08009ae1   Thumb Code   320  main.o(.text.SystemClock_Config)
    SystemInit                               0x08009c21   Thumb Code   204  system_stm32h7xx.o(.text.SystemInit)
    UART_AdvFeatureConfig                    0x08009cf1   Thumb Code   224  stm32h7xx_hal_uart.o(.text.UART_AdvFeatureConfig)
    UART_CheckIdleState                      0x08009dd1   Thumb Code   366  stm32h7xx_hal_uart.o(.text.UART_CheckIdleState)
    UART_SetConfig                           0x08009f41   Thumb Code  1152  stm32h7xx_hal_uart.o(.text.UART_SetConfig)
    UART_WaitOnFlagUntilTimeout              0x0800a3c9   Thumb Code   856  stm32h7xx_hal_uart.o(.text.UART_WaitOnFlagUntilTimeout)
    USBD_ClrClassConfig                      0x0800a721   Thumb Code    18  usbd_core.o(.text.USBD_ClrClassConfig)
    USBD_CoreFindEP                          0x0800a739   Thumb Code     4  usbd_core.o(.text.USBD_CoreFindEP)
    USBD_CoreFindIF                          0x0800a741   Thumb Code     4  usbd_core.o(.text.USBD_CoreFindIF)
    USBD_CtlContinueRx                       0x0800a749   Thumb Code    16  usbd_ioreq.o(.text.USBD_CtlContinueRx)
    USBD_CtlContinueSendData                 0x0800a759   Thumb Code    16  usbd_ioreq.o(.text.USBD_CtlContinueSendData)
    USBD_CtlError                            0x0800a769   Thumb Code    22  usbd_ctlreq.o(.text.USBD_CtlError)
    USBD_CtlReceiveStatus                    0x0800a781   Thumb Code    22  usbd_ioreq.o(.text.USBD_CtlReceiveStatus)
    USBD_CtlSendData                         0x0800a799   Thumb Code    26  usbd_ioreq.o(.text.USBD_CtlSendData)
    USBD_CtlSendStatus                       0x0800a7b9   Thumb Code    22  usbd_ioreq.o(.text.USBD_CtlSendStatus)
    USBD_FS_ConfigStrDescriptor              0x0800a7d1   Thumb Code    24  usbd_desc.o(.text.USBD_FS_ConfigStrDescriptor)
    USBD_FS_DeviceDescriptor                 0x0800a7f9   Thumb Code    14  usbd_desc.o(.text.USBD_FS_DeviceDescriptor)
    USBD_FS_InterfaceStrDescriptor           0x0800a809   Thumb Code    24  usbd_desc.o(.text.USBD_FS_InterfaceStrDescriptor)
    USBD_FS_LangIDStrDescriptor              0x0800a831   Thumb Code    14  usbd_desc.o(.text.USBD_FS_LangIDStrDescriptor)
    USBD_FS_ManufacturerStrDescriptor        0x0800a841   Thumb Code    24  usbd_desc.o(.text.USBD_FS_ManufacturerStrDescriptor)
    USBD_FS_ProductStrDescriptor             0x0800a871   Thumb Code    24  usbd_desc.o(.text.USBD_FS_ProductStrDescriptor)
    USBD_FS_SerialStrDescriptor              0x0800a891   Thumb Code   364  usbd_desc.o(.text.USBD_FS_SerialStrDescriptor)
    USBD_GetEpDesc                           0x0800aa01   Thumb Code   132  usbd_core.o(.text.USBD_GetEpDesc)
    USBD_GetString                           0x0800aa89   Thumb Code   256  usbd_ctlreq.o(.text.USBD_GetString)
    USBD_Init                                0x0800adb9   Thumb Code    40  usbd_core.o(.text.USBD_Init)
    USBD_LL_ClearStallEP                     0x0800ade1   Thumb Code    34  usbd_conf.o(.text.USBD_LL_ClearStallEP)
    USBD_LL_CloseEP                          0x0800ae09   Thumb Code    34  usbd_conf.o(.text.USBD_LL_CloseEP)
    USBD_LL_DataInStage                      0x0800ae31   Thumb Code   180  usbd_core.o(.text.USBD_LL_DataInStage)
    USBD_LL_DataOutStage                     0x0800aee9   Thumb Code   112  usbd_core.o(.text.USBD_LL_DataOutStage)
    USBD_LL_DevConnected                     0x0800af59   Thumb Code     4  usbd_core.o(.text.USBD_LL_DevConnected)
    USBD_LL_DevDisconnected                  0x0800af61   Thumb Code    32  usbd_core.o(.text.USBD_LL_DevDisconnected)
    USBD_LL_Init                             0x0800af81   Thumb Code   112  usbd_conf.o(.text.USBD_LL_Init)
    USBD_LL_IsStallEP                        0x0800aff1   Thumb Code    42  usbd_conf.o(.text.USBD_LL_IsStallEP)
    USBD_LL_IsoINIncomplete                  0x0800b021   Thumb Code    44  usbd_core.o(.text.USBD_LL_IsoINIncomplete)
    USBD_LL_IsoOUTIncomplete                 0x0800b051   Thumb Code    44  usbd_core.o(.text.USBD_LL_IsoOUTIncomplete)
    USBD_LL_OpenEP                           0x0800b081   Thumb Code    40  usbd_conf.o(.text.USBD_LL_OpenEP)
    USBD_LL_PrepareReceive                   0x0800b0a9   Thumb Code    34  usbd_conf.o(.text.USBD_LL_PrepareReceive)
    USBD_LL_Reset                            0x0800b0d1   Thumb Code    96  usbd_core.o(.text.USBD_LL_Reset)
    USBD_LL_Resume                           0x0800b131   Thumb Code    20  usbd_core.o(.text.USBD_LL_Resume)
    USBD_LL_SOF                              0x0800b149   Thumb Code    30  usbd_core.o(.text.USBD_LL_SOF)
    USBD_LL_SetSpeed                         0x0800b169   Thumb Code     8  usbd_core.o(.text.USBD_LL_SetSpeed)
    USBD_LL_SetUSBAddress                    0x0800b171   Thumb Code    34  usbd_conf.o(.text.USBD_LL_SetUSBAddress)
    USBD_LL_SetupStage                       0x0800b199   Thumb Code    98  usbd_core.o(.text.USBD_LL_SetupStage)
    USBD_LL_StallEP                          0x0800b201   Thumb Code    34  usbd_conf.o(.text.USBD_LL_StallEP)
    USBD_LL_Start                            0x0800b229   Thumb Code    34  usbd_conf.o(.text.USBD_LL_Start)
    USBD_LL_Suspend                          0x0800b251   Thumb Code    28  usbd_core.o(.text.USBD_LL_Suspend)
    USBD_LL_Transmit                         0x0800b271   Thumb Code    34  usbd_conf.o(.text.USBD_LL_Transmit)
    USBD_MIDI_DataInHandler                  0x0800b2a9   Thumb Code   264  midi.o(.text.USBD_MIDI_DataInHandler)
    USBD_ParseSetupRequest                   0x0800b549   Thumb Code    22  usbd_ctlreq.o(.text.USBD_ParseSetupRequest)
    USBD_RegisterClass                       0x0800b561   Thumb Code    70  usbd_core.o(.text.USBD_RegisterClass)
    USBD_SetClassConfig                      0x0800b5a9   Thumb Code    16  usbd_core.o(.text.USBD_SetClassConfig)
    USBD_Start                               0x0800b5b9   Thumb Code     4  usbd_core.o(.text.USBD_Start)
    USBD_StdDevReq                           0x0800b5c1   Thumb Code   910  usbd_ctlreq.o(.text.USBD_StdDevReq)
    USBD_StdEPReq                            0x0800b951   Thumb Code   362  usbd_ctlreq.o(.text.USBD_StdEPReq)
    USBD_StdItfReq                           0x0800bac1   Thumb Code   120  usbd_ctlreq.o(.text.USBD_StdItfReq)
    USBD_static_free                         0x0800bb39   Thumb Code     2  usbd_conf.o(.text.USBD_static_free)
    USBD_static_malloc                       0x0800bb41   Thumb Code    10  usbd_conf.o(.text.USBD_static_malloc)
    USB_ActivateEndpoint                     0x0800bb51   Thumb Code   134  stm32h7xx_ll_usb.o(.text.USB_ActivateEndpoint)
    USB_ActivateSetup                        0x0800bbd9   Thumb Code    32  stm32h7xx_ll_usb.o(.text.USB_ActivateSetup)
    USB_CoreInit                             0x0800bbf9   Thumb Code   558  stm32h7xx_ll_usb.o(.text.USB_CoreInit)
    USB_DeactivateEndpoint                   0x0800be29   Thumb Code   124  stm32h7xx_ll_usb.o(.text.USB_DeactivateEndpoint)
    USB_DevConnect                           0x0800bea9   Thumb Code    30  stm32h7xx_ll_usb.o(.text.USB_DevConnect)
    USB_DevDisconnect                        0x0800bec9   Thumb Code    30  stm32h7xx_ll_usb.o(.text.USB_DevDisconnect)
    USB_DevInit                              0x0800bee9   Thumb Code  1196  stm32h7xx_ll_usb.o(.text.USB_DevInit)
    USB_DisableGlobalInt                     0x0800c399   Thumb Code    14  stm32h7xx_ll_usb.o(.text.USB_DisableGlobalInt)
    USB_EP0_OutStart                         0x0800c3a9   Thumb Code    90  stm32h7xx_ll_usb.o(.text.USB_EP0_OutStart)
    USB_EPClearStall                         0x0800c409   Thumb Code    82  stm32h7xx_ll_usb.o(.text.USB_EPClearStall)
    USB_EPSetStall                           0x0800c461   Thumb Code    64  stm32h7xx_ll_usb.o(.text.USB_EPSetStall)
    USB_EPStartXfer                          0x0800c4a1   Thumb Code   538  stm32h7xx_ll_usb.o(.text.USB_EPStartXfer)
    USB_EPStopXfer                           0x0800c6c1   Thumb Code   270  stm32h7xx_ll_usb.o(.text.USB_EPStopXfer)
    USB_EnableGlobalInt                      0x0800c7d1   Thumb Code    14  stm32h7xx_ll_usb.o(.text.USB_EnableGlobalInt)
    USB_FlushTxFifo                          0x0800c7e1   Thumb Code   190  stm32h7xx_ll_usb.o(.text.USB_FlushTxFifo)
    USB_GetDevSpeed                          0x0800c8a1   Thumb Code    26  stm32h7xx_ll_usb.o(.text.USB_GetDevSpeed)
    USB_GetMode                              0x0800c8c1   Thumb Code     8  stm32h7xx_ll_usb.o(.text.USB_GetMode)
    USB_ReadDevAllInEpInterrupt              0x0800c8c9   Thumb Code    14  stm32h7xx_ll_usb.o(.text.USB_ReadDevAllInEpInterrupt)
    USB_ReadDevAllOutEpInterrupt             0x0800c8d9   Thumb Code    14  stm32h7xx_ll_usb.o(.text.USB_ReadDevAllOutEpInterrupt)
    USB_ReadDevInEPInterrupt                 0x0800c8e9   Thumb Code    36  stm32h7xx_ll_usb.o(.text.USB_ReadDevInEPInterrupt)
    USB_ReadDevOutEPInterrupt                0x0800c911   Thumb Code    16  stm32h7xx_ll_usb.o(.text.USB_ReadDevOutEPInterrupt)
    USB_ReadInterrupts                       0x0800c921   Thumb Code     8  stm32h7xx_ll_usb.o(.text.USB_ReadInterrupts)
    USB_ReadPacket                           0x0800c929   Thumb Code   174  stm32h7xx_ll_usb.o(.text.USB_ReadPacket)
    USB_SetCurrentMode                       0x0800c9d9   Thumb Code   872  stm32h7xx_ll_usb.o(.text.USB_SetCurrentMode)
    USB_SetDevAddress                        0x0800cd41   Thumb Code    34  stm32h7xx_ll_usb.o(.text.USB_SetDevAddress)
    USB_SetTurnaroundTime                    0x0800cd69   Thumb Code   280  stm32h7xx_ll_usb.o(.text.USB_SetTurnaroundTime)
    USB_WritePacket                          0x0800ce81   Thumb Code   120  stm32h7xx_ll_usb.o(.text.USB_WritePacket)
    UsageFault_Handler                       0x0800cef9   Thumb Code     2  stm32h7xx_it.o(.text.UsageFault_Handler)
    codecGetNumSamples                       0x0800cf01   Thumb Code     6  codec.o(.text.codecGetNumSamples)
    codecGetRx1Ptr                           0x0800cf09   Thumb Code    12  codec.o(.text.codecGetRx1Ptr)
    codecGetRx2Ptr                           0x0800cf19   Thumb Code    12  codec.o(.text.codecGetRx2Ptr)
    codecGetRx3Ptr                           0x0800cf29   Thumb Code    12  codec.o(.text.codecGetRx3Ptr)
    codecGetTx1Ptr                           0x0800cf39   Thumb Code    12  codec.o(.text.codecGetTx1Ptr)
    codecGetTx2Ptr                           0x0800cf49   Thumb Code    12  codec.o(.text.codecGetTx2Ptr)
    codecGetTx3Ptr                           0x0800cf59   Thumb Code    12  codec.o(.text.codecGetTx3Ptr)
    codecInit                                0x0800cf69   Thumb Code    96  codec.o(.text.codecInit)
    codecWaitForAllBufferPrepare             0x0800cfc9   Thumb Code    92  codec.o(.text.codecWaitForAllBufferPrepare)
    main                                     0x0800d029   Thumb Code  2168  main.o(.text.main)
    uart_printf                              0x0800d8e9   Thumb Code    76  printf.o(.text.uart_printf)
    uart_setUartHandle                       0x0800d939   Thumb Code    12  printf.o(.text.uart_setUartHandle)
    _btod_d2e                                0x0800d945   Thumb Code    62  btod.o(CL$$btod_d2e)
    _d2e_denorm_low                          0x0800d983   Thumb Code    70  btod.o(CL$$btod_d2e_denorm_low)
    _d2e_norm_op1                            0x0800d9c9   Thumb Code    96  btod.o(CL$$btod_d2e_norm_op1)
    __btod_div_common                        0x0800da29   Thumb Code   696  btod.o(CL$$btod_div_common)
    _e2e                                     0x0800dd61   Thumb Code   220  btod.o(CL$$btod_e2e)
    _btod_ediv                               0x0800de3d   Thumb Code    42  btod.o(CL$$btod_ediv)
    _btod_emul                               0x0800de67   Thumb Code    42  btod.o(CL$$btod_emul)
    __btod_mult_common                       0x0800de91   Thumb Code   580  btod.o(CL$$btod_mult_common)
    __ARM_fpclassify                         0x0800e0d5   Thumb Code    48  fpclassify.o(i.__ARM_fpclassify)
    __ARM_fpclassifyf                        0x0800e105   Thumb Code    38  fpclassifyf.o(i.__ARM_fpclassifyf)
    __hardfp_exp2f                           0x0800e12d   Thumb Code   406  exp2f.o(i.__hardfp_exp2f)
    __mathlib_flt_infnan                     0x0800e2f5   Thumb Code     6  funder.o(i.__mathlib_flt_infnan)
    __mathlib_flt_overflow                   0x0800e2fd   Thumb Code    10  funder.o(i.__mathlib_flt_overflow)
    __mathlib_flt_underflow                  0x0800e30d   Thumb Code    10  funder.o(i.__mathlib_flt_underflow)
    _is_digit                                0x0800e31d   Thumb Code    14  __printf_wp.o(i._is_digit)
    _get_lc_numeric                          0x0800e32d   Thumb Code    44  lc_numeric_c.o(locale$$code)
    _get_lc_ctype                            0x0800e359   Thumb Code    44  lc_ctype_c.o(locale$$code)
    __aeabi_ul2d                             0x0800e385   Thumb Code     0  dfltll_clz.o(x$fpl$dfltull)
    _ll_uto_d                                0x0800e385   Thumb Code   138  dfltll_clz.o(x$fpl$dfltull)
    _fp_init                                 0x0800e40f   Thumb Code    26  fpinit.o(x$fpl$fpinit)
    __fplib_config_fpu_vfp                   0x0800e427   Thumb Code     0  fpinit.o(x$fpl$fpinit)
    __fplib_config_pureend_doubles           0x0800e427   Thumb Code     0  fpinit.o(x$fpl$fpinit)
    _printf_fp_dec                           0x0800e429   Thumb Code     4  printf1.o(x$fpl$printf1)
    _printf_fp_hex                           0x0800e42d   Thumb Code     4  printf2.o(x$fpl$printf2)
    __I$use$fp                               0x0800e430   Number         0  usenofp.o(x$fpl$usenofp)
    D1CorePrescTable                         0x0800e568   Data          16  system_stm32h7xx.o(.rodata.D1CorePrescTable)
    UARTPrescTable                           0x0800e578   Data          24  stm32h7xx_hal_uart.o(.rodata.UARTPrescTable)
    Region$$Table$$Base                      0x0800e5a0   Number         0  anon$$obj.o(Region$$Table)
    Region$$Table$$Limit                     0x0800e5c0   Number         0  anon$$obj.o(Region$$Table)
    __ctype                                  0x0800e5e9   Data           0  lc_ctype_c.o(locale$$data)
    uwTickFreq                               0x24000000   Data           1  stm32h7xx_hal.o(.data..L_MergedGlobals)
    uwTickPrio                               0x24000004   Data           4  stm32h7xx_hal.o(.data..L_MergedGlobals)
    SystemCoreClock                          0x24000008   Data           4  system_stm32h7xx.o(.data..L_MergedGlobals)
    SystemD2Clock                            0x2400000c   Data           4  system_stm32h7xx.o(.data..L_MergedGlobals)
    wavbuf1                                  0x24000068   Data           4  codec.o(.data..L_MergedGlobals)
    recbuf1                                  0x2400006c   Data           4  codec.o(.data..L_MergedGlobals)
    wavbuf2                                  0x24000070   Data           4  codec.o(.data..L_MergedGlobals)
    recbuf2                                  0x24000074   Data           4  codec.o(.data..L_MergedGlobals)
    wavbuf3                                  0x24000078   Data           4  codec.o(.data..L_MergedGlobals)
    recbuf3                                  0x2400007c   Data           4  codec.o(.data..L_MergedGlobals)
    FS_Desc                                  0x24000080   Data          32  usbd_desc.o(.data.FS_Desc)
    USBD_FS_DeviceDesc                       0x240000a0   Data          18  usbd_desc.o(.data.USBD_FS_DeviceDesc)
    USBD_HID                                 0x240000b4   Data          56  usbd_hid.o(.data.USBD_HID)
    USBD_LangIDDesc                          0x2400011c   Data           4  usbd_desc.o(.data.USBD_LangIDDesc)
    USBD_MIDI                                0x24000120   Data          56  usbd_midi.o(.data.USBD_MIDI)
    USBD_StringSerial                        0x240001b8   Data          26  usbd_desc.o(.data.USBD_StringSerial)
    _random_number_data                      0x240001d8   Data         228  rand.o(.bss)
    __libspace_start                         0x240002bc   Data          96  libspace.o(.bss)
    __temporary_stack_top$libspace           0x2400031c   Data           0  libspace.o(.bss)
    midiInPos                                0x2400031c   Data           4  midi.o(.bss..L_MergedGlobals)
    midiOutPos                               0x24000320   Data           4  midi.o(.bss..L_MergedGlobals)
    I2S1_ISFILL_OK                           0x24000324   Data           4  codec.o(.bss..L_MergedGlobals.1)
    I2S2_ISFILL_OK                           0x24000328   Data           4  codec.o(.bss..L_MergedGlobals.1)
    I2S3_ISFILL_OK                           0x2400032c   Data           4  codec.o(.bss..L_MergedGlobals.1)
    phi2s1                                   0x24000330   Data           4  codec.o(.bss..L_MergedGlobals.1)
    phi2s2                                   0x24000334   Data           4  codec.o(.bss..L_MergedGlobals.1)
    phi2s3                                   0x24000338   Data           4  codec.o(.bss..L_MergedGlobals.1)
    F103IOCopy                               0x2400033c   Data          94  main.o(.bss.F103IOCopy)
    F103IORecv                               0x2400039c   Data          94  main.o(.bss.F103IORecv)
    MidiMsgFifo                              0x240003fc   Data       12288  midi.o(.bss.MidiMsgFifo)
    USBD_StrDesc                             0x24003400   Data         512  usbd_desc.o(.bss.USBD_StrDesc)
    bufl                                     0x24003614   Data        1536  main.o(.bss.bufl)
    bufr                                     0x24003c14   Data        1536  main.o(.bss.bufr)
    hUsbDeviceFS                             0x24004214   Data         732  usb_device.o(.bss.hUsbDeviceFS)
    hadc1                                    0x240044f0   Data         100  main.o(.bss.hadc1)
    hadc3                                    0x24004554   Data         100  main.o(.bss.hadc3)
    hdma_i2c1_rx                             0x240045b8   Data         120  main.o(.bss.hdma_i2c1_rx)
    hdma_spi1_rx                             0x24004630   Data         120  main.o(.bss.hdma_spi1_rx)
    hdma_spi1_tx                             0x240046a8   Data         120  main.o(.bss.hdma_spi1_tx)
    hdma_spi2_rx                             0x24004720   Data         120  main.o(.bss.hdma_spi2_rx)
    hdma_spi2_tx                             0x24004798   Data         120  main.o(.bss.hdma_spi2_tx)
    hdma_spi3_rx                             0x24004810   Data         120  main.o(.bss.hdma_spi3_rx)
    hdma_spi3_tx                             0x24004888   Data         120  main.o(.bss.hdma_spi3_tx)
    hi2c1                                    0x24004900   Data          84  main.o(.bss.hi2c1)
    hi2s1                                    0x24004954   Data          84  main.o(.bss.hi2s1)
    hi2s2                                    0x240049a8   Data          84  main.o(.bss.hi2s2)
    hi2s3                                    0x240049fc   Data          84  main.o(.bss.hi2s3)
    hpcd_USB_OTG_FS                          0x24004a50   Data        1252  usbd_conf.o(.bss.hpcd_USB_OTG_FS)
    huart1                                   0x24004f34   Data         148  main.o(.bss.huart1)
    i2s1_rx_buf                              0x24004fc8   Data        6144  codec.o(.bss.i2s1_rx_buf)
    i2s1_tx_buf                              0x240067c8   Data        6144  codec.o(.bss.i2s1_tx_buf)
    i2s2_rx_buf                              0x24007fc8   Data        6144  codec.o(.bss.i2s2_rx_buf)
    i2s2_tx_buf                              0x240097c8   Data        6144  codec.o(.bss.i2s2_tx_buf)
    i2s3_rx_buf                              0x2400afc8   Data        6144  codec.o(.bss.i2s3_rx_buf)
    i2s3_tx_buf                              0x2400c7c8   Data        6144  codec.o(.bss.i2s3_tx_buf)
    phuart                                   0x2400dfc8   Data           4  printf.o(.bss.phuart)
    syn                                      0x2400dfcc   Data         628  main.o(.bss.syn)
    uwTick                                   0x2400e280   Data           4  stm32h7xx_hal.o(.bss.uwTick)
    xxx_tmpbuf                               0x2400e284   Data        1024  printf.o(.bss.xxx_tmpbuf)



==============================================================================

Memory Map of the image

  Image Entry point : 0x08000299

  Load Region LR_IROM1 (Base: 0x08000000, Size: 0x0000e8c8, Max: 0x00020000, ABSOLUTE, COMPRESSED[0x0000e830])

    Execution Region ER_IROM1 (Exec base: 0x08000000, Load base: 0x08000000, Size: 0x0000e6ec, Max: 0x00020000, ABSOLUTE)

    Exec Addr    Load Addr    Size         Type   Attr      Idx    E Section Name        Object

    0x08000000   0x08000000   0x00000298   Data   RO            3    RESET               startup_stm32h750xx.o
    0x08000298   0x08000298   0x00000008   Code   RO         1967  * !!!main             c_w.l(__main.o)
    0x080002a0   0x080002a0   0x0000005c   Code   RO         2350    !!!scatter          c_w.l(__scatter.o)
    0x080002fc   0x080002fc   0x0000005a   Code   RO         2348    !!dczerorl2         c_w.l(__dczerorl2.o)
    0x08000356   0x08000356   0x00000002   PAD
    0x08000358   0x08000358   0x00000002   Code   RO         2351    !!handler_null      c_w.l(__scatter.o)
    0x0800035a   0x0800035a   0x00000002   PAD
    0x0800035c   0x0800035c   0x0000001c   Code   RO         2354    !!handler_zi        c_w.l(__scatter_zi.o)
    0x08000378   0x08000378   0x00000000   Code   RO         2068    .ARM.Collect$$_printf_percent$$00000000  c_w.l(_printf_percent.o)
    0x08000378   0x08000378   0x00000006   Code   RO         2057    .ARM.Collect$$_printf_percent$$00000001  c_w.l(_printf_n.o)
    0x0800037e   0x0800037e   0x00000006   Code   RO         2059    .ARM.Collect$$_printf_percent$$00000002  c_w.l(_printf_p.o)
    0x08000384   0x08000384   0x00000006   Code   RO         2064    .ARM.Collect$$_printf_percent$$00000003  c_w.l(_printf_f.o)
    0x0800038a   0x0800038a   0x00000006   Code   RO         2065    .ARM.Collect$$_printf_percent$$00000004  c_w.l(_printf_e.o)
    0x08000390   0x08000390   0x00000006   Code   RO         2066    .ARM.Collect$$_printf_percent$$00000005  c_w.l(_printf_g.o)
    0x08000396   0x08000396   0x00000006   Code   RO         2067    .ARM.Collect$$_printf_percent$$00000006  c_w.l(_printf_a.o)
    0x0800039c   0x0800039c   0x0000000a   Code   RO         2072    .ARM.Collect$$_printf_percent$$00000007  c_w.l(_printf_ll.o)
    0x080003a6   0x080003a6   0x00000006   Code   RO         2061    .ARM.Collect$$_printf_percent$$00000008  c_w.l(_printf_i.o)
    0x080003ac   0x080003ac   0x00000006   Code   RO         2062    .ARM.Collect$$_printf_percent$$00000009  c_w.l(_printf_d.o)
    0x080003b2   0x080003b2   0x00000006   Code   RO         2063    .ARM.Collect$$_printf_percent$$0000000A  c_w.l(_printf_u.o)
    0x080003b8   0x080003b8   0x00000006   Code   RO         2060    .ARM.Collect$$_printf_percent$$0000000B  c_w.l(_printf_o.o)
    0x080003be   0x080003be   0x00000006   Code   RO         2058    .ARM.Collect$$_printf_percent$$0000000C  c_w.l(_printf_x.o)
    0x080003c4   0x080003c4   0x00000006   Code   RO         2069    .ARM.Collect$$_printf_percent$$0000000D  c_w.l(_printf_lli.o)
    0x080003ca   0x080003ca   0x00000006   Code   RO         2070    .ARM.Collect$$_printf_percent$$0000000E  c_w.l(_printf_lld.o)
    0x080003d0   0x080003d0   0x00000006   Code   RO         2071    .ARM.Collect$$_printf_percent$$0000000F  c_w.l(_printf_llu.o)
    0x080003d6   0x080003d6   0x00000006   Code   RO         2076    .ARM.Collect$$_printf_percent$$00000010  c_w.l(_printf_llo.o)
    0x080003dc   0x080003dc   0x00000006   Code   RO         2077    .ARM.Collect$$_printf_percent$$00000011  c_w.l(_printf_llx.o)
    0x080003e2   0x080003e2   0x0000000a   Code   RO         2073    .ARM.Collect$$_printf_percent$$00000012  c_w.l(_printf_l.o)
    0x080003ec   0x080003ec   0x00000006   Code   RO         2055    .ARM.Collect$$_printf_percent$$00000013  c_w.l(_printf_c.o)
    0x080003f2   0x080003f2   0x00000006   Code   RO         2056    .ARM.Collect$$_printf_percent$$00000014  c_w.l(_printf_s.o)
    0x080003f8   0x080003f8   0x00000006   Code   RO         2074    .ARM.Collect$$_printf_percent$$00000015  c_w.l(_printf_lc.o)
    0x080003fe   0x080003fe   0x00000006   Code   RO         2075    .ARM.Collect$$_printf_percent$$00000016  c_w.l(_printf_ls.o)
    0x08000404   0x08000404   0x00000004   Code   RO         2189    .ARM.Collect$$_printf_percent$$00000017  c_w.l(_printf_percent_end.o)
    0x08000408   0x08000408   0x00000002   Code   RO         2255    .ARM.Collect$$libinit$$00000000  c_w.l(libinit.o)
    0x0800040a   0x0800040a   0x00000004   Code   RO         2078    .ARM.Collect$$libinit$$00000001  c_w.l(libinit2.o)
    0x0800040e   0x0800040e   0x00000000   Code   RO         2081    .ARM.Collect$$libinit$$00000004  c_w.l(libinit2.o)
    0x0800040e   0x0800040e   0x00000000   Code   RO         2083    .ARM.Collect$$libinit$$00000006  c_w.l(libinit2.o)
    0x0800040e   0x0800040e   0x00000000   Code   RO         2086    .ARM.Collect$$libinit$$0000000C  c_w.l(libinit2.o)
    0x0800040e   0x0800040e   0x00000000   Code   RO         2088    .ARM.Collect$$libinit$$0000000E  c_w.l(libinit2.o)
    0x0800040e   0x0800040e   0x00000004   Code   RO         2089    .ARM.Collect$$libinit$$0000000F  c_w.l(libinit2.o)
    0x08000412   0x08000412   0x00000000   Code   RO         2090    .ARM.Collect$$libinit$$00000010  c_w.l(libinit2.o)
    0x08000412   0x08000412   0x00000006   Code   RO         2091    .ARM.Collect$$libinit$$00000011  c_w.l(libinit2.o)
    0x08000418   0x08000418   0x00000000   Code   RO         2093    .ARM.Collect$$libinit$$00000013  c_w.l(libinit2.o)
    0x08000418   0x08000418   0x0000000c   Code   RO         2094    .ARM.Collect$$libinit$$00000014  c_w.l(libinit2.o)
    0x08000424   0x08000424   0x00000000   Code   RO         2095    .ARM.Collect$$libinit$$00000015  c_w.l(libinit2.o)
    0x08000424   0x08000424   0x00000000   Code   RO         2097    .ARM.Collect$$libinit$$00000017  c_w.l(libinit2.o)
    0x08000424   0x08000424   0x0000000a   Code   RO         2098    .ARM.Collect$$libinit$$00000018  c_w.l(libinit2.o)
    0x0800042e   0x0800042e   0x00000000   Code   RO         2099    .ARM.Collect$$libinit$$00000019  c_w.l(libinit2.o)
    0x0800042e   0x0800042e   0x00000000   Code   RO         2101    .ARM.Collect$$libinit$$0000001B  c_w.l(libinit2.o)
    0x0800042e   0x0800042e   0x00000000   Code   RO         2103    .ARM.Collect$$libinit$$0000001D  c_w.l(libinit2.o)
    0x0800042e   0x0800042e   0x00000000   Code   RO         2105    .ARM.Collect$$libinit$$0000001F  c_w.l(libinit2.o)
    0x0800042e   0x0800042e   0x00000000   Code   RO         2107    .ARM.Collect$$libinit$$00000021  c_w.l(libinit2.o)
    0x0800042e   0x0800042e   0x00000000   Code   RO         2109    .ARM.Collect$$libinit$$00000023  c_w.l(libinit2.o)
    0x0800042e   0x0800042e   0x00000000   Code   RO         2111    .ARM.Collect$$libinit$$00000025  c_w.l(libinit2.o)
    0x0800042e   0x0800042e   0x00000000   Code   RO         2113    .ARM.Collect$$libinit$$00000027  c_w.l(libinit2.o)
    0x0800042e   0x0800042e   0x00000000   Code   RO         2117    .ARM.Collect$$libinit$$0000002E  c_w.l(libinit2.o)
    0x0800042e   0x0800042e   0x00000000   Code   RO         2119    .ARM.Collect$$libinit$$00000030  c_w.l(libinit2.o)
    0x0800042e   0x0800042e   0x00000000   Code   RO         2121    .ARM.Collect$$libinit$$00000032  c_w.l(libinit2.o)
    0x0800042e   0x0800042e   0x00000000   Code   RO         2123    .ARM.Collect$$libinit$$00000034  c_w.l(libinit2.o)
    0x0800042e   0x0800042e   0x00000002   Code   RO         2124    .ARM.Collect$$libinit$$00000035  c_w.l(libinit2.o)
    0x08000430   0x08000430   0x00000002   Code   RO         2315    .ARM.Collect$$libshutdown$$00000000  c_w.l(libshutdown.o)
    0x08000432   0x08000432   0x00000000   Code   RO         2331    .ARM.Collect$$libshutdown$$00000002  c_w.l(libshutdown2.o)
    0x08000432   0x08000432   0x00000000   Code   RO         2333    .ARM.Collect$$libshutdown$$00000004  c_w.l(libshutdown2.o)
    0x08000432   0x08000432   0x00000000   Code   RO         2336    .ARM.Collect$$libshutdown$$00000007  c_w.l(libshutdown2.o)
    0x08000432   0x08000432   0x00000000   Code   RO         2339    .ARM.Collect$$libshutdown$$0000000A  c_w.l(libshutdown2.o)
    0x08000432   0x08000432   0x00000000   Code   RO         2341    .ARM.Collect$$libshutdown$$0000000C  c_w.l(libshutdown2.o)
    0x08000432   0x08000432   0x00000000   Code   RO         2344    .ARM.Collect$$libshutdown$$0000000F  c_w.l(libshutdown2.o)
    0x08000432   0x08000432   0x00000002   Code   RO         2345    .ARM.Collect$$libshutdown$$00000010  c_w.l(libshutdown2.o)
    0x08000434   0x08000434   0x00000000   Code   RO         1980    .ARM.Collect$$rtentry$$00000000  c_w.l(__rtentry.o)
    0x08000434   0x08000434   0x00000000   Code   RO         2151    .ARM.Collect$$rtentry$$00000002  c_w.l(__rtentry2.o)
    0x08000434   0x08000434   0x00000006   Code   RO         2163    .ARM.Collect$$rtentry$$00000004  c_w.l(__rtentry4.o)
    0x0800043a   0x0800043a   0x00000000   Code   RO         2153    .ARM.Collect$$rtentry$$00000009  c_w.l(__rtentry2.o)
    0x0800043a   0x0800043a   0x00000004   Code   RO         2154    .ARM.Collect$$rtentry$$0000000A  c_w.l(__rtentry2.o)
    0x0800043e   0x0800043e   0x00000000   Code   RO         2156    .ARM.Collect$$rtentry$$0000000C  c_w.l(__rtentry2.o)
    0x0800043e   0x0800043e   0x00000008   Code   RO         2157    .ARM.Collect$$rtentry$$0000000D  c_w.l(__rtentry2.o)
    0x08000446   0x08000446   0x00000002   Code   RO         2264    .ARM.Collect$$rtexit$$00000000  c_w.l(rtexit.o)
    0x08000448   0x08000448   0x00000000   Code   RO         2293    .ARM.Collect$$rtexit$$00000002  c_w.l(rtexit2.o)
    0x08000448   0x08000448   0x00000004   Code   RO         2294    .ARM.Collect$$rtexit$$00000003  c_w.l(rtexit2.o)
    0x0800044c   0x0800044c   0x00000006   Code   RO         2295    .ARM.Collect$$rtexit$$00000004  c_w.l(rtexit2.o)
    0x08000452   0x08000452   0x00000002   PAD
    0x08000454   0x08000454   0x00000034   Code   RO         1956    .emb_text           c_w.l(rand.o)
    0x08000488   0x08000488   0x00000040   Code   RO            4    .text               startup_stm32h750xx.o
    0x080004c8   0x080004c8   0x000000f0   Code   RO         1952    .text               c_w.l(lludivv7m.o)
    0x080005b8   0x080005b8   0x0000003c   Code   RO         1954    .text               c_w.l(vsnprintf.o)
    0x080005f4   0x080005f4   0x0000003c   Code   RO         1957    .text               c_w.l(rand.o)
    0x08000630   0x08000630   0x00000064   Code   RO         1961    .text               c_w.l(rt_memcpy_w.o)
    0x08000694   0x08000694   0x0000004e   Code   RO         1963    .text               c_w.l(rt_memclr_w.o)
    0x080006e2   0x080006e2   0x00000006   Code   RO         1965    .text               c_w.l(heapauxi.o)
    0x080006e8   0x080006e8   0x00000016   Code   RO         1985    .text               c_w.l(_rserrno.o)
    0x080006fe   0x080006fe   0x0000004e   Code   RO         1989    .text               c_w.l(_printf_pad.o)
    0x0800074c   0x0800074c   0x00000024   Code   RO         1991    .text               c_w.l(_printf_truncate.o)
    0x08000770   0x08000770   0x00000052   Code   RO         1993    .text               c_w.l(_printf_str.o)
    0x080007c2   0x080007c2   0x00000002   PAD
    0x080007c4   0x080007c4   0x00000078   Code   RO         1995    .text               c_w.l(_printf_dec.o)
    0x0800083c   0x0800083c   0x00000028   Code   RO         1997    .text               c_w.l(_printf_charcount.o)
    0x08000864   0x08000864   0x00000030   Code   RO         1999    .text               c_w.l(_printf_char_common.o)
    0x08000894   0x08000894   0x00000010   Code   RO         2001    .text               c_w.l(_snputc.o)
    0x080008a4   0x080008a4   0x000000bc   Code   RO         2003    .text               c_w.l(_printf_wctomb.o)
    0x08000960   0x08000960   0x0000007c   Code   RO         2006    .text               c_w.l(_printf_longlong_dec.o)
    0x080009dc   0x080009dc   0x00000070   Code   RO         2012    .text               c_w.l(_printf_oct_int_ll.o)
    0x08000a4c   0x08000a4c   0x00000094   Code   RO         2032    .text               c_w.l(_printf_hex_int_ll_ptr.o)
    0x08000ae0   0x08000ae0   0x00000188   Code   RO         2052    .text               c_w.l(__printf_flags_ss_wp.o)
    0x08000c68   0x08000c68   0x00000008   Code   RO         2170    .text               c_w.l(rt_errno_addr_intlibspace.o)
    0x08000c70   0x08000c70   0x0000008a   Code   RO         2172    .text               c_w.l(lludiv10.o)
    0x08000cfa   0x08000cfa   0x000000b2   Code   RO         2174    .text               c_w.l(_printf_intcommon.o)
    0x08000dac   0x08000dac   0x0000041c   Code   RO         2176    .text               c_w.l(_printf_fp_dec.o)
    0x080011c8   0x080011c8   0x000002fc   Code   RO         2180    .text               c_w.l(_printf_fp_hex.o)
    0x080014c4   0x080014c4   0x0000002c   Code   RO         2185    .text               c_w.l(_printf_char.o)
    0x080014f0   0x080014f0   0x0000002c   Code   RO         2187    .text               c_w.l(_printf_wchar.o)
    0x0800151c   0x0800151c   0x00000048   Code   RO         2190    .text               c_w.l(_c16rtomb.o)
    0x08001564   0x08001564   0x00000008   Code   RO         2196    .text               c_w.l(libspace.o)
    0x0800156c   0x0800156c   0x0000004a   Code   RO         2199    .text               c_w.l(sys_stackheap_outer.o)
    0x080015b6   0x080015b6   0x00000002   PAD
    0x080015b8   0x080015b8   0x00000010   Code   RO         2201    .text               c_w.l(rt_ctype_table.o)
    0x080015c8   0x080015c8   0x00000008   Code   RO         2206    .text               c_w.l(rt_locale_intlibspace.o)
    0x080015d0   0x080015d0   0x00000080   Code   RO         2208    .text               c_w.l(_printf_fp_infnan.o)
    0x08001650   0x08001650   0x000000e4   Code   RO         2210    .text               c_w.l(bigflt0.o)
    0x08001734   0x08001734   0x00000012   Code   RO         2240    .text               c_w.l(exit.o)
    0x08001746   0x08001746   0x00000002   PAD
    0x08001748   0x08001748   0x0000007c   Code   RO         2283    .text               c_w.l(strcmpv7m_pel.o)
    0x080017c4   0x080017c4   0x0000000c   Code   RO         2285    .text               c_w.l(sys_exit.o)
    0x080017d0   0x080017d0   0x00000002   Code   RO         2289    .text               c_w.l(use_no_semi.o)
    0x080017d2   0x080017d2   0x00000000   Code   RO         2291    .text               c_w.l(indicate_semi.o)
    0x080017d2   0x080017d2   0x00000006   PAD
    0x080017d8   0x080017d8   0x0000012c   Code   RO         1248    .text.ADC_ConfigureBoostMode  stm32h7xx_hal_adc.o
    0x08001904   0x08001904   0x00000004   PAD
    0x08001908   0x08001908   0x00000002   Code   RO           57    .text.BusFault_Handler  stm32h7xx_it.o
    0x0800190a   0x0800190a   0x00000006   PAD
    0x08001910   0x08001910   0x0000000c   Code   RO           69    .text.DMA1_Stream0_IRQHandler  stm32h7xx_it.o
    0x0800191c   0x0800191c   0x00000004   PAD
    0x08001920   0x08001920   0x0000000c   Code   RO           71    .text.DMA1_Stream1_IRQHandler  stm32h7xx_it.o
    0x0800192c   0x0800192c   0x00000004   PAD
    0x08001930   0x08001930   0x0000000c   Code   RO           73    .text.DMA1_Stream2_IRQHandler  stm32h7xx_it.o
    0x0800193c   0x0800193c   0x00000004   PAD
    0x08001940   0x08001940   0x0000000c   Code   RO           75    .text.DMA1_Stream3_IRQHandler  stm32h7xx_it.o
    0x0800194c   0x0800194c   0x00000004   PAD
    0x08001950   0x08001950   0x0000000c   Code   RO           77    .text.DMA1_Stream4_IRQHandler  stm32h7xx_it.o
    0x0800195c   0x0800195c   0x00000004   PAD
    0x08001960   0x08001960   0x0000000c   Code   RO           79    .text.DMA1_Stream5_IRQHandler  stm32h7xx_it.o
    0x0800196c   0x0800196c   0x00000004   PAD
    0x08001970   0x08001970   0x0000000c   Code   RO           81    .text.DMA1_Stream6_IRQHandler  stm32h7xx_it.o
    0x0800197c   0x0800197c   0x00000004   PAD
    0x08001980   0x08001980   0x00000128   Code   RO          650    .text.DMA_CalcBaseAndBitshift  stm32h7xx_hal_dma.o
    0x08001aa8   0x08001aa8   0x00000308   Code   RO          656    .text.DMA_SetConfig  stm32h7xx_hal_dma.o
    0x08001db0   0x08001db0   0x00000002   Code   RO           63    .text.DebugMon_Handler  stm32h7xx_it.o
    0x08001db2   0x08001db2   0x00000006   PAD
    0x08001db8   0x08001db8   0x0000000a   Code   RO           21    .text.Error_Handler  main.o
    0x08001dc2   0x08001dc2   0x00000006   PAD
    0x08001dc8   0x08001dc8   0x00000050   Code   RO         1939    .text.GetMidiMsg    midi.o
    0x08001e18   0x08001e18   0x000000b0   Code   RO         1360    .text.HAL_ADCEx_MultiModeConfigChannel  stm32h7xx_hal_adc_ex.o
    0x08001ec8   0x08001ec8   0x000003c8   Code   RO         1294    .text.HAL_ADC_ConfigChannel  stm32h7xx_hal_adc.o
    0x08002290   0x08002290   0x00000256   Code   RO         1244    .text.HAL_ADC_Init  stm32h7xx_hal_adc.o
    0x080024e6   0x080024e6   0x00000002   PAD
    0x080024e8   0x080024e8   0x00000118   Code   RO           94    .text.HAL_ADC_MspInit  stm32h7xx_hal_msp.o
    0x08002600   0x08002600   0x000002b6   Code   RO          662    .text.HAL_DMA_Abort_IT  stm32h7xx_hal_dma.o
    0x080028b6   0x080028b6   0x00000002   PAD
    0x080028b8   0x080028b8   0x00000004   Code   RO          674    .text.HAL_DMA_GetError  stm32h7xx_hal_dma.o
    0x080028bc   0x080028bc   0x00000004   PAD
    0x080028c0   0x080028c0   0x00000006   Code   RO          672    .text.HAL_DMA_GetState  stm32h7xx_hal_dma.o
    0x080028c6   0x080028c6   0x00000002   PAD
    0x080028c8   0x080028c8   0x00000818   Code   RO          666    .text.HAL_DMA_IRQHandler  stm32h7xx_hal_dma.o
    0x080030e0   0x080030e0   0x0000065e   Code   RO          648    .text.HAL_DMA_Init  stm32h7xx_hal_dma.o
    0x0800373e   0x0800373e   0x00000002   PAD
    0x08003740   0x08003740   0x000003aa   Code   RO          658    .text.HAL_DMA_Start_IT  stm32h7xx_hal_dma.o
    0x08003aea   0x08003aea   0x00000006   PAD
    0x08003af0   0x08003af0   0x00000028   Code   RO          958    .text.HAL_Delay     stm32h7xx_hal.o
    0x08003b18   0x08003b18   0x000001a6   Code   RO          594    .text.HAL_GPIO_Init  stm32h7xx_hal_gpio.o
    0x08003cbe   0x08003cbe   0x00000002   PAD
    0x08003cc0   0x08003cc0   0x0000000a   Code   RO          600    .text.HAL_GPIO_WritePin  stm32h7xx_hal_gpio.o
    0x08003cca   0x08003cca   0x00000006   PAD
    0x08003cd0   0x08003cd0   0x0000000e   Code   RO          966    .text.HAL_GetREVID  stm32h7xx_hal.o
    0x08003cde   0x08003cde   0x00000002   PAD
    0x08003ce0   0x08003ce0   0x0000000c   Code   RO          950    .text.HAL_GetTick   stm32h7xx_hal.o
    0x08003cec   0x08003cec   0x00000004   PAD
    0x08003cf0   0x08003cf0   0x0000004a   Code   RO         1198    .text.HAL_I2CEx_ConfigAnalogFilter  stm32h7xx_hal_i2c_ex.o
    0x08003d3a   0x08003d3a   0x00000006   PAD
    0x08003d40   0x08003d40   0x00000048   Code   RO         1200    .text.HAL_I2CEx_ConfigDigitalFilter  stm32h7xx_hal_i2c_ex.o
    0x08003d88   0x08003d88   0x00000002   Code   RO         1168    .text.HAL_I2C_AbortCpltCallback  stm32h7xx_hal_i2c.o
    0x08003d8a   0x08003d8a   0x00000006   PAD
    0x08003d90   0x08003d90   0x00000002   Code   RO         1158    .text.HAL_I2C_AddrCallback  stm32h7xx_hal_i2c.o
    0x08003d92   0x08003d92   0x00000006   PAD
    0x08003d98   0x08003d98   0x00000002   Code   RO         1166    .text.HAL_I2C_ErrorCallback  stm32h7xx_hal_i2c.o
    0x08003d9a   0x08003d9a   0x00000006   PAD
    0x08003da0   0x08003da0   0x000000b0   Code   RO         1044    .text.HAL_I2C_Init  stm32h7xx_hal_i2c.o
    0x08003e50   0x08003e50   0x00000002   Code   RO         1160    .text.HAL_I2C_ListenCpltCallback  stm32h7xx_hal_i2c.o
    0x08003e52   0x08003e52   0x00000006   PAD
    0x08003e58   0x08003e58   0x00000038   Code   RO           13    .text.HAL_I2C_MasterRxCpltCallback  main.o
    0x08003e90   0x08003e90   0x00000002   Code   RO         1150    .text.HAL_I2C_MasterTxCpltCallback  stm32h7xx_hal_i2c.o
    0x08003e92   0x08003e92   0x00000006   PAD
    0x08003e98   0x08003e98   0x00000172   Code   RO         1088    .text.HAL_I2C_Master_Receive_DMA  stm32h7xx_hal_i2c.o
    0x0800400a   0x0800400a   0x00000006   PAD
    0x08004010   0x08004010   0x00000002   Code   RO         1164    .text.HAL_I2C_MemRxCpltCallback  stm32h7xx_hal_i2c.o
    0x08004012   0x08004012   0x00000006   PAD
    0x08004018   0x08004018   0x00000002   Code   RO         1162    .text.HAL_I2C_MemTxCpltCallback  stm32h7xx_hal_i2c.o
    0x0800401a   0x0800401a   0x00000006   PAD
    0x08004020   0x08004020   0x000000ca   Code   RO           98    .text.HAL_I2C_MspInit  stm32h7xx_hal_msp.o
    0x080040ea   0x080040ea   0x00000006   PAD
    0x080040f0   0x080040f0   0x00000002   Code   RO         1156    .text.HAL_I2C_SlaveRxCpltCallback  stm32h7xx_hal_i2c.o
    0x080040f2   0x080040f2   0x00000006   PAD
    0x080040f8   0x080040f8   0x00000002   Code   RO         1154    .text.HAL_I2C_SlaveTxCpltCallback  stm32h7xx_hal_i2c.o
    0x080040fa   0x080040fa   0x00000006   PAD
    0x08004100   0x08004100   0x000000fa   Code   RO         1420    .text.HAL_I2SEx_TransmitReceive_DMA  stm32h7xx_hal_i2s.o
    0x080041fa   0x080041fa   0x00000006   PAD
    0x08004200   0x08004200   0x000000ac   Code   RO         1834    .text.HAL_I2SEx_TxRxCpltCallback  codec.o
    0x080042ac   0x080042ac   0x00000004   PAD
    0x080042b0   0x080042b0   0x00000094   Code   RO         1832    .text.HAL_I2SEx_TxRxHalfCpltCallback  codec.o
    0x08004344   0x08004344   0x00000004   PAD
    0x08004348   0x08004348   0x00000002   Code   RO         1434    .text.HAL_I2S_ErrorCallback  stm32h7xx_hal_i2s.o
    0x0800434a   0x0800434a   0x00000006   PAD
    0x08004350   0x08004350   0x00000170   Code   RO         1378    .text.HAL_I2S_Init  stm32h7xx_hal_i2s.o
    0x080044c0   0x080044c0   0x00000382   Code   RO          102    .text.HAL_I2S_MspInit  stm32h7xx_hal_msp.o
    0x08004842   0x08004842   0x00000006   PAD
    0x08004848   0x08004848   0x0000001a   Code   RO          948    .text.HAL_IncTick   stm32h7xx_hal.o
    0x08004862   0x08004862   0x00000006   PAD
    0x08004868   0x08004868   0x00000064   Code   RO          938    .text.HAL_Init      stm32h7xx_hal.o
    0x080048cc   0x080048cc   0x00000004   PAD
    0x080048d0   0x080048d0   0x00000050   Code   RO          940    .text.HAL_InitTick  stm32h7xx_hal.o
    0x08004920   0x08004920   0x0000005e   Code   RO          908    .text.HAL_MPU_ConfigRegion  stm32h7xx_hal_cortex.o
    0x0800497e   0x0800497e   0x00000002   PAD
    0x08004980   0x08004980   0x0000001a   Code   RO          900    .text.HAL_MPU_Disable  stm32h7xx_hal_cortex.o
    0x0800499a   0x0800499a   0x00000006   PAD
    0x080049a0   0x080049a0   0x00000020   Code   RO          902    .text.HAL_MPU_Enable  stm32h7xx_hal_cortex.o
    0x080049c0   0x080049c0   0x00000020   Code   RO           92    .text.HAL_MspInit   stm32h7xx_hal_msp.o
    0x080049e0   0x080049e0   0x00000022   Code   RO          890    .text.HAL_NVIC_EnableIRQ  stm32h7xx_hal_cortex.o
    0x08004a02   0x08004a02   0x00000006   PAD
    0x08004a08   0x08004a08   0x0000005a   Code   RO          888    .text.HAL_NVIC_SetPriority  stm32h7xx_hal_cortex.o
    0x08004a62   0x08004a62   0x00000006   PAD
    0x08004a68   0x08004a68   0x00000020   Code   RO          886    .text.HAL_NVIC_SetPriorityGrouping  stm32h7xx_hal_cortex.o
    0x08004a88   0x08004a88   0x00000026   Code   RO          307    .text.HAL_PCDEx_ActivateLPM  stm32h7xx_hal_pcd_ex.o
    0x08004aae   0x08004aae   0x00000002   PAD
    0x08004ab0   0x08004ab0   0x00000002   Code   RO          319    .text.HAL_PCDEx_LPM_Callback  stm32h7xx_hal_pcd_ex.o
    0x08004ab2   0x08004ab2   0x00000006   PAD
    0x08004ab8   0x08004ab8   0x00000008   Code   RO          305    .text.HAL_PCDEx_SetRxFiFo  stm32h7xx_hal_pcd_ex.o
    0x08004ac0   0x08004ac0   0x000000ce   Code   RO          303    .text.HAL_PCDEx_SetTxFiFo  stm32h7xx_hal_pcd_ex.o
    0x08004b8e   0x08004b8e   0x00000002   PAD
    0x08004b90   0x08004b90   0x00000008   Code   RO          177    .text.HAL_PCD_ConnectCallback  usbd_conf.o
    0x08004b98   0x08004b98   0x00000012   Code   RO          163    .text.HAL_PCD_DataInStageCallback  usbd_conf.o
    0x08004baa   0x08004baa   0x00000006   PAD
    0x08004bb0   0x08004bb0   0x00000014   Code   RO          161    .text.HAL_PCD_DataOutStageCallback  usbd_conf.o
    0x08004bc4   0x08004bc4   0x00000004   PAD
    0x08004bc8   0x08004bc8   0x00000008   Code   RO          179    .text.HAL_PCD_DisconnectCallback  usbd_conf.o
    0x08004bd0   0x08004bd0   0x00000050   Code   RO          273    .text.HAL_PCD_EP_Close  stm32h7xx_hal_pcd.o
    0x08004c20   0x08004c20   0x00000058   Code   RO          283    .text.HAL_PCD_EP_ClrStall  stm32h7xx_hal_pcd.o
    0x08004c78   0x08004c78   0x0000007a   Code   RO          271    .text.HAL_PCD_EP_Open  stm32h7xx_hal_pcd.o
    0x08004cf2   0x08004cf2   0x00000006   PAD
    0x08004cf8   0x08004cf8   0x00000038   Code   RO          275    .text.HAL_PCD_EP_Receive  stm32h7xx_hal_pcd.o
    0x08004d30   0x08004d30   0x00000070   Code   RO          281    .text.HAL_PCD_EP_SetStall  stm32h7xx_hal_pcd.o
    0x08004da0   0x08004da0   0x0000003c   Code   RO          279    .text.HAL_PCD_EP_Transmit  stm32h7xx_hal_pcd.o
    0x08004ddc   0x08004ddc   0x00000004   PAD
    0x08004de0   0x08004de0   0x0000097e   Code   RO          239    .text.HAL_PCD_IRQHandler  stm32h7xx_hal_pcd.o
    0x0800575e   0x0800575e   0x00000002   PAD
    0x08005760   0x08005760   0x00000008   Code   RO          175    .text.HAL_PCD_ISOINIncompleteCallback  usbd_conf.o
    0x08005768   0x08005768   0x00000008   Code   RO          173    .text.HAL_PCD_ISOOUTIncompleteCallback  usbd_conf.o
    0x08005770   0x08005770   0x0000027a   Code   RO          227    .text.HAL_PCD_Init  stm32h7xx_hal_pcd.o
    0x080059ea   0x080059ea   0x00000006   PAD
    0x080059f0   0x080059f0   0x00000082   Code   RO          155    .text.HAL_PCD_MspInit  usbd_conf.o
    0x08005a72   0x08005a72   0x00000006   PAD
    0x08005a78   0x08005a78   0x0000002a   Code   RO          167    .text.HAL_PCD_ResetCallback  usbd_conf.o
    0x08005aa2   0x08005aa2   0x00000006   PAD
    0x08005aa8   0x08005aa8   0x00000008   Code   RO          171    .text.HAL_PCD_ResumeCallback  usbd_conf.o
    0x08005ab0   0x08005ab0   0x00000008   Code   RO          165    .text.HAL_PCD_SOFCallback  usbd_conf.o
    0x08005ab8   0x08005ab8   0x00000028   Code   RO          269    .text.HAL_PCD_SetAddress  stm32h7xx_hal_pcd.o
    0x08005ae0   0x08005ae0   0x0000000e   Code   RO          159    .text.HAL_PCD_SetupStageCallback  usbd_conf.o
    0x08005aee   0x08005aee   0x00000002   PAD
    0x08005af0   0x08005af0   0x0000003e   Code   RO          235    .text.HAL_PCD_Start  stm32h7xx_hal_pcd.o
    0x08005b2e   0x08005b2e   0x00000002   PAD
    0x08005b30   0x08005b30   0x00000034   Code   RO          169    .text.HAL_PCD_SuspendCallback  usbd_conf.o
    0x08005b64   0x08005b64   0x00000004   PAD
    0x08005b68   0x08005b68   0x0000004c   Code   RO          798    .text.HAL_PWREx_ConfigSupply  stm32h7xx_hal_pwr_ex.o
    0x08005bb4   0x08005bb4   0x00000004   PAD
    0x08005bb8   0x08005bb8   0x00000012   Code   RO          852    .text.HAL_PWREx_EnableUSBVoltageDetector  stm32h7xx_hal_pwr_ex.o
    0x08005bca   0x08005bca   0x00000006   PAD
    0x08005bd0   0x08005bd0   0x00000026   Code   RO          485    .text.HAL_RCCEx_GetD3PCLK1Freq  stm32h7xx_hal_rcc_ex.o
    0x08005bf6   0x08005bf6   0x00000002   PAD
    0x08005bf8   0x08005bf8   0x0000018c   Code   RO          479    .text.HAL_RCCEx_GetPLL1ClockFreq  stm32h7xx_hal_rcc_ex.o
    0x08005d84   0x08005d84   0x00000004   PAD
    0x08005d88   0x08005d88   0x00000188   Code   RO          481    .text.HAL_RCCEx_GetPLL2ClockFreq  stm32h7xx_hal_rcc_ex.o
    0x08005f10   0x08005f10   0x00000188   Code   RO          483    .text.HAL_RCCEx_GetPLL3ClockFreq  stm32h7xx_hal_rcc_ex.o
    0x08006098   0x08006098   0x000003fe   Code   RO          477    .text.HAL_RCCEx_GetPeriphCLKFreq  stm32h7xx_hal_rcc_ex.o
    0x08006496   0x08006496   0x00000002   PAD
    0x08006498   0x08006498   0x00000b0c   Code   RO          469    .text.HAL_RCCEx_PeriphCLKConfig  stm32h7xx_hal_rcc_ex.o
    0x08006fa4   0x08006fa4   0x00000004   PAD
    0x08006fa8   0x08006fa8   0x00000254   Code   RO          437    .text.HAL_RCC_ClockConfig  stm32h7xx_hal_rcc.o
    0x080071fc   0x080071fc   0x00000004   PAD
    0x08007200   0x08007200   0x0000004c   Code   RO          447    .text.HAL_RCC_GetHCLKFreq  stm32h7xx_hal_rcc.o
    0x0800724c   0x0800724c   0x00000004   PAD
    0x08007250   0x08007250   0x00000060   Code   RO          449    .text.HAL_RCC_GetPCLK1Freq  stm32h7xx_hal_rcc.o
    0x080072b0   0x080072b0   0x00000060   Code   RO          451    .text.HAL_RCC_GetPCLK2Freq  stm32h7xx_hal_rcc.o
    0x08007310   0x08007310   0x00000174   Code   RO          439    .text.HAL_RCC_GetSysClockFreq  stm32h7xx_hal_rcc.o
    0x08007484   0x08007484   0x00000004   PAD
    0x08007488   0x08007488   0x0000056c   Code   RO          435    .text.HAL_RCC_OscConfig  stm32h7xx_hal_rcc.o
    0x080079f4   0x080079f4   0x00000004   PAD
    0x080079f8   0x080079f8   0x00000014   Code   RO          988    .text.HAL_SYSCFG_AnalogSwitchConfig  stm32h7xx_hal.o
    0x08007a0c   0x08007a0c   0x00000004   PAD
    0x08007a10   0x08007a10   0x0000002e   Code   RO          898    .text.HAL_SYSTICK_Config  stm32h7xx_hal_cortex.o
    0x08007a3e   0x08007a3e   0x00000002   PAD
    0x08007a40   0x08007a40   0x00000036   Code   RO         1626    .text.HAL_UARTEx_DisableFifoMode  stm32h7xx_hal_uart_ex.o
    0x08007a76   0x08007a76   0x00000002   PAD
    0x08007a78   0x08007a78   0x0000008c   Code   RO         1630    .text.HAL_UARTEx_SetRxFifoThreshold  stm32h7xx_hal_uart_ex.o
    0x08007b04   0x08007b04   0x00000004   PAD
    0x08007b08   0x08007b08   0x0000008c   Code   RO         1628    .text.HAL_UARTEx_SetTxFifoThreshold  stm32h7xx_hal_uart_ex.o
    0x08007b94   0x08007b94   0x00000004   PAD
    0x08007b98   0x08007b98   0x00000064   Code   RO         1463    .text.HAL_UART_Init  stm32h7xx_hal_uart.o
    0x08007bfc   0x08007bfc   0x00000004   PAD
    0x08007c00   0x08007c00   0x00000072   Code   RO          106    .text.HAL_UART_MspInit  stm32h7xx_hal_msp.o
    0x08007c72   0x08007c72   0x00000006   PAD
    0x08007c78   0x08007c78   0x000001aa   Code   RO         1483    .text.HAL_UART_Transmit  stm32h7xx_hal_uart.o
    0x08007e22   0x08007e22   0x00000006   PAD
    0x08007e28   0x08007e28   0x00000002   Code   RO           53    .text.HardFault_Handler  stm32h7xx_it.o
    0x08007e2a   0x08007e2a   0x00000006   PAD
    0x08007e30   0x08007e30   0x00000014   Code   RO         1937    .text.HasMidiMsg    midi.o
    0x08007e44   0x08007e44   0x00000004   PAD
    0x08007e48   0x08007e48   0x0000003c   Code   RO         1130    .text.I2C_DMAAbort  stm32h7xx_hal_i2c.o
    0x08007e84   0x08007e84   0x00000004   PAD
    0x08007e88   0x08007e88   0x0000004e   Code   RO         1086    .text.I2C_DMAError  stm32h7xx_hal_i2c.o
    0x08007ed6   0x08007ed6   0x00000002   PAD
    0x08007ed8   0x08007ed8   0x000000b0   Code   RO         1090    .text.I2C_DMAMasterReceiveCplt  stm32h7xx_hal_i2c.o
    0x08007f88   0x08007f88   0x000000a2   Code   RO         1186    .text.I2C_ITAddrCplt  stm32h7xx_hal_i2c.o
    0x0800802a   0x0800802a   0x00000006   PAD
    0x08008030   0x08008030   0x00000196   Code   RO         1148    .text.I2C_ITError   stm32h7xx_hal_i2c.o
    0x080081c6   0x080081c6   0x00000002   PAD
    0x080081c8   0x080081c8   0x00000062   Code   RO         1182    .text.I2C_ITListenCplt  stm32h7xx_hal_i2c.o
    0x0800822a   0x0800822a   0x00000006   PAD
    0x08008230   0x08008230   0x0000015a   Code   RO         1178    .text.I2C_ITMasterCplt  stm32h7xx_hal_i2c.o
    0x0800838a   0x0800838a   0x00000006   PAD
    0x08008390   0x08008390   0x00000070   Code   RO         1176    .text.I2C_ITMasterSeqCplt  stm32h7xx_hal_i2c.o
    0x08008400   0x08008400   0x000003b6   Code   RO         1180    .text.I2C_ITSlaveCplt  stm32h7xx_hal_i2c.o
    0x080087b6   0x080087b6   0x00000002   PAD
    0x080087b8   0x080087b8   0x00000094   Code   RO         1184    .text.I2C_ITSlaveSeqCplt  stm32h7xx_hal_i2c.o
    0x0800884c   0x0800884c   0x00000004   PAD
    0x08008850   0x08008850   0x000001ec   Code   RO         1082    .text.I2C_Master_ISR_DMA  stm32h7xx_hal_i2c.o
    0x08008a3c   0x08008a3c   0x00000004   PAD
    0x08008a40   0x08008a40   0x00000190   Code   RO         1070    .text.I2C_Master_ISR_IT  stm32h7xx_hal_i2c.o
    0x08008bd0   0x08008bd0   0x00000204   Code   RO         1114    .text.I2C_Mem_ISR_DMA  stm32h7xx_hal_i2c.o
    0x08008dd4   0x08008dd4   0x00000004   PAD
    0x08008dd8   0x08008dd8   0x00000114   Code   RO         1094    .text.I2C_Slave_ISR_DMA  stm32h7xx_hal_i2c.o
    0x08008eec   0x08008eec   0x00000004   PAD
    0x08008ef0   0x08008ef0   0x0000021a   Code   RO         1076    .text.I2C_Slave_ISR_IT  stm32h7xx_hal_i2c.o
    0x0800910a   0x0800910a   0x00000006   PAD
    0x08009110   0x08009110   0x0000002e   Code   RO         1424    .text.I2SEx_DMATxRxCplt  stm32h7xx_hal_i2s.o
    0x0800913e   0x0800913e   0x00000002   PAD
    0x08009140   0x08009140   0x00000006   Code   RO         1422    .text.I2SEx_DMATxRxHalfCplt  stm32h7xx_hal_i2s.o
    0x08009146   0x08009146   0x00000002   PAD
    0x08009148   0x08009148   0x00000024   Code   RO         1412    .text.I2S_DMAError  stm32h7xx_hal_i2s.o
    0x0800916c   0x0800916c   0x00000004   PAD
    0x08009170   0x08009170   0x00000086   Code   RO          118    .text.MX_USB_DEVICE_Init  usb_device.o
    0x080091f6   0x080091f6   0x00000002   PAD
    0x080091f8   0x080091f8   0x00000002   Code   RO           55    .text.MemManage_Handler  stm32h7xx_it.o
    0x080091fa   0x080091fa   0x00000006   PAD
    0x08009200   0x08009200   0x00000002   Code   RO           51    .text.NMI_Handler   stm32h7xx_it.o
    0x08009202   0x08009202   0x00000006   PAD
    0x08009208   0x08009208   0x0000000c   Code   RO           83    .text.OTG_FS_IRQHandler  stm32h7xx_it.o
    0x08009214   0x08009214   0x00000004   PAD
    0x08009218   0x08009218   0x00000002   Code   RO           65    .text.PendSV_Handler  stm32h7xx_it.o
    0x0800921a   0x0800921a   0x00000006   PAD
    0x08009220   0x08009220   0x00000122   Code   RO          471    .text.RCCEx_PLL2_Config  stm32h7xx_hal_rcc_ex.o
    0x08009342   0x08009342   0x00000006   PAD
    0x08009348   0x08009348   0x00000122   Code   RO          473    .text.RCCEx_PLL3_Config  stm32h7xx_hal_rcc_ex.o
    0x0800946a   0x0800946a   0x00000006   PAD
    0x08009470   0x08009470   0x00000052   Code   RO         1921    .text.ResetSynth    synth_1.o
    0x080094c2   0x080094c2   0x00000006   PAD
    0x080094c8   0x080094c8   0x00000140   Code   RO         1915    .text.ResetUnisonOsc  synth_1.o
    0x08009608   0x08009608   0x00000002   Code   RO           61    .text.SVC_Handler   stm32h7xx_it.o
    0x0800960a   0x0800960a   0x00000006   PAD
    0x08009610   0x08009610   0x00000210   Code   RO         1923    .text.SynthProcMidi  synth_1.o
    0x08009820   0x08009820   0x000002b8   Code   RO         1925    .text.SynthProcessBlock  synth_1.o
    0x08009ad8   0x08009ad8   0x00000004   Code   RO           67    .text.SysTick_Handler  stm32h7xx_it.o
    0x08009adc   0x08009adc   0x00000004   PAD
    0x08009ae0   0x08009ae0   0x00000140   Code   RO           17    .text.SystemClock_Config  main.o
    0x08009c20   0x08009c20   0x000000cc   Code   RO         1649    .text.SystemInit    system_stm32h7xx.o
    0x08009cec   0x08009cec   0x00000004   PAD
    0x08009cf0   0x08009cf0   0x000000e0   Code   RO         1467    .text.UART_AdvFeatureConfig  stm32h7xx_hal_uart.o
    0x08009dd0   0x08009dd0   0x0000016e   Code   RO         1471    .text.UART_CheckIdleState  stm32h7xx_hal_uart.o
    0x08009f3e   0x08009f3e   0x00000002   PAD
    0x08009f40   0x08009f40   0x00000488   Code   RO         1469    .text.UART_SetConfig  stm32h7xx_hal_uart.o
    0x0800a3c8   0x0800a3c8   0x00000358   Code   RO         1485    .text.UART_WaitOnFlagUntilTimeout  stm32h7xx_hal_uart.o
    0x0800a720   0x0800a720   0x00000012   Code   RO         1677    .text.USBD_ClrClassConfig  usbd_core.o
    0x0800a732   0x0800a732   0x00000006   PAD
    0x0800a738   0x0800a738   0x00000004   Code   RO         1685    .text.USBD_CoreFindEP  usbd_core.o
    0x0800a73c   0x0800a73c   0x00000004   PAD
    0x0800a740   0x0800a740   0x00000004   Code   RO         1683    .text.USBD_CoreFindIF  usbd_core.o
    0x0800a744   0x0800a744   0x00000004   PAD
    0x0800a748   0x0800a748   0x00000010   Code   RO         1746    .text.USBD_CtlContinueRx  usbd_ioreq.o
    0x0800a758   0x0800a758   0x00000010   Code   RO         1742    .text.USBD_CtlContinueSendData  usbd_ioreq.o
    0x0800a768   0x0800a768   0x00000016   Code   RO         1721    .text.USBD_CtlError  usbd_ctlreq.o
    0x0800a77e   0x0800a77e   0x00000002   PAD
    0x0800a780   0x0800a780   0x00000016   Code   RO         1750    .text.USBD_CtlReceiveStatus  usbd_ioreq.o
    0x0800a796   0x0800a796   0x00000002   PAD
    0x0800a798   0x0800a798   0x0000001a   Code   RO         1740    .text.USBD_CtlSendData  usbd_ioreq.o
    0x0800a7b2   0x0800a7b2   0x00000006   PAD
    0x0800a7b8   0x0800a7b8   0x00000016   Code   RO         1748    .text.USBD_CtlSendStatus  usbd_ioreq.o
    0x0800a7ce   0x0800a7ce   0x00000002   PAD
    0x0800a7d0   0x0800a7d0   0x00000024   Code   RO          137    .text.USBD_FS_ConfigStrDescriptor  usbd_desc.o
    0x0800a7f4   0x0800a7f4   0x00000004   PAD
    0x0800a7f8   0x0800a7f8   0x0000000e   Code   RO          127    .text.USBD_FS_DeviceDescriptor  usbd_desc.o
    0x0800a806   0x0800a806   0x00000002   PAD
    0x0800a808   0x0800a808   0x00000028   Code   RO          139    .text.USBD_FS_InterfaceStrDescriptor  usbd_desc.o
    0x0800a830   0x0800a830   0x0000000e   Code   RO          129    .text.USBD_FS_LangIDStrDescriptor  usbd_desc.o
    0x0800a83e   0x0800a83e   0x00000002   PAD
    0x0800a840   0x0800a840   0x0000002c   Code   RO          131    .text.USBD_FS_ManufacturerStrDescriptor  usbd_desc.o
    0x0800a86c   0x0800a86c   0x00000004   PAD
    0x0800a870   0x0800a870   0x00000020   Code   RO          133    .text.USBD_FS_ProductStrDescriptor  usbd_desc.o
    0x0800a890   0x0800a890   0x0000016c   Code   RO          135    .text.USBD_FS_SerialStrDescriptor  usbd_desc.o
    0x0800a9fc   0x0800a9fc   0x00000004   PAD
    0x0800aa00   0x0800aa00   0x00000084   Code   RO         1707    .text.USBD_GetEpDesc  usbd_core.o
    0x0800aa84   0x0800aa84   0x00000004   PAD
    0x0800aa88   0x0800aa88   0x00000100   Code   RO         1729    .text.USBD_GetString  usbd_ctlreq.o
    0x0800ab88   0x0800ab88   0x00000014   Code   RO         1768    .text.USBD_HID_DataIn  usbd_hid.o
    0x0800ab9c   0x0800ab9c   0x00000004   PAD
    0x0800aba0   0x0800aba0   0x0000002c   Code   RO         1764    .text.USBD_HID_DeInit  usbd_hid.o
    0x0800abcc   0x0800abcc   0x00000004   PAD
    0x0800abd0   0x0800abd0   0x00000010   Code   RO         1776    .text.USBD_HID_GetDeviceQualifierDesc  usbd_hid.o
    0x0800abe0   0x0800abe0   0x00000028   Code   RO         1772    .text.USBD_HID_GetFSCfgDesc  usbd_hid.o
    0x0800ac08   0x0800ac08   0x00000028   Code   RO         1770    .text.USBD_HID_GetHSCfgDesc  usbd_hid.o
    0x0800ac30   0x0800ac30   0x00000028   Code   RO         1774    .text.USBD_HID_GetOtherSpeedCfgDesc  usbd_hid.o
    0x0800ac58   0x0800ac58   0x0000004e   Code   RO         1762    .text.USBD_HID_Init  usbd_hid.o
    0x0800aca6   0x0800aca6   0x00000002   PAD
    0x0800aca8   0x0800aca8   0x00000110   Code   RO         1766    .text.USBD_HID_Setup  usbd_hid.o
    0x0800adb8   0x0800adb8   0x00000028   Code   RO         1663    .text.USBD_Init     usbd_core.o
    0x0800ade0   0x0800ade0   0x00000022   Code   RO          199    .text.USBD_LL_ClearStallEP  usbd_conf.o
    0x0800ae02   0x0800ae02   0x00000006   PAD
    0x0800ae08   0x0800ae08   0x00000022   Code   RO          193    .text.USBD_LL_CloseEP  usbd_conf.o
    0x0800ae2a   0x0800ae2a   0x00000006   PAD
    0x0800ae30   0x0800ae30   0x000000b4   Code   RO         1687    .text.USBD_LL_DataInStage  usbd_core.o
    0x0800aee4   0x0800aee4   0x00000004   PAD
    0x0800aee8   0x0800aee8   0x00000070   Code   RO         1681    .text.USBD_LL_DataOutStage  usbd_core.o
    0x0800af58   0x0800af58   0x00000004   Code   RO         1703    .text.USBD_LL_DevConnected  usbd_core.o
    0x0800af5c   0x0800af5c   0x00000004   PAD
    0x0800af60   0x0800af60   0x00000020   Code   RO         1705    .text.USBD_LL_DevDisconnected  usbd_core.o
    0x0800af80   0x0800af80   0x00000070   Code   RO          181    .text.USBD_LL_Init  usbd_conf.o
    0x0800aff0   0x0800aff0   0x0000002a   Code   RO          201    .text.USBD_LL_IsStallEP  usbd_conf.o
    0x0800b01a   0x0800b01a   0x00000006   PAD
    0x0800b020   0x0800b020   0x0000002c   Code   RO         1699    .text.USBD_LL_IsoINIncomplete  usbd_core.o
    0x0800b04c   0x0800b04c   0x00000004   PAD
    0x0800b050   0x0800b050   0x0000002c   Code   RO         1701    .text.USBD_LL_IsoOUTIncomplete  usbd_core.o
    0x0800b07c   0x0800b07c   0x00000004   PAD
    0x0800b080   0x0800b080   0x00000028   Code   RO          191    .text.USBD_LL_OpenEP  usbd_conf.o
    0x0800b0a8   0x0800b0a8   0x00000022   Code   RO          207    .text.USBD_LL_PrepareReceive  usbd_conf.o
    0x0800b0ca   0x0800b0ca   0x00000006   PAD
    0x0800b0d0   0x0800b0d0   0x00000060   Code   RO         1689    .text.USBD_LL_Reset  usbd_core.o
    0x0800b130   0x0800b130   0x00000014   Code   RO         1695    .text.USBD_LL_Resume  usbd_core.o
    0x0800b144   0x0800b144   0x00000004   PAD
    0x0800b148   0x0800b148   0x0000001e   Code   RO         1697    .text.USBD_LL_SOF   usbd_core.o
    0x0800b166   0x0800b166   0x00000002   PAD
    0x0800b168   0x0800b168   0x00000008   Code   RO         1691    .text.USBD_LL_SetSpeed  usbd_core.o
    0x0800b170   0x0800b170   0x00000022   Code   RO          203    .text.USBD_LL_SetUSBAddress  usbd_conf.o
    0x0800b192   0x0800b192   0x00000006   PAD
    0x0800b198   0x0800b198   0x00000062   Code   RO         1679    .text.USBD_LL_SetupStage  usbd_core.o
    0x0800b1fa   0x0800b1fa   0x00000006   PAD
    0x0800b200   0x0800b200   0x00000022   Code   RO          197    .text.USBD_LL_StallEP  usbd_conf.o
    0x0800b222   0x0800b222   0x00000006   PAD
    0x0800b228   0x0800b228   0x00000022   Code   RO          187    .text.USBD_LL_Start  usbd_conf.o
    0x0800b24a   0x0800b24a   0x00000006   PAD
    0x0800b250   0x0800b250   0x0000001c   Code   RO         1693    .text.USBD_LL_Suspend  usbd_core.o
    0x0800b26c   0x0800b26c   0x00000004   PAD
    0x0800b270   0x0800b270   0x00000022   Code   RO          205    .text.USBD_LL_Transmit  usbd_conf.o
    0x0800b292   0x0800b292   0x00000006   PAD
    0x0800b298   0x0800b298   0x0000000c   Code   RO         1800    .text.USBD_MIDI_DataIn  usbd_midi.o
    0x0800b2a4   0x0800b2a4   0x00000004   PAD
    0x0800b2a8   0x0800b2a8   0x00000118   Code   RO         1935    .text.USBD_MIDI_DataInHandler  midi.o
    0x0800b3c0   0x0800b3c0   0x00000034   Code   RO         1802    .text.USBD_MIDI_DataOut  usbd_midi.o
    0x0800b3f4   0x0800b3f4   0x00000004   PAD
    0x0800b3f8   0x0800b3f8   0x0000001e   Code   RO         1796    .text.USBD_MIDI_DeInit  usbd_midi.o
    0x0800b416   0x0800b416   0x00000002   PAD
    0x0800b418   0x0800b418   0x00000010   Code   RO         1804    .text.USBD_MIDI_GetCfgDesc  usbd_midi.o
    0x0800b428   0x0800b428   0x00000010   Code   RO         1806    .text.USBD_MIDI_GetDeviceQualifierDesc  usbd_midi.o
    0x0800b438   0x0800b438   0x00000044   Code   RO         1794    .text.USBD_MIDI_Init  usbd_midi.o
    0x0800b47c   0x0800b47c   0x00000004   PAD
    0x0800b480   0x0800b480   0x000000c4   Code   RO         1798    .text.USBD_MIDI_Setup  usbd_midi.o
    0x0800b544   0x0800b544   0x00000004   PAD
    0x0800b548   0x0800b548   0x00000016   Code   RO         1727    .text.USBD_ParseSetupRequest  usbd_ctlreq.o
    0x0800b55e   0x0800b55e   0x00000002   PAD
    0x0800b560   0x0800b560   0x00000046   Code   RO         1667    .text.USBD_RegisterClass  usbd_core.o
    0x0800b5a6   0x0800b5a6   0x00000002   PAD
    0x0800b5a8   0x0800b5a8   0x00000010   Code   RO         1675    .text.USBD_SetClassConfig  usbd_core.o
    0x0800b5b8   0x0800b5b8   0x00000004   Code   RO         1669    .text.USBD_Start    usbd_core.o
    0x0800b5bc   0x0800b5bc   0x00000004   PAD
    0x0800b5c0   0x0800b5c0   0x0000038e   Code   RO         1719    .text.USBD_StdDevReq  usbd_ctlreq.o
    0x0800b94e   0x0800b94e   0x00000002   PAD
    0x0800b950   0x0800b950   0x0000016a   Code   RO         1725    .text.USBD_StdEPReq  usbd_ctlreq.o
    0x0800baba   0x0800baba   0x00000006   PAD
    0x0800bac0   0x0800bac0   0x00000078   Code   RO         1723    .text.USBD_StdItfReq  usbd_ctlreq.o
    0x0800bb38   0x0800bb38   0x00000002   Code   RO          213    .text.USBD_static_free  usbd_conf.o
    0x0800bb3a   0x0800bb3a   0x00000006   PAD
    0x0800bb40   0x0800bb40   0x0000000a   Code   RO          211    .text.USBD_static_malloc  usbd_conf.o
    0x0800bb4a   0x0800bb4a   0x00000006   PAD
    0x0800bb50   0x0800bb50   0x00000086   Code   RO          351    .text.USB_ActivateEndpoint  stm32h7xx_ll_usb.o
    0x0800bbd6   0x0800bbd6   0x00000002   PAD
    0x0800bbd8   0x0800bbd8   0x00000020   Code   RO          393    .text.USB_ActivateSetup  stm32h7xx_ll_usb.o
    0x0800bbf8   0x0800bbf8   0x0000022e   Code   RO          329    .text.USB_CoreInit  stm32h7xx_ll_usb.o
    0x0800be26   0x0800be26   0x00000002   PAD
    0x0800be28   0x0800be28   0x0000007c   Code   RO          355    .text.USB_DeactivateEndpoint  stm32h7xx_ll_usb.o
    0x0800bea4   0x0800bea4   0x00000004   PAD
    0x0800bea8   0x0800bea8   0x0000001e   Code   RO          375    .text.USB_DevConnect  stm32h7xx_ll_usb.o
    0x0800bec6   0x0800bec6   0x00000002   PAD
    0x0800bec8   0x0800bec8   0x0000001e   Code   RO          377    .text.USB_DevDisconnect  stm32h7xx_ll_usb.o
    0x0800bee6   0x0800bee6   0x00000002   PAD
    0x0800bee8   0x0800bee8   0x000004ac   Code   RO          341    .text.USB_DevInit   stm32h7xx_ll_usb.o
    0x0800c394   0x0800c394   0x00000004   PAD
    0x0800c398   0x0800c398   0x0000000e   Code   RO          335    .text.USB_DisableGlobalInt  stm32h7xx_ll_usb.o
    0x0800c3a6   0x0800c3a6   0x00000002   PAD
    0x0800c3a8   0x0800c3a8   0x0000005a   Code   RO          395    .text.USB_EP0_OutStart  stm32h7xx_ll_usb.o
    0x0800c402   0x0800c402   0x00000006   PAD
    0x0800c408   0x0800c408   0x00000052   Code   RO          369    .text.USB_EPClearStall  stm32h7xx_ll_usb.o
    0x0800c45a   0x0800c45a   0x00000006   PAD
    0x0800c460   0x0800c460   0x00000040   Code   RO          367    .text.USB_EPSetStall  stm32h7xx_ll_usb.o
    0x0800c4a0   0x0800c4a0   0x0000021a   Code   RO          359    .text.USB_EPStartXfer  stm32h7xx_ll_usb.o
    0x0800c6ba   0x0800c6ba   0x00000006   PAD
    0x0800c6c0   0x0800c6c0   0x0000010e   Code   RO          363    .text.USB_EPStopXfer  stm32h7xx_ll_usb.o
    0x0800c7ce   0x0800c7ce   0x00000002   PAD
    0x0800c7d0   0x0800c7d0   0x0000000e   Code   RO          333    .text.USB_EnableGlobalInt  stm32h7xx_ll_usb.o
    0x0800c7de   0x0800c7de   0x00000002   PAD
    0x0800c7e0   0x0800c7e0   0x000000be   Code   RO          345    .text.USB_FlushTxFifo  stm32h7xx_ll_usb.o
    0x0800c89e   0x0800c89e   0x00000002   PAD
    0x0800c8a0   0x0800c8a0   0x0000001a   Code   RO          349    .text.USB_GetDevSpeed  stm32h7xx_ll_usb.o
    0x0800c8ba   0x0800c8ba   0x00000006   PAD
    0x0800c8c0   0x0800c8c0   0x00000008   Code   RO          339    .text.USB_GetMode   stm32h7xx_ll_usb.o
    0x0800c8c8   0x0800c8c8   0x0000000e   Code   RO          385    .text.USB_ReadDevAllInEpInterrupt  stm32h7xx_ll_usb.o
    0x0800c8d6   0x0800c8d6   0x00000002   PAD
    0x0800c8d8   0x0800c8d8   0x0000000e   Code   RO          383    .text.USB_ReadDevAllOutEpInterrupt  stm32h7xx_ll_usb.o
    0x0800c8e6   0x0800c8e6   0x00000002   PAD
    0x0800c8e8   0x0800c8e8   0x00000024   Code   RO          389    .text.USB_ReadDevInEPInterrupt  stm32h7xx_ll_usb.o
    0x0800c90c   0x0800c90c   0x00000004   PAD
    0x0800c910   0x0800c910   0x00000010   Code   RO          387    .text.USB_ReadDevOutEPInterrupt  stm32h7xx_ll_usb.o
    0x0800c920   0x0800c920   0x00000008   Code   RO          379    .text.USB_ReadInterrupts  stm32h7xx_ll_usb.o
    0x0800c928   0x0800c928   0x000000ae   Code   RO          365    .text.USB_ReadPacket  stm32h7xx_ll_usb.o
    0x0800c9d6   0x0800c9d6   0x00000002   PAD
    0x0800c9d8   0x0800c9d8   0x00000368   Code   RO          337    .text.USB_SetCurrentMode  stm32h7xx_ll_usb.o
    0x0800cd40   0x0800cd40   0x00000022   Code   RO          373    .text.USB_SetDevAddress  stm32h7xx_ll_usb.o
    0x0800cd62   0x0800cd62   0x00000006   PAD
    0x0800cd68   0x0800cd68   0x00000118   Code   RO          331    .text.USB_SetTurnaroundTime  stm32h7xx_ll_usb.o
    0x0800ce80   0x0800ce80   0x00000078   Code   RO          361    .text.USB_WritePacket  stm32h7xx_ll_usb.o
    0x0800cef8   0x0800cef8   0x00000002   Code   RO           59    .text.UsageFault_Handler  stm32h7xx_it.o
    0x0800cefa   0x0800cefa   0x00000006   PAD
    0x0800cf00   0x0800cf00   0x00000006   Code   RO         1850    .text.codecGetNumSamples  codec.o
    0x0800cf06   0x0800cf06   0x00000002   PAD
    0x0800cf08   0x0800cf08   0x0000000c   Code   RO         1844    .text.codecGetRx1Ptr  codec.o
    0x0800cf14   0x0800cf14   0x00000004   PAD
    0x0800cf18   0x0800cf18   0x0000000c   Code   RO         1846    .text.codecGetRx2Ptr  codec.o
    0x0800cf24   0x0800cf24   0x00000004   PAD
    0x0800cf28   0x0800cf28   0x0000000c   Code   RO         1848    .text.codecGetRx3Ptr  codec.o
    0x0800cf34   0x0800cf34   0x00000004   PAD
    0x0800cf38   0x0800cf38   0x0000000c   Code   RO         1838    .text.codecGetTx1Ptr  codec.o
    0x0800cf44   0x0800cf44   0x00000004   PAD
    0x0800cf48   0x0800cf48   0x0000000c   Code   RO         1840    .text.codecGetTx2Ptr  codec.o
    0x0800cf54   0x0800cf54   0x00000004   PAD
    0x0800cf58   0x0800cf58   0x0000000c   Code   RO         1842    .text.codecGetTx3Ptr  codec.o
    0x0800cf64   0x0800cf64   0x00000004   PAD
    0x0800cf68   0x0800cf68   0x00000060   Code   RO         1830    .text.codecInit     codec.o
    0x0800cfc8   0x0800cfc8   0x0000005c   Code   RO         1836    .text.codecWaitForAllBufferPrepare  codec.o
    0x0800d024   0x0800d024   0x00000004   PAD
    0x0800d028   0x0800d028   0x000008bc   Code   RO           15    .text.main          main.o
    0x0800d8e4   0x0800d8e4   0x00000004   PAD
    0x0800d8e8   0x0800d8e8   0x0000004c   Code   RO         1870    .text.uart_printf   printf.o
    0x0800d934   0x0800d934   0x00000004   PAD
    0x0800d938   0x0800d938   0x0000000c   Code   RO         1868    .text.uart_setUartHandle  printf.o
    0x0800d944   0x0800d944   0x0000003e   Code   RO         2213    CL$$btod_d2e        c_w.l(btod.o)
    0x0800d982   0x0800d982   0x00000046   Code   RO         2215    CL$$btod_d2e_denorm_low  c_w.l(btod.o)
    0x0800d9c8   0x0800d9c8   0x00000060   Code   RO         2214    CL$$btod_d2e_norm_op1  c_w.l(btod.o)
    0x0800da28   0x0800da28   0x00000338   Code   RO         2223    CL$$btod_div_common  c_w.l(btod.o)
    0x0800dd60   0x0800dd60   0x000000dc   Code   RO         2220    CL$$btod_e2e        c_w.l(btod.o)
    0x0800de3c   0x0800de3c   0x0000002a   Code   RO         2217    CL$$btod_ediv       c_w.l(btod.o)
    0x0800de66   0x0800de66   0x0000002a   Code   RO         2216    CL$$btod_emul       c_w.l(btod.o)
    0x0800de90   0x0800de90   0x00000244   Code   RO         2222    CL$$btod_mult_common  c_w.l(btod.o)
    0x0800e0d4   0x0800e0d4   0x00000030   Code   RO         2258    i.__ARM_fpclassify  m_wv.l(fpclassify.o)
    0x0800e104   0x0800e104   0x00000026   Code   RO         2134    i.__ARM_fpclassifyf  m_wv.l(fpclassifyf.o)
    0x0800e12a   0x0800e12a   0x00000002   PAD
    0x0800e12c   0x0800e12c   0x000001c8   Code   RO         1973    i.__hardfp_exp2f    m_wv.l(exp2f.o)
    0x0800e2f4   0x0800e2f4   0x00000006   Code   RO         2137    i.__mathlib_flt_infnan  m_wv.l(funder.o)
    0x0800e2fa   0x0800e2fa   0x00000002   PAD
    0x0800e2fc   0x0800e2fc   0x00000010   Code   RO         2140    i.__mathlib_flt_overflow  m_wv.l(funder.o)
    0x0800e30c   0x0800e30c   0x00000010   Code   RO         2142    i.__mathlib_flt_underflow  m_wv.l(funder.o)
    0x0800e31c   0x0800e31c   0x0000000e   Code   RO         2045    i._is_digit         c_w.l(__printf_wp.o)
    0x0800e32a   0x0800e32a   0x00000002   PAD
    0x0800e32c   0x0800e32c   0x0000002c   Code   RO         2238    locale$$code        c_w.l(lc_numeric_c.o)
    0x0800e358   0x0800e358   0x0000002c   Code   RO         2273    locale$$code        c_w.l(lc_ctype_c.o)
    0x0800e384   0x0800e384   0x0000008a   Code   RO         1970    x$fpl$dfltull       fz_wv.l(dfltll_clz.o)
    0x0800e40e   0x0800e40e   0x0000001a   Code   RO         2194    x$fpl$fpinit        fz_wv.l(fpinit.o)
    0x0800e428   0x0800e428   0x00000004   Code   RO         2125    x$fpl$printf1       fz_wv.l(printf1.o)
    0x0800e42c   0x0800e42c   0x00000004   Code   RO         2127    x$fpl$printf2       fz_wv.l(printf2.o)
    0x0800e430   0x0800e430   0x00000000   Code   RO         2133    x$fpl$usenofp       fz_wv.l(usenofp.o)
    0x0800e430   0x0800e430   0x00000030   Data   RO         1976    .constdata          m_wv.l(exp2f.o)
    0x0800e460   0x0800e460   0x00000008   Data   RO         2004    .constdata          c_w.l(_printf_wctomb.o)
    0x0800e468   0x0800e468   0x00000028   Data   RO         2033    .constdata          c_w.l(_printf_hex_int_ll_ptr.o)
    0x0800e490   0x0800e490   0x00000011   Data   RO         2053    .constdata          c_w.l(__printf_flags_ss_wp.o)
    0x0800e4a1   0x0800e4a1   0x00000026   Data   RO         2181    .constdata          c_w.l(_printf_fp_hex.o)
    0x0800e4c7   0x0800e4c7   0x00000001   PAD
    0x0800e4c8   0x0800e4c8   0x00000094   Data   RO         2211    .constdata          c_w.l(bigflt0.o)
    0x0800e55c   0x0800e55c   0x00000006   Data   RO         1598    .rodata..Lswitch.table.UART_SetConfig.5  stm32h7xx_hal_uart.o
    0x0800e562   0x0800e562   0x00000006   Data   RO         1599    .rodata..Lswitch.table.UART_SetConfig.7  stm32h7xx_hal_uart.o
    0x0800e568   0x0800e568   0x00000010   Data   RO         1653    .rodata.D1CorePrescTable  system_stm32h7xx.o
    0x0800e578   0x0800e578   0x00000018   Data   RO         1597    .rodata.UARTPrescTable  stm32h7xx_hal_uart.o
    0x0800e590   0x0800e590   0x00000010   Data   RO         1640    .rodata.cst8        stm32h7xx_hal_uart_ex.o
    0x0800e5a0   0x0800e5a0   0x00000020   Data   RO         2347    Region$$Table       anon$$obj.o
    0x0800e5c0   0x0800e5c0   0x0000001c   Data   RO         2237    locale$$data        c_w.l(lc_numeric_c.o)
    0x0800e5dc   0x0800e5dc   0x00000110   Data   RO         2272    locale$$data        c_w.l(lc_ctype_c.o)


    Execution Region RW_IRAM1 (Exec base: 0x20000000, Load base: 0x0800e6ec, Size: 0x00000000, Max: 0x00020000, ABSOLUTE)

    **** No section assigned to this execution region ****


    Execution Region RW_IRAM2 (Exec base: 0x24000000, Load base: 0x0800e6f0, Size: 0x00016688, Max: 0x00080000, ABSOLUTE, COMPRESSED[0x00000140])

    Exec Addr    Load Addr    Size         Type   Attr      Idx    E Section Name        Object

    0x24000000   COMPRESSED   0x00000008   Data   RW         1035    .data..L_MergedGlobals  stm32h7xx_hal.o
    0x24000008   COMPRESSED   0x00000008   Data   RW         1654    .data..L_MergedGlobals  system_stm32h7xx.o
    0x24000010   COMPRESSED   0x00000056   Data   RW         1785    .data..L_MergedGlobals  usbd_hid.o
    0x24000066   COMPRESSED   0x00000002   PAD
    0x24000068   COMPRESSED   0x00000018   Data   RW         1858    .data..L_MergedGlobals  codec.o
    0x24000080   COMPRESSED   0x00000020   Data   RW          141    .data.FS_Desc       usbd_desc.o
    0x240000a0   COMPRESSED   0x00000012   Data   RW          142    .data.USBD_FS_DeviceDesc  usbd_desc.o
    0x240000b2   COMPRESSED   0x00000002   PAD
    0x240000b4   COMPRESSED   0x00000038   Data   RW         1782    .data.USBD_HID      usbd_hid.o
    0x240000ec   COMPRESSED   0x00000022   Data   RW         1783    .data.USBD_HID_CfgDesc  usbd_hid.o
    0x2400010e   COMPRESSED   0x00000002   PAD
    0x24000110   COMPRESSED   0x0000000a   Data   RW         1784    .data.USBD_HID_DeviceQualifierDesc  usbd_hid.o
    0x2400011a   COMPRESSED   0x00000002   PAD
    0x2400011c   COMPRESSED   0x00000004   Data   RW          144    .data.USBD_LangIDDesc  usbd_desc.o
    0x24000120   COMPRESSED   0x00000038   Data   RW         1818    .data.USBD_MIDI     usbd_midi.o
    0x24000158   COMPRESSED   0x00000053   Data   RW         1821    .data.USBD_MIDI_CfgDesc  usbd_midi.o
    0x240001ab   COMPRESSED   0x00000001   PAD
    0x240001ac   COMPRESSED   0x0000000a   Data   RW         1819    .data.USBD_MIDI_DeviceQualifierDesc  usbd_midi.o
    0x240001b6   COMPRESSED   0x00000002   PAD
    0x240001b8   COMPRESSED   0x0000001a   Data   RW          145    .data.USBD_StringSerial  usbd_desc.o
    0x240001d2   COMPRESSED   0x00000006   PAD
    0x240001d8        -       0x000000e4   Zero   RW         1958    .bss                c_w.l(rand.o)
    0x240002bc        -       0x00000060   Zero   RW         2197    .bss                c_w.l(libspace.o)
    0x2400031c        -       0x00000008   Zero   RW         1942    .bss..L_MergedGlobals  midi.o
    0x24000324        -       0x00000018   Zero   RW         1859    .bss..L_MergedGlobals.1  codec.o
    0x2400033c        -       0x0000005e   Zero   RW           27    .bss.F103IOCopy     main.o
    0x2400039a   COMPRESSED   0x00000002   PAD
    0x2400039c        -       0x0000005e   Zero   RW           28    .bss.F103IORecv     main.o
    0x240003fa   COMPRESSED   0x00000002   PAD
    0x240003fc        -       0x00003000   Zero   RW         1941    .bss.MidiMsgFifo    midi.o
    0x240033fc        -       0x00000001   Zero   RW         1731    .bss.USBD_SetConfig.cfgidx  usbd_ctlreq.o
    0x240033fd   COMPRESSED   0x00000003   PAD
    0x24003400        -       0x00000200   Zero   RW          146    .bss.USBD_StrDesc   usbd_desc.o
    0x24003600        -       0x00000014   Zero   RW          218    .bss.USBD_static_malloc.mem  usbd_conf.o
    0x24003614        -       0x00000600   Zero   RW           24    .bss.bufl           main.o
    0x24003c14        -       0x00000600   Zero   RW           25    .bss.bufr           main.o
    0x24004214        -       0x000002dc   Zero   RW          120    .bss.hUsbDeviceFS   usb_device.o
    0x240044f0        -       0x00000064   Zero   RW           33    .bss.hadc1          main.o
    0x24004554        -       0x00000064   Zero   RW           34    .bss.hadc3          main.o
    0x240045b8        -       0x00000078   Zero   RW           35    .bss.hdma_i2c1_rx   main.o
    0x24004630        -       0x00000078   Zero   RW           37    .bss.hdma_spi1_rx   main.o
    0x240046a8        -       0x00000078   Zero   RW           36    .bss.hdma_spi1_tx   main.o
    0x24004720        -       0x00000078   Zero   RW           38    .bss.hdma_spi2_rx   main.o
    0x24004798        -       0x00000078   Zero   RW           39    .bss.hdma_spi2_tx   main.o
    0x24004810        -       0x00000078   Zero   RW           40    .bss.hdma_spi3_rx   main.o
    0x24004888        -       0x00000078   Zero   RW           41    .bss.hdma_spi3_tx   main.o
    0x24004900        -       0x00000054   Zero   RW           26    .bss.hi2c1          main.o
    0x24004954        -       0x00000054   Zero   RW           30    .bss.hi2s1          main.o
    0x240049a8        -       0x00000054   Zero   RW           31    .bss.hi2s2          main.o
    0x240049fc        -       0x00000054   Zero   RW           32    .bss.hi2s3          main.o
    0x24004a50        -       0x000004e4   Zero   RW          217    .bss.hpcd_USB_OTG_FS  usbd_conf.o
    0x24004f34        -       0x00000094   Zero   RW           29    .bss.huart1         main.o
    0x24004fc8        -       0x00001800   Zero   RW         1853    .bss.i2s1_rx_buf    codec.o
    0x240067c8        -       0x00001800   Zero   RW         1852    .bss.i2s1_tx_buf    codec.o
    0x24007fc8        -       0x00001800   Zero   RW         1855    .bss.i2s2_rx_buf    codec.o
    0x240097c8        -       0x00001800   Zero   RW         1854    .bss.i2s2_tx_buf    codec.o
    0x2400afc8        -       0x00001800   Zero   RW         1857    .bss.i2s3_rx_buf    codec.o
    0x2400c7c8        -       0x00001800   Zero   RW         1856    .bss.i2s3_tx_buf    codec.o
    0x2400dfc8        -       0x00000004   Zero   RW         1872    .bss.phuart         printf.o
    0x2400dfcc        -       0x00000274   Zero   RW           23    .bss.syn            main.o
    0x2400e240        -       0x00000040   Zero   RW         1820    .bss.usb_rx_buffer  usbd_midi.o
    0x2400e280        -       0x00000004   Zero   RW         1034    .bss.uwTick         stm32h7xx_hal.o
    0x2400e284        -       0x00000400   Zero   RW         1873    .bss.xxx_tmpbuf     printf.o
    0x2400e684   COMPRESSED   0x00000004   PAD
    0x2400e688        -       0x00004000   Zero   RW            2    HEAP                startup_stm32h750xx.o
    0x24012688        -       0x00004000   Zero   RW            1    STACK               startup_stm32h750xx.o


==============================================================================

Image component sizes


      Code (inc. data)   RO Data    RW Data    ZI Data      Debug   Object Name

       586          0          0         24      36888       6272   codec.o
      2622         76          0          0       5412      26589   main.o
       380         16          0          0      12296       1921   midi.o
        88          0          0          0       1028       4625   printf.o
        64         26        664          0      32768        840   startup_stm32h750xx.o
       292          0          0          8          4      15077   stm32h7xx_hal.o
      1866         14          0          0          0      28180   stm32h7xx_hal_adc.o
       176          0          0          0          0      29987   stm32h7xx_hal_adc_ex.o
       354          0          0          0          0      12522   stm32h7xx_hal_cortex.o
      6416         12          0          0          0      17942   stm32h7xx_hal_dma.o
       432          0          0          0          0       6982   stm32h7xx_hal_gpio.o
      5322          0          0          0          0      64425   stm32h7xx_hal_i2c.o
       146          0          0          0          0       7595   stm32h7xx_hal_i2c_ex.o
       708          0          0          0          0      16653   stm32h7xx_hal_i2s.o
      1526          0          0          0          0      15109   stm32h7xx_hal_msp.o
      3684          0          0          0          0      17333   stm32h7xx_hal_pcd.o
       254          0          0          0          0       6420   stm32h7xx_hal_pcd_ex.o
        94          0          0          0          0      10614   stm32h7xx_hal_pwr_ex.o
      2624         16          0          0          0      11813   stm32h7xx_hal_rcc.o
      5648        226          0          0          0      20175   stm32h7xx_hal_rcc_ex.o
      3132        332         36          0          0      43114   stm32h7xx_hal_uart.o
       334          0         16          0          0      11515   stm32h7xx_hal_uart_ex.o
       116          0          0          0          0       6287   stm32h7xx_it.o
      4968          0          0          0          0      39912   stm32h7xx_ll_usb.o
      1626         40          0          0          0      10062   synth_1.o
       204          0         16          8          0       5928   system_stm32h7xx.o
       134          0          0          0        732       3306   usb_device.o
       768          0          0          0       1272      21255   usbd_conf.o
       984          0          0          0          0      11350   usbd_core.o
      1692         36          0          0          1      11269   usbd_ctlreq.o
       544         56          0         80        512       4209   usbd_desc.o
       550         22          0        186          0       7352   usbd_hid.o
       102          0          0          0          0       4763   usbd_ioreq.o
       390         10          0        149         64       7150   usbd_midi.o

    ----------------------------------------------------------------------
     49580        902        764        468      90992     508546   Object Totals
         0          0         32          0          0          0   (incl. Generated)
       754         20          0         13         15          0   (incl. Padding)

    ----------------------------------------------------------------------

      Code (inc. data)   RO Data    RW Data    ZI Data      Debug   Library Member Name

        90          0          0          0          0          0   __dczerorl2.o
         8          0          0          0          0         68   __main.o
       392          4         17          0          0         92   __printf_flags_ss_wp.o
        14          0          0          0          0         68   __printf_wp.o
         0          0          0          0          0          0   __rtentry.o
        12          0          0          0          0          0   __rtentry2.o
         6          0          0          0          0          0   __rtentry4.o
        94          8          0          0          0          0   __scatter.o
        28          0          0          0          0          0   __scatter_zi.o
        72          0          0          0          0         96   _c16rtomb.o
         6          0          0          0          0          0   _printf_a.o
         6          0          0          0          0          0   _printf_c.o
        44          0          0          0          0        108   _printf_char.o
        48          6          0          0          0         96   _printf_char_common.o
        40          0          0          0          0         68   _printf_charcount.o
         6          0          0          0          0          0   _printf_d.o
       120         16          0          0          0         92   _printf_dec.o
         6          0          0          0          0          0   _printf_e.o
         6          0          0          0          0          0   _printf_f.o
      1052          0          0          0          0        148   _printf_fp_dec.o
       764          8         38          0          0        100   _printf_fp_hex.o
       128         16          0          0          0         84   _printf_fp_infnan.o
         6          0          0          0          0          0   _printf_g.o
       148          4         40          0          0        160   _printf_hex_int_ll_ptr.o
         6          0          0          0          0          0   _printf_i.o
       178          0          0          0          0         88   _printf_intcommon.o
        10          0          0          0          0          0   _printf_l.o
         6          0          0          0          0          0   _printf_lc.o
        10          0          0          0          0          0   _printf_ll.o
         6          0          0          0          0          0   _printf_lld.o
         6          0          0          0          0          0   _printf_lli.o
         6          0          0          0          0          0   _printf_llo.o
         6          0          0          0          0          0   _printf_llu.o
         6          0          0          0          0          0   _printf_llx.o
       124         16          0          0          0         92   _printf_longlong_dec.o
         6          0          0          0          0          0   _printf_ls.o
         6          0          0          0          0          0   _printf_n.o
         6          0          0          0          0          0   _printf_o.o
       112          8          0          0          0        124   _printf_oct_int_ll.o
         6          0          0          0          0          0   _printf_p.o
        78          0          0          0          0        108   _printf_pad.o
         0          0          0          0          0          0   _printf_percent.o
         4          0          0          0          0          0   _printf_percent_end.o
         6          0          0          0          0          0   _printf_s.o
        82          0          0          0          0         80   _printf_str.o
        36          0          0          0          0         84   _printf_truncate.o
         6          0          0          0          0          0   _printf_u.o
        44          0          0          0          0        108   _printf_wchar.o
       188          6          8          0          0         92   _printf_wctomb.o
         6          0          0          0          0          0   _printf_x.o
        22          0          0          0          0        100   _rserrno.o
        16          0          0          0          0         68   _snputc.o
       228          4        148          0          0         96   bigflt0.o
      1936        128          0          0          0        668   btod.o
        18          0          0          0          0         80   exit.o
         6          0          0          0          0        152   heapauxi.o
         0          0          0          0          0          0   indicate_semi.o
        44         10        272          0          0         76   lc_ctype_c.o
        44         10         28          0          0         76   lc_numeric_c.o
         2          0          0          0          0          0   libinit.o
        38          0          0          0          0          0   libinit2.o
         2          0          0          0          0          0   libshutdown.o
         2          0          0          0          0          0   libshutdown2.o
         8          4          0          0         96         68   libspace.o
       138          0          0          0          0         80   lludiv10.o
       240          0          0          0          0        100   lludivv7m.o
       112         18          0          0        228        160   rand.o
        16          4          0          0          0         76   rt_ctype_table.o
         8          4          0          0          0         68   rt_errno_addr_intlibspace.o
         8          4          0          0          0         68   rt_locale_intlibspace.o
        78          0          0          0          0         80   rt_memclr_w.o
       100          0          0          0          0         80   rt_memcpy_w.o
         2          0          0          0          0          0   rtexit.o
        10          0          0          0          0          0   rtexit2.o
       124          0          0          0          0         88   strcmpv7m_pel.o
        12          4          0          0          0         68   sys_exit.o
        74          0          0          0          0         80   sys_stackheap_outer.o
         2          0          0          0          0         68   use_no_semi.o
        60          4          0          0          0         80   vsnprintf.o
       138          0          0          0          0        132   dfltll_clz.o
        26          0          0          0          0        116   fpinit.o
         4          0          0          0          0        116   printf1.o
         4          0          0          0          0        116   printf2.o
         0          0          0          0          0          0   usenofp.o
       456         50         48          0          0        208   exp2f.o
        48          0          0          0          0        124   fpclassify.o
        38          0          0          0          0        116   fpclassifyf.o
        38         12          0          0          0        348   funder.o

    ----------------------------------------------------------------------
      8172        348        600          0        324       5712   Library Totals
        24          0          1          0          0          0   (incl. Padding)

    ----------------------------------------------------------------------

      Code (inc. data)   RO Data    RW Data    ZI Data      Debug   Library Name

      7396        286        551          0        324       4436   c_w.l
       172          0          0          0          0        480   fz_wv.l
       580         62         48          0          0        796   m_wv.l

    ----------------------------------------------------------------------
      8172        348        600          0        324       5712   Library Totals

    ----------------------------------------------------------------------

==============================================================================


      Code (inc. data)   RO Data    RW Data    ZI Data      Debug   

     57752       1250       1364        468      91316     510494   Grand Totals
     57752       1250       1364        320      91316     510494   ELF Image Totals (compressed)
     57752       1250       1364        320          0          0   ROM Totals

==============================================================================

    Total RO  Size (Code + RO Data)                59116 (  57.73kB)
    Total RW  Size (RW Data + ZI Data)             91784 (  89.63kB)
    Total ROM Size (Code + RO Data + RW Data)      59436 (  58.04kB)

==============================================================================

