Component: Arm Compiler for Embedded 6.22 Tool: armlink [5ee90200]

==============================================================================

Section Cross References

    startup_stm32h750xx.o(STACK) refers (Special) to heapauxi.o(.text) for __use_two_region_memory
    startup_stm32h750xx.o(HEAP) refers (Special) to heapauxi.o(.text) for __use_two_region_memory
    startup_stm32h750xx.o(RESET) refers (Special) to heapauxi.o(.text) for __use_two_region_memory
    startup_stm32h750xx.o(RESET) refers to startup_stm32h750xx.o(STACK) for __initial_sp
    startup_stm32h750xx.o(RESET) refers to startup_stm32h750xx.o(.text) for Reset_Handler
    startup_stm32h750xx.o(RESET) refers to stm32h7xx_it.o(.text.NMI_Handler) for NMI_Handler
    startup_stm32h750xx.o(RESET) refers to stm32h7xx_it.o(.text.HardFault_Handler) for HardFault_Handler
    startup_stm32h750xx.o(RESET) refers to stm32h7xx_it.o(.text.MemManage_Handler) for MemManage_Handler
    startup_stm32h750xx.o(RESET) refers to stm32h7xx_it.o(.text.BusFault_Handler) for BusFault_Handler
    startup_stm32h750xx.o(RESET) refers to stm32h7xx_it.o(.text.UsageFault_Handler) for UsageFault_Handler
    startup_stm32h750xx.o(RESET) refers to port.o(.text.SVC_Handler) for SVC_Handler
    startup_stm32h750xx.o(RESET) refers to stm32h7xx_it.o(.text.DebugMon_Handler) for DebugMon_Handler
    startup_stm32h750xx.o(RESET) refers to port.o(.text.PendSV_Handler) for PendSV_Handler
    startup_stm32h750xx.o(RESET) refers to stm32h7xx_it.o(.text.SysTick_Handler) for SysTick_Handler
    startup_stm32h750xx.o(.text) refers (Special) to heapauxi.o(.text) for __use_two_region_memory
    startup_stm32h750xx.o(.text) refers to system_stm32h7xx.o(.text.SystemInit) for SystemInit
    startup_stm32h750xx.o(.text) refers to __main.o(!!!main) for __main
    startup_stm32h750xx.o(.text) refers to startup_stm32h750xx.o(HEAP) for Heap_Mem
    startup_stm32h750xx.o(.text) refers to startup_stm32h750xx.o(STACK) for Stack_Mem
    main.o(.text.main) refers to stm32h7xx_hal_cortex.o(.text.HAL_MPU_Disable) for HAL_MPU_Disable
    main.o(.text.main) refers to stm32h7xx_hal_cortex.o(.text.HAL_MPU_ConfigRegion) for HAL_MPU_ConfigRegion
    main.o(.text.main) refers to stm32h7xx_hal_cortex.o(.text.HAL_MPU_Enable) for HAL_MPU_Enable
    main.o(.text.main) refers to stm32h7xx_hal.o(.text.HAL_Init) for HAL_Init
    main.o(.text.main) refers to main.o(.text.SystemClock_Config) for SystemClock_Config
    main.o(.text.main) refers to cmsis_os2.o(.text.osKernelInitialize) for osKernelInitialize
    main.o(.text.main) refers to main.o(.text.StartDefaultTask) for StartDefaultTask
    main.o(.text.main) refers to main.o(.rodata.defaultTask_attributes) for defaultTask_attributes
    main.o(.text.main) refers to cmsis_os2.o(.text.osThreadNew) for osThreadNew
    main.o(.text.main) refers to main.o(.bss.defaultTaskHandle) for defaultTaskHandle
    main.o(.text.main) refers to cmsis_os2.o(.text.osKernelStart) for osKernelStart
    main.o(.ARM.exidx.text.main) refers to main.o(.text.main) for [Anonymous Symbol]
    main.o(.text.SystemClock_Config) refers to rt_memclr_w.o(.text) for __aeabi_memclr4
    main.o(.text.SystemClock_Config) refers to stm32h7xx_hal_pwr_ex.o(.text.HAL_PWREx_ConfigSupply) for HAL_PWREx_ConfigSupply
    main.o(.text.SystemClock_Config) refers to stm32h7xx_hal_rcc.o(.text.HAL_RCC_OscConfig) for HAL_RCC_OscConfig
    main.o(.text.SystemClock_Config) refers to stm32h7xx_hal_rcc.o(.text.HAL_RCC_ClockConfig) for HAL_RCC_ClockConfig
    main.o(.ARM.exidx.text.SystemClock_Config) refers to main.o(.text.SystemClock_Config) for [Anonymous Symbol]
    main.o(.text.StartDefaultTask) refers to cmsis_os2.o(.text.osDelay) for osDelay
    main.o(.ARM.exidx.text.StartDefaultTask) refers to main.o(.text.StartDefaultTask) for [Anonymous Symbol]
    main.o(.ARM.exidx.text.Error_Handler) refers to main.o(.text.Error_Handler) for [Anonymous Symbol]
    main.o(.rodata.defaultTask_attributes) refers to main.o(.rodata.str1.1) for [Anonymous Symbol]
    stm32h7xx_it.o(.ARM.exidx.text.NMI_Handler) refers to stm32h7xx_it.o(.text.NMI_Handler) for [Anonymous Symbol]
    stm32h7xx_it.o(.ARM.exidx.text.HardFault_Handler) refers to stm32h7xx_it.o(.text.HardFault_Handler) for [Anonymous Symbol]
    stm32h7xx_it.o(.ARM.exidx.text.MemManage_Handler) refers to stm32h7xx_it.o(.text.MemManage_Handler) for [Anonymous Symbol]
    stm32h7xx_it.o(.ARM.exidx.text.BusFault_Handler) refers to stm32h7xx_it.o(.text.BusFault_Handler) for [Anonymous Symbol]
    stm32h7xx_it.o(.ARM.exidx.text.UsageFault_Handler) refers to stm32h7xx_it.o(.text.UsageFault_Handler) for [Anonymous Symbol]
    stm32h7xx_it.o(.ARM.exidx.text.DebugMon_Handler) refers to stm32h7xx_it.o(.text.DebugMon_Handler) for [Anonymous Symbol]
    stm32h7xx_it.o(.text.SysTick_Handler) refers to stm32h7xx_hal.o(.text.HAL_IncTick) for HAL_IncTick
    stm32h7xx_it.o(.text.SysTick_Handler) refers to tasks.o(.text.xTaskGetSchedulerState) for xTaskGetSchedulerState
[...]
    ../clib/signal.c                         0x00000000   Number         0  defsig_rtmem_formal.o ABSOLUTE
    ../clib/signal.c                         0x00000000   Number         0  defsig_exit.o ABSOLUTE
    ../clib/signal.c                         0x00000000   Number         0  defsig_rtmem_inner.o ABSOLUTE
    ../clib/signal.c                         0x00000000   Number         0  __raise.o ABSOLUTE
    ../clib/signal.c                         0x00000000   Number         0  defsig_general.o ABSOLUTE
    ../clib/signal.c                         0x00000000   Number         0  defsig_abrt_inner.o ABSOLUTE
    ../clib/signal.c                         0x00000000   Number         0  defsig_fpe_inner.o ABSOLUTE
    ../clib/signal.c                         0x00000000   Number         0  defsig_rtred_inner.o ABSOLUTE
    ../clib/signal.c                         0x00000000   Number         0  defsig_stak_inner.o ABSOLUTE
    ../clib/signal.c                         0x00000000   Number         0  defsig_pvfn_inner.o ABSOLUTE
    ../clib/signal.c                         0x00000000   Number         0  defsig_cppl_inner.o ABSOLUTE
    ../clib/signal.c                         0x00000000   Number         0  defsig_segv_inner.o ABSOLUTE
    ../clib/signal.c                         0x00000000   Number         0  defsig_other.o ABSOLUTE
    ../clib/signal.s                         0x00000000   Number         0  defsig.o ABSOLUTE
    ../clib/stdlib.c                         0x00000000   Number         0  exit.o ABSOLUTE
    ../fplib/fpinit.s                        0x00000000   Number         0  fpinit.o ABSOLUTE
    cmsis_os2.c                              0x00000000   Number         0  cmsis_os2.o ABSOLUTE
    croutine.c                               0x00000000   Number         0  croutine.o ABSOLUTE
    dc.s                                     0x00000000   Number         0  dc.o ABSOLUTE
    event_groups.c                           0x00000000   Number         0  event_groups.o ABSOLUTE
    freertos.c                               0x00000000   Number         0  freertos.o ABSOLUTE
    heap_4.c                                 0x00000000   Number         0  heap_4.o ABSOLUTE
    list.c                                   0x00000000   Number         0  list.o ABSOLUTE
    main.c                                   0x00000000   Number         0  main.o ABSOLUTE
    port.c                                   0x00000000   Number         0  port.o ABSOLUTE
    queue.c                                  0x00000000   Number         0  queue.o ABSOLUTE
    startup_stm32h750xx.s                    0x00000000   Number         0  startup_stm32h750xx.o ABSOLUTE
    stm32h7xx_hal.c                          0x00000000   Number         0  stm32h7xx_hal.o ABSOLUTE
    stm32h7xx_hal_cortex.c                   0x00000000   Number         0  stm32h7xx_hal_cortex.o ABSOLUTE
    stm32h7xx_hal_dma.c                      0x00000000   Number         0  stm32h7xx_hal_dma.o ABSOLUTE
    stm32h7xx_hal_dma_ex.c                   0x00000000   Number         0  stm32h7xx_hal_dma_ex.o ABSOLUTE
    stm32h7xx_hal_exti.c                     0x00000000   Number         0  stm32h7xx_hal_exti.o ABSOLUTE
    stm32h7xx_hal_flash.c                    0x00000000   Number         0  stm32h7xx_hal_flash.o ABSOLUTE
    stm32h7xx_hal_flash_ex.c                 0x00000000   Number         0  stm32h7xx_hal_flash_ex.o ABSOLUTE
    stm32h7xx_hal_gpio.c                     0x00000000   Number         0  stm32h7xx_hal_gpio.o ABSOLUTE
    stm32h7xx_hal_hsem.c                     0x00000000   Number         0  stm32h7xx_hal_hsem.o ABSOLUTE
    stm32h7xx_hal_i2c.c                      0x00000000   Number         0  stm32h7xx_hal_i2c.o ABSOLUTE
    stm32h7xx_hal_i2c_ex.c                   0x00000000   Number         0  stm32h7xx_hal_i2c_ex.o ABSOLUTE
    stm32h7xx_hal_mdma.c                     0x00000000   Number         0  stm32h7xx_hal_mdma.o ABSOLUTE
    stm32h7xx_hal_msp.c                      0x00000000   Number         0  stm32h7xx_hal_msp.o ABSOLUTE
    stm32h7xx_hal_pwr.c                      0x00000000   Number         0  stm32h7xx_hal_pwr.o ABSOLUTE
    stm32h7xx_hal_pwr_ex.c                   0x00000000   Number         0  stm32h7xx_hal_pwr_ex.o ABSOLUTE
    stm32h7xx_hal_rcc.c                      0x00000000   Number         0  stm32h7xx_hal_rcc.o ABSOLUTE
    stm32h7xx_hal_rcc_ex.c                   0x00000000   Number         0  stm32h7xx_hal_rcc_ex.o ABSOLUTE
    stm32h7xx_hal_tim.c                      0x00000000   Number         0  stm32h7xx_hal_tim.o ABSOLUTE
    stm32h7xx_hal_tim_ex.c                   0x00000000   Number         0  stm32h7xx_hal_tim_ex.o ABSOLUTE
    stm32h7xx_it.c                           0x00000000   Number         0  stm32h7xx_it.o ABSOLUTE
    stream_buffer.c                          0x00000000   Number         0  stream_buffer.o ABSOLUTE
    system_stm32h7xx.c                       0x00000000   Number         0  system_stm32h7xx.o ABSOLUTE
    tasks.c                                  0x00000000   Number         0  tasks.o ABSOLUTE
    timers.c                                 0x00000000   Number         0  timers.o ABSOLUTE
    RESET                                    0x08000000   Section      664  startup_stm32h750xx.o(RESET)
    !!!main                                  0x08000298   Section        8  __main.o(!!!main)
    !!!scatter                               0x080002a0   Section       92  __scatter.o(!!!scatter)
    !!handler_copy                           0x080002fc   Section       26  __scatter_copy.o(!!handler_copy)
    !!handler_null                           0x08000318   Section        2  __scatter.o(!!handler_null)
    !!handler_zi                             0x0800031c   Section       28  __scatter_zi.o(!!handler_zi)
    .ARM.Collect$$libinit$$00000000          0x08000338   Section        2  libinit.o(.ARM.Collect$$libinit$$00000000)
    .ARM.Collect$$libinit$$00000001          0x0800033a   Section        4  libinit2.o(.ARM.Collect$$libinit$$00000001)
    .ARM.Collect$$libinit$$00000004          0x0800033e   Section        0  libinit2.o(.ARM.Collect$$libinit$$00000004)
    .ARM.Collect$$libinit$$00000006          0x0800033e   Section        0  libinit2.o(.ARM.Collect$$libinit$$00000006)
    .ARM.Collect$$libinit$$0000000C          0x0800033e   Section        0  libinit2.o(.ARM.Collect$$libinit$$0000000C)
    .ARM.Collect$$libinit$$0000000E          0x0800033e   Section        0  libinit2.o(.ARM.Collect$$libinit$$0000000E)
    .ARM.Collect$$libinit$$00000010          0x0800033e   Section        0  libinit2.o(.ARM.Collect$$libinit$$00000010)
    .ARM.Collect$$libinit$$00000013          0x0800033e   Section        0  libinit2.o(.ARM.Collect$$libinit$$00000013)
    .ARM.Collect$$libinit$$00000015          0x0800033e   Section        0  libinit2.o(.ARM.Collect$$libinit$$00000015)
    .ARM.Collect$$libinit$$00000017          0x0800033e   Section        0  libinit2.o(.ARM.Collect$$libinit$$00000017)
    .ARM.Collect$$libinit$$00000019          0x0800033e   Section        0  libinit2.o(.ARM.Collect$$libinit$$00000019)
    .ARM.Collect$$libinit$$0000001B          0x0800033e   Section        0  libinit2.o(.ARM.Collect$$libinit$$0000001B)
    .ARM.Collect$$libinit$$0000001D          0x0800033e   Section        0  libinit2.o(.ARM.Collect$$libinit$$0000001D)
    .ARM.Collect$$libinit$$0000001F          0x0800033e   Section        0  libinit2.o(.ARM.Collect$$libinit$$0000001F)
    .ARM.Collect$$libinit$$00000021          0x0800033e   Section        0  libinit2.o(.ARM.Collect$$libinit$$00000021)
    .ARM.Collect$$libinit$$00000023          0x0800033e   Section        0  libinit2.o(.ARM.Collect$$libinit$$00000023)
    .ARM.Collect$$libinit$$00000025          0x0800033e   Section        0  libinit2.o(.ARM.Collect$$libinit$$00000025)
    .ARM.Collect$$libinit$$00000027          0x0800033e   Section        0  libinit2.o(.ARM.Collect$$libinit$$00000027)
    .ARM.Collect$$libinit$$0000002E          0x0800033e   Section        0  libinit2.o(.ARM.Collect$$libinit$$0000002E)
    .ARM.Collect$$libinit$$00000030          0x0800033e   Section        0  libinit2.o(.ARM.Collect$$libinit$$00000030)
    .ARM.Collect$$libinit$$00000032          0x0800033e   Section        0  libinit2.o(.ARM.Collect$$libinit$$00000032)
    .ARM.Collect$$libinit$$00000034          0x0800033e   Section        0  libinit2.o(.ARM.Collect$$libinit$$00000034)
    .ARM.Collect$$libinit$$00000035          0x0800033e   Section        2  libinit2.o(.ARM.Collect$$libinit$$00000035)
    .ARM.Collect$$libshutdown$$00000000      0x08000340   Section        2  libshutdown.o(.ARM.Collect$$libshutdown$$00000000)
    .ARM.Collect$$libshutdown$$00000002      0x08000342   Section        0  libshutdown2.o(.ARM.Collect$$libshutdown$$00000002)
    .ARM.Collect$$libshutdown$$00000004      0x08000342   Section        0  libshutdown2.o(.ARM.Collect$$libshutdown$$00000004)
    .ARM.Collect$$libshutdown$$00000007      0x08000342   Section        0  libshutdown2.o(.ARM.Collect$$libshutdown$$00000007)
    .ARM.Collect$$libshutdown$$0000000A      0x08000342   Section        0  libshutdown2.o(.ARM.Collect$$libshutdown$$0000000A)
    .ARM.Collect$$libshutdown$$0000000C      0x08000342   Section        0  libshutdown2.o(.ARM.Collect$$libshutdown$$0000000C)
    .ARM.Collect$$libshutdown$$0000000F      0x08000342   Section        0  libshutdown2.o(.ARM.Collect$$libshutdown$$0000000F)
    .ARM.Collect$$libshutdown$$00000010      0x08000342   Section        2  libshutdown2.o(.ARM.Collect$$libshutdown$$00000010)
    .ARM.Collect$$rtentry$$00000000          0x08000344   Section        0  __rtentry.o(.ARM.Collect$$rtentry$$00000000)
    .ARM.Collect$$rtentry$$00000002          0x08000344   Section        0  __rtentry2.o(.ARM.Collect$$rtentry$$00000002)
    .ARM.Collect$$rtentry$$00000004          0x08000344   Section        6  __rtentry4.o(.ARM.Collect$$rtentry$$00000004)
    .ARM.Collect$$rtentry$$00000009          0x0800034a   Section        0  __rtentry2.o(.ARM.Collect$$rtentry$$00000009)
    .ARM.Collect$$rtentry$$0000000A          0x0800034a   Section        4  __rtentry2.o(.ARM.Collect$$rtentry$$0000000A)
    .ARM.Collect$$rtentry$$0000000C          0x0800034e   Section        0  __rtentry2.o(.ARM.Collect$$rtentry$$0000000C)
    .ARM.Collect$$rtentry$$0000000D          0x0800034e   Section        8  __rtentry2.o(.ARM.Collect$$rtentry$$0000000D)
    .ARM.Collect$$rtexit$$00000000           0x08000356   Section        2  rtexit.o(.ARM.Collect$$rtexit$$00000000)
    .ARM.Collect$$rtexit$$00000002           0x08000358   Section        0  rtexit2.o(.ARM.Collect$$rtexit$$00000002)
    .ARM.Collect$$rtexit$$00000003           0x08000358   Section        4  rtexit2.o(.ARM.Collect$$rtexit$$00000003)
    .ARM.Collect$$rtexit$$00000004           0x0800035c   Section        6  rtexit2.o(.ARM.Collect$$rtexit$$00000004)
    $v0                                      0x08000364   Number         0  startup_stm32h750xx.o(.text)
    .text                                    0x08000364   Section       64  startup_stm32h750xx.o(.text)
    .text                                    0x080003a4   Section      138  rt_memcpy_v6.o(.text)
    .text                                    0x0800042e   Section       16  aeabi_memset4.o(.text)
    .text                                    0x0800043e   Section       78  rt_memclr_w.o(.text)
    .text                                    0x0800048c   Section        0  heapauxi.o(.text)
    .text                                    0x08000492   Section      100  rt_memcpy_w.o(.text)
    .text                                    0x080004f6   Section       74  sys_stackheap_outer.o(.text)
    .text                                    0x08000540   Section        0  exit.o(.text)
    .text                                    0x08000554   Section        8  libspace.o(.text)
    .text                                    0x0800055c   Section        0  sys_exit.o(.text)
    .text                                    0x08000568   Section        2  use_no_semi.o(.text)
    .text                                    0x0800056a   Section        0  indicate_semi.o(.text)
    [Anonymous Symbol]                       0x08000570   Section        0  stm32h7xx_it.o(.text.BusFault_Handler)
    [Anonymous Symbol]                       0x08000578   Section        0  stm32h7xx_it.o(.text.DebugMon_Handler)
    [Anonymous Symbol]                       0x08000580   Section        0  stm32h7xx_hal.o(.text.HAL_GetREVID)
    [Anonymous Symbol]                       0x08000590   Section        0  stm32h7xx_hal.o(.text.HAL_GetTick)
    [Anonymous Symbol]                       0x080005a0   Section        0  stm32h7xx_hal.o(.text.HAL_IncTick)
    [Anonymous Symbol]                       0x080005c0   Section        0  stm32h7xx_hal.o(.text.HAL_Init)
    [Anonymous Symbol]                       0x08000628   Section        0  stm32h7xx_hal.o(.text.HAL_InitTick)
    [Anonymous Symbol]                       0x08000678   Section        0  stm32h7xx_hal_cortex.o(.text.HAL_MPU_ConfigRegion)
    [Anonymous Symbol]                       0x080006d8   Section        0  stm32h7xx_hal_cortex.o(.text.HAL_MPU_Disable)
    [Anonymous Symbol]                       0x080006f8   Section        0  stm32h7xx_hal_cortex.o(.text.HAL_MPU_Enable)
    [Anonymous Symbol]                       0x08000718   Section        0  stm32h7xx_hal_msp.o(.text.HAL_MspInit)
    [Anonymous Symbol]                       0x08000748   Section        0  stm32h7xx_hal_cortex.o(.text.HAL_NVIC_SetPriority)
    [Anonymous Symbol]                       0x080007a8   Section        0  stm32h7xx_hal_cortex.o(.text.HAL_NVIC_SetPriorityGrouping)
    [Anonymous Symbol]                       0x080007c8   Section        0  stm32h7xx_hal_pwr_ex.o(.text.HAL_PWREx_ConfigSupply)
    [Anonymous Symbol]                       0x08000818   Section        0  stm32h7xx_hal_rcc.o(.text.HAL_RCC_ClockConfig)
    [Anonymous Symbol]                       0x08000a70   Section        0  stm32h7xx_hal_rcc.o(.text.HAL_RCC_GetSysClockFreq)
    [Anonymous Symbol]                       0x08000b88   Section        0  stm32h7xx_hal_rcc.o(.text.HAL_RCC_OscConfig)
    [Anonymous Symbol]                       0x080010f8   Section        0  stm32h7xx_hal_cortex.o(.text.HAL_SYSTICK_Config)
    [Anonymous Symbol]                       0x08001128   Section        0  stm32h7xx_it.o(.text.HardFault_Handler)
    [Anonymous Symbol]                       0x08001130   Section        0  stm32h7xx_it.o(.text.MemManage_Handler)
    [Anonymous Symbol]                       0x08001138   Section        0  stm32h7xx_it.o(.text.NMI_Handler)
    [Anonymous Symbol]                       0x08001140   Section        0  port.o(.text.PendSV_Handler)
    [Anonymous Symbol]                       0x080011a0   Section        0  port.o(.text.SVC_Handler)
    [Anonymous Symbol]                       0x080011c0   Section        0  main.o(.text.StartDefaultTask)
    [Anonymous Symbol]                       0x080011c8   Section        0  stm32h7xx_it.o(.text.SysTick_Handler)
    [Anonymous Symbol]                       0x080011e0   Section        0  main.o(.text.SystemClock_Config)
    [Anonymous Symbol]                       0x080012a8   Section        0  system_stm32h7xx.o(.text.SystemInit)
    [Anonymous Symbol]                       0x08001378   Section        0  stm32h7xx_it.o(.text.UsageFault_Handler)
    [Anonymous Symbol]                       0x08001380   Section        0  main.o(.text.main)
    [Anonymous Symbol]                       0x080013e0   Section        0  cmsis_os2.o(.text.osDelay)
    [Anonymous Symbol]                       0x08001400   Section        0  cmsis_os2.o(.text.osKernelInitialize)
    [Anonymous Symbol]                       0x08001430   Section        0  cmsis_os2.o(.text.osKernelStart)
    [Anonymous Symbol]                       0x08001470   Section        0  cmsis_os2.o(.text.osThreadNew)
    prvAddNewTaskToReadyList                 0x08001509   Thumb Code   652  tasks.o(.text.prvAddNewTaskToReadyList)
    [Anonymous Symbol]                       0x08001508   Section        0  tasks.o(.text.prvAddNewTaskToReadyList)
    prvIdleTask                              0x08001799   Thumb Code   134  tasks.o(.text.prvIdleTask)
    [Anonymous Symbol]                       0x08001798   Section        0  tasks.o(.text.prvIdleTask)
    prvInitialiseNewTask                     0x08001821   Thumb Code   258  tasks.o(.text.prvInitialiseNewTask)
    [Anonymous Symbol]                       0x08001820   Section        0  tasks.o(.text.prvInitialiseNewTask)
    prvPortStartFirstTask                    0x08001929   Thumb Code    40  port.o(.text.prvPortStartFirstTask)
    [Anonymous Symbol]                       0x08001928   Section        0  port.o(.text.prvPortStartFirstTask)
    prvTaskExitError                         0x08001951   Thumb Code    64  port.o(.text.prvTaskExitError)
    [Anonymous Symbol]                       0x08001950   Section        0  port.o(.text.prvTaskExitError)
    prvTimerTask                             0x08001991   Thumb Code   926  timers.o(.text.prvTimerTask)
    [Anonymous Symbol]                       0x08001990   Section        0  timers.o(.text.prvTimerTask)
    prvUnlockQueue                           0x08001d31   Thumb Code   122  queue.o(.text.prvUnlockQueue)
    [Anonymous Symbol]                       0x08001d30   Section        0  queue.o(.text.prvUnlockQueue)
    [Anonymous Symbol]                       0x08001db0   Section        0  heap_4.o(.text.pvPortMalloc)
    [Anonymous Symbol]                       0x08001fa0   Section        0  port.o(.text.pxPortInitialiseStack)
    [Anonymous Symbol]                       0x08001fd0   Section        0  list.o(.text.uxListRemove)
    [Anonymous Symbol]                       0x08001ff8   Section        0  cmsis_os2.o(.text.vApplicationGetIdleTaskMemory)
    [Anonymous Symbol]                       0x08002018   Section        0  cmsis_os2.o(.text.vApplicationGetTimerTaskMemory)
    [Anonymous Symbol]                       0x08002038   Section        0  list.o(.text.vListInitialise)
    [Anonymous Symbol]                       0x08002050   Section        0  list.o(.text.vListInitialiseItem)
    [Anonymous Symbol]                       0x08002058   Section        0  list.o(.text.vListInsert)
    [Anonymous Symbol]                       0x080020c0   Section        0  list.o(.text.vListInsertEnd)
    vPortEnableVFP                           0x080020e1   Thumb Code    20  port.o(.text.vPortEnableVFP)
    [Anonymous Symbol]                       0x080020e0   Section        0  port.o(.text.vPortEnableVFP)
    [Anonymous Symbol]                       0x080020f8   Section        0  port.o(.text.vPortEnterCritical)
    [Anonymous Symbol]                       0x08002148   Section        0  port.o(.text.vPortExitCritical)
    [Anonymous Symbol]                       0x08002178   Section        0  heap_4.o(.text.vPortFree)
    [Anonymous Symbol]                       0x08002250   Section        0  port.o(.text.vPortSetupTimerInterrupt)
    [Anonymous Symbol]                       0x08002288   Section        0  queue.o(.text.vQueueAddToRegistry)
    [Anonymous Symbol]                       0x080022e0   Section        0  queue.o(.text.vQueueWaitForMessageRestricted)
    [Anonymous Symbol]                       0x08002348   Section        0  tasks.o(.text.vTaskDelay)
    [Anonymous Symbol]                       0x080023d0   Section        0  tasks.o(.text.vTaskInternalSetTimeOutState)
    [Anonymous Symbol]                       0x080023e8   Section        0  tasks.o(.text.vTaskMissedYield)
    [Anonymous Symbol]                       0x080023f8   Section        0  tasks.o(.text.vTaskPlaceOnEventList)
    [Anonymous Symbol]                       0x08002478   Section        0  tasks.o(.text.vTaskPlaceOnEventListRestricted)
    [Anonymous Symbol]                       0x080024f8   Section        0  tasks.o(.text.vTaskStartScheduler)
    [Anonymous Symbol]                       0x080025e8   Section        0  tasks.o(.text.vTaskSuspendAll)
    __tagsym$$used.0                         0x080025f8   Number         0  tasks.o(.text.vTaskSwitchContext)
    [Anonymous Symbol]                       0x080025f8   Section        0  tasks.o(.text.vTaskSwitchContext)
    [Anonymous Symbol]                       0x080026c0   Section        0  port.o(.text.xPortStartScheduler)
    [Anonymous Symbol]                       0x08002880   Section        0  port.o(.text.xPortSysTickHandler)
    [Anonymous Symbol]                       0x080028b0   Section        0  queue.o(.text.xQueueGenericCreateStatic)
    [Anonymous Symbol]                       0x08002990   Section        0  queue.o(.text.xQueueGenericSend)
    [Anonymous Symbol]                       0x08002c58   Section        0  queue.o(.text.xQueueReceive)
    [Anonymous Symbol]                       0x08002ea8   Section        0  tasks.o(.text.xTaskCheckForTimeOut)
    [Anonymous Symbol]                       0x08002f48   Section        0  tasks.o(.text.xTaskCreate)
    [Anonymous Symbol]                       0x08002fa8   Section        0  tasks.o(.text.xTaskCreateStatic)
    [Anonymous Symbol]                       0x08003028   Section        0  tasks.o(.text.xTaskGetSchedulerState)
    [Anonymous Symbol]                       0x08003048   Section        0  tasks.o(.text.xTaskGetTickCount)
    [Anonymous Symbol]                       0x08003060   Section        0  tasks.o(.text.xTaskIncrementTick)
    [Anonymous Symbol]                       0x08003168   Section        0  tasks.o(.text.xTaskPriorityDisinherit)
    [Anonymous Symbol]                       0x080031f8   Section        0  tasks.o(.text.xTaskRemoveFromEventList)
    [Anonymous Symbol]                       0x08003270   Section        0  tasks.o(.text.xTaskResumeAll)
    [Anonymous Symbol]                       0x08003360   Section        0  timers.o(.text.xTimerCreateTimerTask)
    $v0                                      0x08003414   Number         0  fpinit.o(x$fpl$fpinit)
    x$fpl$fpinit                             0x08003414   Section       26  fpinit.o(x$fpl$fpinit)
    [Anonymous Symbol]                       0x08003464   Section        0  main.o(.rodata.str1.1)
    .L.str.1                                 0x08003470   Data           5  timers.o(.rodata.str1.1)
    [Anonymous Symbol]                       0x08003470   Section        0  timers.o(.rodata.str1.1)
    .L_MergedGlobals                         0x24000000   Data           8  stm32h7xx_hal.o(.data..L_MergedGlobals)
    [Anonymous Symbol]                       0x24000000   Section        0  stm32h7xx_hal.o(.data..L_MergedGlobals)
    .L_MergedGlobals                         0x24000008   Data           8  system_stm32h7xx.o(.data..L_MergedGlobals)
    [Anonymous Symbol]                       0x24000008   Section        0  system_stm32h7xx.o(.data..L_MergedGlobals)
    uxCriticalNesting                        0x24000010   Data           4  port.o(.data.uxCriticalNesting)
    [Anonymous Symbol]                       0x24000010   Section        0  port.o(.data.uxCriticalNesting)
    .bss                                     0x24000018   Section       96  libspace.o(.bss)
    .L_MergedGlobals                         0x24000078   Data         116  tasks.o(.bss..L_MergedGlobals)
    xTickCount                               0x24000078   Data           2  tasks.o(.bss..L_MergedGlobals)
    [Anonymous Symbol]                       0x24000078   Section        0  tasks.o(.bss..L_MergedGlobals)
    xNextTaskUnblockTime                     0x2400007a   Data           2  tasks.o(.bss..L_MergedGlobals)
    xPendedTicks                             0x2400007c   Data           2  tasks.o(.bss..L_MergedGlobals)
    uxTaskNumber                             0x24000084   Data           4  tasks.o(.bss..L_MergedGlobals)
    uxDeletedTasksWaitingCleanUp             0x24000088   Data           4  tasks.o(.bss..L_MergedGlobals)
    uxCurrentNumberOfTasks                   0x2400008c   Data           4  tasks.o(.bss..L_MergedGlobals)
    xSchedulerRunning                        0x24000090   Data           4  tasks.o(.bss..L_MergedGlobals)
    uxSchedulerSuspended                     0x24000094   Data           4  tasks.o(.bss..L_MergedGlobals)
    pxDelayedTaskList                        0x24000098   Data           4  tasks.o(.bss..L_MergedGlobals)
    pxOverflowDelayedTaskList                0x2400009c   Data           4  tasks.o(.bss..L_MergedGlobals)
    uxTopReadyPriority                       0x240000a0   Data           4  tasks.o(.bss..L_MergedGlobals)
    xIdleTaskHandle                          0x240000a4   Data           4  tasks.o(.bss..L_MergedGlobals)
    xYieldPending                            0x240000a8   Data           4  tasks.o(.bss..L_MergedGlobals)
    xNumOfOverflows                          0x240000ac   Data           4  tasks.o(.bss..L_MergedGlobals)
    xTasksWaitingTermination                 0x240000b0   Data          20  tasks.o(.bss..L_MergedGlobals)
    xSuspendedTaskList                       0x240000c4   Data          20  tasks.o(.bss..L_MergedGlobals)
    xPendingReadyList                        0x240000d8   Data          20  tasks.o(.bss..L_MergedGlobals)
    .L_MergedGlobals                         0x240000ec   Data          60  timers.o(.bss..L_MergedGlobals)
    prvSampleTimeNow.xLastTime               0x240000ec   Data           2  timers.o(.bss..L_MergedGlobals)
    [Anonymous Symbol]                       0x240000ec   Section        0  timers.o(.bss..L_MergedGlobals)
    xTimerQueue                              0x240000f0   Data           4  timers.o(.bss..L_MergedGlobals)
    xTimerTaskHandle                         0x240000f4   Data           4  timers.o(.bss..L_MergedGlobals)
    pxCurrentTimerList                       0x240000f8   Data           4  timers.o(.bss..L_MergedGlobals)
    pxOverflowTimerList                      0x240000fc   Data           4  timers.o(.bss..L_MergedGlobals)
    xActiveTimerList1                        0x24000100   Data          20  timers.o(.bss..L_MergedGlobals)
    xActiveTimerList2                        0x24000114   Data          20  timers.o(.bss..L_MergedGlobals)
    .L_MergedGlobals                         0x24000128   Data          32  heap_4.o(.bss..L_MergedGlobals)
    xBlockAllocatedBit                       0x24000128   Data           1  heap_4.o(.bss..L_MergedGlobals)
    [Anonymous Symbol]                       0x24000128   Section        0  heap_4.o(.bss..L_MergedGlobals)
    pxEnd                                    0x2400012c   Data           4  heap_4.o(.bss..L_MergedGlobals)
    xFreeBytesRemaining                      0x24000130   Data           4  heap_4.o(.bss..L_MergedGlobals)
    xMinimumEverFreeBytesRemaining           0x24000134   Data           4  heap_4.o(.bss..L_MergedGlobals)
    xNumberOfSuccessfulAllocations           0x24000138   Data           4  heap_4.o(.bss..L_MergedGlobals)
    xNumberOfSuccessfulFrees                 0x2400013c   Data           4  heap_4.o(.bss..L_MergedGlobals)
    xStart                                   0x24000140   Data           8  heap_4.o(.bss..L_MergedGlobals)
    .L_MergedGlobals                         0x24000148   Data           8  port.o(.bss..L_MergedGlobals)
    ucMaxSysCallPriority                     0x24000148   Data           1  port.o(.bss..L_MergedGlobals)
    [Anonymous Symbol]                       0x24000148   Section        0  port.o(.bss..L_MergedGlobals)
    ulMaxPRIGROUPValue                       0x2400014c   Data           4  port.o(.bss..L_MergedGlobals)
    .L_MergedGlobals.2                       0x24000150   Data          40  tasks.o(.bss..L_MergedGlobals.2)
    xDelayedTaskList1                        0x24000150   Data          20  tasks.o(.bss..L_MergedGlobals.2)
    [Anonymous Symbol]                       0x24000150   Section        0  tasks.o(.bss..L_MergedGlobals.2)
    xDelayedTaskList2                        0x24000164   Data          20  tasks.o(.bss..L_MergedGlobals.2)
    KernelState                              0x24000178   Data           4  cmsis_os2.o(.bss.KernelState)
    [Anonymous Symbol]                       0x24000178   Section        0  cmsis_os2.o(.bss.KernelState)
    prvCheckForValidListAndQueue.ucStaticTimerQueueStorage 0x24000180   Data         160  timers.o(.bss.prvCheckForValidListAndQueue.ucStaticTimerQueueStorage)
    [Anonymous Symbol]                       0x24000180   Section        0  timers.o(.bss.prvCheckForValidListAndQueue.ucStaticTimerQueueStorage)
    prvCheckForValidListAndQueue.xStaticTimerQueue 0x24000220   Data          80  timers.o(.bss.prvCheckForValidListAndQueue.xStaticTimerQueue)
    [Anonymous Symbol]                       0x24000220   Section        0  timers.o(.bss.prvCheckForValidListAndQueue.xStaticTimerQueue)
    pxReadyTasksLists                        0x24000270   Data        1120  tasks.o(.bss.pxReadyTasksLists)
    [Anonymous Symbol]                       0x24000270   Section        0  tasks.o(.bss.pxReadyTasksLists)
    ucHeap                                   0x240006d0   Data       15360  heap_4.o(.bss.ucHeap)
    [Anonymous Symbol]                       0x240006d0   Section        0  heap_4.o(.bss.ucHeap)
    vApplicationGetIdleTaskMemory.Idle_Stack 0x240042d4   Data         512  cmsis_os2.o(.bss.vApplicationGetIdleTaskMemory.Idle_Stack)
    [Anonymous Symbol]                       0x240042d4   Section        0  cmsis_os2.o(.bss.vApplicationGetIdleTaskMemory.Idle_Stack)
    vApplicationGetIdleTaskMemory.Idle_TCB   0x240044d4   Data          92  cmsis_os2.o(.bss.vApplicationGetIdleTaskMemory.Idle_TCB)
    [Anonymous Symbol]                       0x240044d4   Section        0  cmsis_os2.o(.bss.vApplicationGetIdleTaskMemory.Idle_TCB)
    vApplicationGetTimerTaskMemory.Timer_Stack 0x24004530   Data        1024  cmsis_os2.o(.bss.vApplicationGetTimerTaskMemory.Timer_Stack)
    [Anonymous Symbol]                       0x24004530   Section        0  cmsis_os2.o(.bss.vApplicationGetTimerTaskMemory.Timer_Stack)
    vApplicationGetTimerTaskMemory.Timer_TCB 0x24004930   Data          92  cmsis_os2.o(.bss.vApplicationGetTimerTaskMemory.Timer_TCB)
    [Anonymous Symbol]                       0x24004930   Section        0  cmsis_os2.o(.bss.vApplicationGetTimerTaskMemory.Timer_TCB)
    Heap_Mem                                 0x240049d0   Data         512  startup_stm32h750xx.o(HEAP)
    HEAP                                     0x240049d0   Section      512  startup_stm32h750xx.o(HEAP)
    Stack_Mem                                0x24004bd0   Data        1024  startup_stm32h750xx.o(STACK)
    STACK                                    0x24004bd0   Section     1024  startup_stm32h750xx.o(STACK)
    __initial_sp                             0x24004fd0   Data           0  startup_stm32h750xx.o(STACK)

    Global Symbols

    Symbol Name                              Value     Ov Type        Size  Object(Section)

    BuildAttributes$$THM_ISAv4$E$P$D$K$B$S$7EM$VFPv5_D16$PE$PLD8$A:L22UL41UL21$X:L11$S22US41US21$IEEE1$IW$~IW$USESV6$~STKCKD$USESV7$~SHL$OTIME$ROPI$EBA8$UX$STANDARDLIB$REQ8$PRES8$EABIv2 0x00000000   Number         0  anon$$obj.o ABSOLUTE
    __ARM_exceptions_init                     - Undefined Weak Reference
    __alloca_initialize                       - Undefined Weak Reference
    __arm_preinit_                            - Undefined Weak Reference
    __arm_relocate_pie_                       - Undefined Weak Reference
    __cpp_initialize__aeabi_                  - Undefined Weak Reference
    __cxa_finalize                            - Undefined Weak Reference
    __rt_locale                               - Undefined Weak Reference
    __sigvec_lookup                           - Undefined Weak Reference
    _atexit_init                              - Undefined Weak Reference
    _call_atexit_fns                          - Undefined Weak Reference
    _clock_init                               - Undefined Weak Reference
    _fp_trap_init                             - Undefined Weak Reference
    _fp_trap_shutdown                         - Undefined Weak Reference
    _get_lc_collate                           - Undefined Weak Reference
    _get_lc_ctype                             - Undefined Weak Reference
    _get_lc_monetary                          - Undefined Weak Reference
    _get_lc_numeric                           - Undefined Weak Reference
    _get_lc_time                              - Undefined Weak Reference
    _getenv_init                              - Undefined Weak Reference
    _handle_redirection                       - Undefined Weak Reference
    _init_alloc                               - Undefined Weak Reference
    _init_user_alloc                          - Undefined Weak Reference
    _initio                                   - Undefined Weak Reference
    _rand_init                                - Undefined Weak Reference
    _signal_finish                            - Undefined Weak Reference
    _signal_init                              - Undefined Weak Reference
    _terminate_alloc                          - Undefined Weak Reference
    _terminate_user_alloc                     - Undefined Weak Reference
    _terminateio                              - Undefined Weak Reference
    __Vectors_Size                           0x00000298   Number         0  startup_stm32h750xx.o ABSOLUTE
    __Vectors                                0x08000000   Data           4  startup_stm32h750xx.o(RESET)
    __Vectors_End                            0x08000298   Data           0  startup_stm32h750xx.o(RESET)
    __main                                   0x08000299   Thumb Code     8  __main.o(!!!main)
    __scatterload                            0x080002a1   Thumb Code     0  __scatter.o(!!!scatter)
    __scatterload_rt2                        0x080002a1   Thumb Code    84  __scatter.o(!!!scatter)
    __scatterload_rt2_thumb_only             0x080002a1   Thumb Code     0  __scatter.o(!!!scatter)
    __scatterload_loop                       0x080002ab   Thumb Code     0  __scatter.o(!!!scatter)
    __scatterload_copy                       0x080002fd   Thumb Code    26  __scatter_copy.o(!!handler_copy)
    __scatterload_null                       0x08000319   Thumb Code     2  __scatter.o(!!handler_null)
    __scatterload_zeroinit                   0x0800031d   Thumb Code    28  __scatter_zi.o(!!handler_zi)
    __rt_lib_init                            0x08000339   Thumb Code     0  libinit.o(.ARM.Collect$$libinit$$00000000)
    __rt_lib_init_fp_1                       0x0800033b   Thumb Code     0  libinit2.o(.ARM.Collect$$libinit$$00000001)
    __rt_lib_init_alloca_1                   0x0800033f   Thumb Code     0  libinit2.o(.ARM.Collect$$libinit$$00000030)
    __rt_lib_init_argv_1                     0x0800033f   Thumb Code     0  libinit2.o(.ARM.Collect$$libinit$$0000002E)
    __rt_lib_init_atexit_1                   0x0800033f   Thumb Code     0  libinit2.o(.ARM.Collect$$libinit$$0000001D)
    __rt_lib_init_clock_1                    0x0800033f   Thumb Code     0  libinit2.o(.ARM.Collect$$libinit$$00000023)
    __rt_lib_init_cpp_1                      0x0800033f   Thumb Code     0  libinit2.o(.ARM.Collect$$libinit$$00000034)
    __rt_lib_init_exceptions_1               0x0800033f   Thumb Code     0  libinit2.o(.ARM.Collect$$libinit$$00000032)
    __rt_lib_init_fp_trap_1                  0x0800033f   Thumb Code     0  libinit2.o(.ARM.Collect$$libinit$$00000021)
    __rt_lib_init_getenv_1                   0x0800033f   Thumb Code     0  libinit2.o(.ARM.Collect$$libinit$$00000025)
    __rt_lib_init_heap_1                     0x0800033f   Thumb Code     0  libinit2.o(.ARM.Collect$$libinit$$0000000C)
    __rt_lib_init_lc_collate_1               0x0800033f   Thumb Code     0  libinit2.o(.ARM.Collect$$libinit$$00000013)
    __rt_lib_init_lc_ctype_1                 0x0800033f   Thumb Code     0  libinit2.o(.ARM.Collect$$libinit$$00000015)
    __rt_lib_init_lc_monetary_1              0x0800033f   Thumb Code     0  libinit2.o(.ARM.Collect$$libinit$$00000017)
    __rt_lib_init_lc_numeric_1               0x0800033f   Thumb Code     0  libinit2.o(.ARM.Collect$$libinit$$00000019)
    __rt_lib_init_lc_time_1                  0x0800033f   Thumb Code     0  libinit2.o(.ARM.Collect$$libinit$$0000001B)
    __rt_lib_init_preinit_1                  0x0800033f   Thumb Code     0  libinit2.o(.ARM.Collect$$libinit$$00000006)
    __rt_lib_init_rand_1                     0x0800033f   Thumb Code     0  libinit2.o(.ARM.Collect$$libinit$$00000010)
    __rt_lib_init_relocate_pie_1             0x0800033f   Thumb Code     0  libinit2.o(.ARM.Collect$$libinit$$00000004)
    __rt_lib_init_return                     0x0800033f   Thumb Code     0  libinit2.o(.ARM.Collect$$libinit$$00000035)
    __rt_lib_init_signal_1                   0x0800033f   Thumb Code     0  libinit2.o(.ARM.Collect$$libinit$$0000001F)
    __rt_lib_init_stdio_1                    0x0800033f   Thumb Code     0  libinit2.o(.ARM.Collect$$libinit$$00000027)
    __rt_lib_init_user_alloc_1               0x0800033f   Thumb Code     0  libinit2.o(.ARM.Collect$$libinit$$0000000E)
    __rt_lib_shutdown                        0x08000341   Thumb Code     0  libshutdown.o(.ARM.Collect$$libshutdown$$00000000)
    __rt_lib_shutdown_cpp_1                  0x08000343   Thumb Code     0  libshutdown2.o(.ARM.Collect$$libshutdown$$00000002)
    __rt_lib_shutdown_fp_trap_1              0x08000343   Thumb Code     0  libshutdown2.o(.ARM.Collect$$libshutdown$$00000007)
    __rt_lib_shutdown_heap_1                 0x08000343   Thumb Code     0  libshutdown2.o(.ARM.Collect$$libshutdown$$0000000F)
    __rt_lib_shutdown_return                 0x08000343   Thumb Code     0  libshutdown2.o(.ARM.Collect$$libshutdown$$00000010)
    __rt_lib_shutdown_signal_1               0x08000343   Thumb Code     0  libshutdown2.o(.ARM.Collect$$libshutdown$$0000000A)
    __rt_lib_shutdown_stdio_1                0x08000343   Thumb Code     0  libshutdown2.o(.ARM.Collect$$libshutdown$$00000004)
    __rt_lib_shutdown_user_alloc_1           0x08000343   Thumb Code     0  libshutdown2.o(.ARM.Collect$$libshutdown$$0000000C)
    __rt_entry                               0x08000345   Thumb Code     0  __rtentry.o(.ARM.Collect$$rtentry$$00000000)
    __rt_entry_presh_1                       0x08000345   Thumb Code     0  __rtentry2.o(.ARM.Collect$$rtentry$$00000002)
    __rt_entry_sh                            0x08000345   Thumb Code     0  __rtentry4.o(.ARM.Collect$$rtentry$$00000004)
    __rt_entry_li                            0x0800034b   Thumb Code     0  __rtentry2.o(.ARM.Collect$$rtentry$$0000000A)
    __rt_entry_postsh_1                      0x0800034b   Thumb Code     0  __rtentry2.o(.ARM.Collect$$rtentry$$00000009)
    __rt_entry_main                          0x0800034f   Thumb Code     0  __rtentry2.o(.ARM.Collect$$rtentry$$0000000D)
    __rt_entry_postli_1                      0x0800034f   Thumb Code     0  __rtentry2.o(.ARM.Collect$$rtentry$$0000000C)
    __rt_exit                                0x08000357   Thumb Code     0  rtexit.o(.ARM.Collect$$rtexit$$00000000)
    __rt_exit_ls                             0x08000359   Thumb Code     0  rtexit2.o(.ARM.Collect$$rtexit$$00000003)
    __rt_exit_prels_1                        0x08000359   Thumb Code     0  rtexit2.o(.ARM.Collect$$rtexit$$00000002)
    __rt_exit_exit                           0x0800035d   Thumb Code     0  rtexit2.o(.ARM.Collect$$rtexit$$00000004)
    Reset_Handler                            0x08000365   Thumb Code     8  startup_stm32h750xx.o(.text)
    ADC3_IRQHandler                          0x0800037f   Thumb Code     0  startup_stm32h750xx.o(.text)
    ADC_IRQHandler                           0x0800037f   Thumb Code     0  startup_stm32h750xx.o(.text)
    BDMA_Channel0_IRQHandler                 0x0800037f   Thumb Code     0  startup_stm32h750xx.o(.text)
    BDMA_Channel1_IRQHandler                 0x0800037f   Thumb Code     0  startup_stm32h750xx.o(.text)
    BDMA_Channel2_IRQHandler                 0x0800037f   Thumb Code     0  startup_stm32h750xx.o(.text)
    BDMA_Channel3_IRQHandler                 0x0800037f   Thumb Code     0  startup_stm32h750xx.o(.text)
    BDMA_Channel4_IRQHandler                 0x0800037f   Thumb Code     0  startup_stm32h750xx.o(.text)
    BDMA_Channel5_IRQHandler                 0x0800037f   Thumb Code     0  startup_stm32h750xx.o(.text)
    BDMA_Channel6_IRQHandler                 0x0800037f   Thumb Code     0  startup_stm32h750xx.o(.text)
    BDMA_Channel7_IRQHandler                 0x0800037f   Thumb Code     0  startup_stm32h750xx.o(.text)
    CEC_IRQHandler                           0x0800037f   Thumb Code     0  startup_stm32h750xx.o(.text)
    COMP1_IRQHandler                         0x0800037f   Thumb Code     0  startup_stm32h750xx.o(.text)
    CRS_IRQHandler                           0x0800037f   Thumb Code     0  startup_stm32h750xx.o(.text)
    CRYP_IRQHandler                          0x0800037f   Thumb Code     0  startup_stm32h750xx.o(.text)
    DCMI_IRQHandler                          0x0800037f   Thumb Code     0  startup_stm32h750xx.o(.text)
    DFSDM1_FLT0_IRQHandler                   0x0800037f   Thumb Code     0  startup_stm32h750xx.o(.text)
    DFSDM1_FLT1_IRQHandler                   0x0800037f   Thumb Code     0  startup_stm32h750xx.o(.text)
    DFSDM1_FLT2_IRQHandler                   0x0800037f   Thumb Code     0  startup_stm32h750xx.o(.text)
    DFSDM1_FLT3_IRQHandler                   0x0800037f   Thumb Code     0  startup_stm32h750xx.o(.text)
    DMA1_Stream0_IRQHandler                  0x0800037f   Thumb Code     0  startup_stm32h750xx.o(.text)
    DMA1_Stream1_IRQHandler                  0x0800037f   Thumb Code     0  startup_stm32h750xx.o(.text)
    DMA1_Stream2_IRQHandler                  0x0800037f   Thumb Code     0  startup_stm32h750xx.o(.text)
    DMA1_Stream3_IRQHandler                  0x0800037f   Thumb Code     0  startup_stm32h750xx.o(.text)
    DMA1_Stream4_IRQHandler                  0x0800037f   Thumb Code     0  startup_stm32h750xx.o(.text)
    DMA1_Stream5_IRQHandler                  0x0800037f   Thumb Code     0  startup_stm32h750xx.o(.text)
    DMA1_Stream6_IRQHandler                  0x0800037f   Thumb Code     0  startup_stm32h750xx.o(.text)
    DMA1_Stream7_IRQHandler                  0x0800037f   Thumb Code     0  startup_stm32h750xx.o(.text)
    DMA2D_IRQHandler                         0x0800037f   Thumb Code     0  startup_stm32h750xx.o(.text)
    DMA2_Stream0_IRQHandler                  0x0800037f   Thumb Code     0  startup_stm32h750xx.o(.text)
    DMA2_Stream1_IRQHandler                  0x0800037f   Thumb Code     0  startup_stm32h750xx.o(.text)
    DMA2_Stream2_IRQHandler                  0x0800037f   Thumb Code     0  startup_stm32h750xx.o(.text)
    DMA2_Stream3_IRQHandler                  0x0800037f   Thumb Code     0  startup_stm32h750xx.o(.text)
    DMA2_Stream4_IRQHandler                  0x0800037f   Thumb Code     0  startup_stm32h750xx.o(.text)
    DMA2_Stream5_IRQHandler                  0x0800037f   Thumb Code     0  startup_stm32h750xx.o(.text)
    DMA2_Stream6_IRQHandler                  0x0800037f   Thumb Code     0  startup_stm32h750xx.o(.text)
    DMA2_Stream7_IRQHandler                  0x0800037f   Thumb Code     0  startup_stm32h750xx.o(.text)
    DMAMUX1_OVR_IRQHandler                   0x0800037f   Thumb Code     0  startup_stm32h750xx.o(.text)
    DMAMUX2_OVR_IRQHandler                   0x0800037f   Thumb Code     0  startup_stm32h750xx.o(.text)
    ECC_IRQHandler                           0x0800037f   Thumb Code     0  startup_stm32h750xx.o(.text)
    ETH_IRQHandler                           0x0800037f   Thumb Code     0  startup_stm32h750xx.o(.text)
    ETH_WKUP_IRQHandler                      0x0800037f   Thumb Code     0  startup_stm32h750xx.o(.text)
    EXTI0_IRQHandler                         0x0800037f   Thumb Code     0  startup_stm32h750xx.o(.text)
    EXTI15_10_IRQHandler                     0x0800037f   Thumb Code     0  startup_stm32h750xx.o(.text)
    EXTI1_IRQHandler                         0x0800037f   Thumb Code     0  startup_stm32h750xx.o(.text)
    EXTI2_IRQHandler                         0x0800037f   Thumb Code     0  startup_stm32h750xx.o(.text)
    EXTI3_IRQHandler                         0x0800037f   Thumb Code     0  startup_stm32h750xx.o(.text)
    EXTI4_IRQHandler                         0x0800037f   Thumb Code     0  startup_stm32h750xx.o(.text)
    EXTI9_5_IRQHandler                       0x0800037f   Thumb Code     0  startup_stm32h750xx.o(.text)
    FDCAN1_IT0_IRQHandler                    0x0800037f   Thumb Code     0  startup_stm32h750xx.o(.text)
    FDCAN1_IT1_IRQHandler                    0x0800037f   Thumb Code     0  startup_stm32h750xx.o(.text)
    FDCAN2_IT0_IRQHandler                    0x0800037f   Thumb Code     0  startup_stm32h750xx.o(.text)
    FDCAN2_IT1_IRQHandler                    0x0800037f   Thumb Code     0  startup_stm32h750xx.o(.text)
    FDCAN_CAL_IRQHandler                     0x0800037f   Thumb Code     0  startup_stm32h750xx.o(.text)
    FLASH_IRQHandler                         0x0800037f   Thumb Code     0  startup_stm32h750xx.o(.text)
    FMC_IRQHandler                           0x0800037f   Thumb Code     0  startup_stm32h750xx.o(.text)
    FPU_IRQHandler                           0x0800037f   Thumb Code     0  startup_stm32h750xx.o(.text)
    HASH_RNG_IRQHandler                      0x0800037f   Thumb Code     0  startup_stm32h750xx.o(.text)
    HRTIM1_FLT_IRQHandler                    0x0800037f   Thumb Code     0  startup_stm32h750xx.o(.text)
    HRTIM1_Master_IRQHandler                 0x0800037f   Thumb Code     0  startup_stm32h750xx.o(.text)
    HRTIM1_TIMA_IRQHandler                   0x0800037f   Thumb Code     0  startup_stm32h750xx.o(.text)
    HRTIM1_TIMB_IRQHandler                   0x0800037f   Thumb Code     0  startup_stm32h750xx.o(.text)
    HRTIM1_TIMC_IRQHandler                   0x0800037f   Thumb Code     0  startup_stm32h750xx.o(.text)
    HRTIM1_TIMD_IRQHandler                   0x0800037f   Thumb Code     0  startup_stm32h750xx.o(.text)
    HRTIM1_TIME_IRQHandler                   0x0800037f   Thumb Code     0  startup_stm32h750xx.o(.text)
    HSEM1_IRQHandler                         0x0800037f   Thumb Code     0  startup_stm32h750xx.o(.text)
    I2C1_ER_IRQHandler                       0x0800037f   Thumb Code     0  startup_stm32h750xx.o(.text)
    I2C1_EV_IRQHandler                       0x0800037f   Thumb Code     0  startup_stm32h750xx.o(.text)
    I2C2_ER_IRQHandler                       0x0800037f   Thumb Code     0  startup_stm32h750xx.o(.text)
    I2C2_EV_IRQHandler                       0x0800037f   Thumb Code     0  startup_stm32h750xx.o(.text)
    I2C3_ER_IRQHandler                       0x0800037f   Thumb Code     0  startup_stm32h750xx.o(.text)
    I2C3_EV_IRQHandler                       0x0800037f   Thumb Code     0  startup_stm32h750xx.o(.text)
    I2C4_ER_IRQHandler                       0x0800037f   Thumb Code     0  startup_stm32h750xx.o(.text)
    I2C4_EV_IRQHandler                       0x0800037f   Thumb Code     0  startup_stm32h750xx.o(.text)
    JPEG_IRQHandler                          0x0800037f   Thumb Code     0  startup_stm32h750xx.o(.text)
    LPTIM1_IRQHandler                        0x0800037f   Thumb Code     0  startup_stm32h750xx.o(.text)
    LPTIM2_IRQHandler                        0x0800037f   Thumb Code     0  startup_stm32h750xx.o(.text)
    LPTIM3_IRQHandler                        0x0800037f   Thumb Code     0  startup_stm32h750xx.o(.text)
    LPTIM4_IRQHandler                        0x0800037f   Thumb Code     0  startup_stm32h750xx.o(.text)
    LPTIM5_IRQHandler                        0x0800037f   Thumb Code     0  startup_stm32h750xx.o(.text)
    LPUART1_IRQHandler                       0x0800037f   Thumb Code     0  startup_stm32h750xx.o(.text)
    LTDC_ER_IRQHandler                       0x0800037f   Thumb Code     0  startup_stm32h750xx.o(.text)
    LTDC_IRQHandler                          0x0800037f   Thumb Code     0  startup_stm32h750xx.o(.text)
    MDIOS_IRQHandler                         0x0800037f   Thumb Code     0  startup_stm32h750xx.o(.text)
    MDIOS_WKUP_IRQHandler                    0x0800037f   Thumb Code     0  startup_stm32h750xx.o(.text)
    MDMA_IRQHandler                          0x0800037f   Thumb Code     0  startup_stm32h750xx.o(.text)
    OTG_FS_EP1_IN_IRQHandler                 0x0800037f   Thumb Code     0  startup_stm32h750xx.o(.text)
    OTG_FS_EP1_OUT_IRQHandler                0x0800037f   Thumb Code     0  startup_stm32h750xx.o(.text)
    OTG_FS_IRQHandler                        0x0800037f   Thumb Code     0  startup_stm32h750xx.o(.text)
    OTG_FS_WKUP_IRQHandler                   0x0800037f   Thumb Code     0  startup_stm32h750xx.o(.text)
    OTG_HS_EP1_IN_IRQHandler                 0x0800037f   Thumb Code     0  startup_stm32h750xx.o(.text)
    OTG_HS_EP1_OUT_IRQHandler                0x0800037f   Thumb Code     0  startup_stm32h750xx.o(.text)
    OTG_HS_IRQHandler                        0x0800037f   Thumb Code     0  startup_stm32h750xx.o(.text)
    OTG_HS_WKUP_IRQHandler                   0x0800037f   Thumb Code     0  startup_stm32h750xx.o(.text)
    PVD_AVD_IRQHandler                       0x0800037f   Thumb Code     0  startup_stm32h750xx.o(.text)
    QUADSPI_IRQHandler                       0x0800037f   Thumb Code     0  startup_stm32h750xx.o(.text)
    RCC_IRQHandler                           0x0800037f   Thumb Code     0  startup_stm32h750xx.o(.text)
    RTC_Alarm_IRQHandler                     0x0800037f   Thumb Code     0  startup_stm32h750xx.o(.text)
    RTC_WKUP_IRQHandler                      0x0800037f   Thumb Code     0  startup_stm32h750xx.o(.text)
    SAI1_IRQHandler                          0x0800037f   Thumb Code     0  startup_stm32h750xx.o(.text)
    SAI2_IRQHandler                          0x0800037f   Thumb Code     0  startup_stm32h750xx.o(.text)
    SAI3_IRQHandler                          0x0800037f   Thumb Code     0  startup_stm32h750xx.o(.text)
    SAI4_IRQHandler                          0x0800037f   Thumb Code     0  startup_stm32h750xx.o(.text)
    SDMMC1_IRQHandler                        0x0800037f   Thumb Code     0  startup_stm32h750xx.o(.text)
    SDMMC2_IRQHandler                        0x0800037f   Thumb Code     0  startup_stm32h750xx.o(.text)
    SPDIF_RX_IRQHandler                      0x0800037f   Thumb Code     0  startup_stm32h750xx.o(.text)
    SPI1_IRQHandler                          0x0800037f   Thumb Code     0  startup_stm32h750xx.o(.text)
    SPI2_IRQHandler                          0x0800037f   Thumb Code     0  startup_stm32h750xx.o(.text)
    SPI3_IRQHandler                          0x0800037f   Thumb Code     0  startup_stm32h750xx.o(.text)
    SPI4_IRQHandler                          0x0800037f   Thumb Code     0  startup_stm32h750xx.o(.text)
    SPI5_IRQHandler                          0x0800037f   Thumb Code     0  startup_stm32h750xx.o(.text)
    SPI6_IRQHandler                          0x0800037f   Thumb Code     0  startup_stm32h750xx.o(.text)
    SWPMI1_IRQHandler                        0x0800037f   Thumb Code     0  startup_stm32h750xx.o(.text)
    TAMP_STAMP_IRQHandler                    0x0800037f   Thumb Code     0  startup_stm32h750xx.o(.text)
    TIM15_IRQHandler                         0x0800037f   Thumb Code     0  startup_stm32h750xx.o(.text)
    TIM16_IRQHandler                         0x0800037f   Thumb Code     0  startup_stm32h750xx.o(.text)
    TIM17_IRQHandler                         0x0800037f   Thumb Code     0  startup_stm32h750xx.o(.text)
    TIM1_BRK_IRQHandler                      0x0800037f   Thumb Code     0  startup_stm32h750xx.o(.text)
    TIM1_CC_IRQHandler                       0x0800037f   Thumb Code     0  startup_stm32h750xx.o(.text)
    TIM1_TRG_COM_IRQHandler                  0x0800037f   Thumb Code     0  startup_stm32h750xx.o(.text)
    TIM1_UP_IRQHandler                       0x0800037f   Thumb Code     0  startup_stm32h750xx.o(.text)
    TIM2_IRQHandler                          0x0800037f   Thumb Code     0  startup_stm32h750xx.o(.text)
    TIM3_IRQHandler                          0x0800037f   Thumb Code     0  startup_stm32h750xx.o(.text)
    TIM4_IRQHandler                          0x0800037f   Thumb Code     0  startup_stm32h750xx.o(.text)
    TIM5_IRQHandler                          0x0800037f   Thumb Code     0  startup_stm32h750xx.o(.text)
    TIM6_DAC_IRQHandler                      0x0800037f   Thumb Code     0  startup_stm32h750xx.o(.text)
    TIM7_IRQHandler                          0x0800037f   Thumb Code     0  startup_stm32h750xx.o(.text)
    TIM8_BRK_TIM12_IRQHandler                0x0800037f   Thumb Code     0  startup_stm32h750xx.o(.text)
    TIM8_CC_IRQHandler                       0x0800037f   Thumb Code     0  startup_stm32h750xx.o(.text)
    TIM8_TRG_COM_TIM14_IRQHandler            0x0800037f   Thumb Code     0  startup_stm32h750xx.o(.text)
    TIM8_UP_TIM13_IRQHandler                 0x0800037f   Thumb Code     0  startup_stm32h750xx.o(.text)
    UART4_IRQHandler                         0x0800037f   Thumb Code     0  startup_stm32h750xx.o(.text)
    UART5_IRQHandler                         0x0800037f   Thumb Code     0  startup_stm32h750xx.o(.text)
    UART7_IRQHandler                         0x0800037f   Thumb Code     0  startup_stm32h750xx.o(.text)
    UART8_IRQHandler                         0x0800037f   Thumb Code     0  startup_stm32h750xx.o(.text)
    USART1_IRQHandler                        0x0800037f   Thumb Code     0  startup_stm32h750xx.o(.text)
    USART2_IRQHandler                        0x0800037f   Thumb Code     0  startup_stm32h750xx.o(.text)
    USART3_IRQHandler                        0x0800037f   Thumb Code     0  startup_stm32h750xx.o(.text)
    USART6_IRQHandler                        0x0800037f   Thumb Code     0  startup_stm32h750xx.o(.text)
    WAKEUP_PIN_IRQHandler                    0x0800037f   Thumb Code     0  startup_stm32h750xx.o(.text)
    WWDG_IRQHandler                          0x0800037f   Thumb Code     0  startup_stm32h750xx.o(.text)
    __user_initial_stackheap                 0x08000381   Thumb Code     0  startup_stm32h750xx.o(.text)
    __aeabi_memcpy                           0x080003a5   Thumb Code     0  rt_memcpy_v6.o(.text)
    __rt_memcpy                              0x080003a5   Thumb Code   138  rt_memcpy_v6.o(.text)
    _memcpy_lastbytes                        0x0800040b   Thumb Code     0  rt_memcpy_v6.o(.text)
    __aeabi_memset4                          0x0800042f   Thumb Code    16  aeabi_memset4.o(.text)
    __aeabi_memset8                          0x0800042f   Thumb Code     0  aeabi_memset4.o(.text)
    __aeabi_memclr4                          0x0800043f   Thumb Code     0  rt_memclr_w.o(.text)
    __aeabi_memclr8                          0x0800043f   Thumb Code     0  rt_memclr_w.o(.text)
    __rt_memclr_w                            0x0800043f   Thumb Code     0  rt_memclr_w.o(.text)
    _memset_w                                0x08000443   Thumb Code    74  rt_memclr_w.o(.text)
    __use_two_region_memory                  0x0800048d   Thumb Code     2  heapauxi.o(.text)
    __rt_heap_escrow$2region                 0x0800048f   Thumb Code     2  heapauxi.o(.text)
    __rt_heap_expand$2region                 0x08000491   Thumb Code     2  heapauxi.o(.text)
    __aeabi_memcpy4                          0x08000493   Thumb Code     0  rt_memcpy_w.o(.text)
    __aeabi_memcpy8                          0x08000493   Thumb Code     0  rt_memcpy_w.o(.text)
    __rt_memcpy_w                            0x08000493   Thumb Code   100  rt_memcpy_w.o(.text)
    _memcpy_lastbytes_aligned                0x080004db   Thumb Code     0  rt_memcpy_w.o(.text)
    __user_setup_stackheap                   0x080004f7   Thumb Code    74  sys_stackheap_outer.o(.text)
    exit                                     0x08000541   Thumb Code    18  exit.o(.text)
    __user_libspace                          0x08000555   Thumb Code     8  libspace.o(.text)
    __user_perproc_libspace                  0x08000555   Thumb Code     0  libspace.o(.text)
    __user_perthread_libspace                0x08000555   Thumb Code     0  libspace.o(.text)
    _sys_exit                                0x0800055d   Thumb Code     8  sys_exit.o(.text)
    __I$use$semihosting                      0x08000569   Thumb Code     0  use_no_semi.o(.text)
    __use_no_semihosting_swi                 0x08000569   Thumb Code     2  use_no_semi.o(.text)
    __semihosting_library_function           0x0800056b   Thumb Code     0  indicate_semi.o(.text)
    BusFault_Handler                         0x08000571   Thumb Code     2  stm32h7xx_it.o(.text.BusFault_Handler)
    DebugMon_Handler                         0x08000579   Thumb Code     2  stm32h7xx_it.o(.text.DebugMon_Handler)
    HAL_GetREVID                             0x08000581   Thumb Code    14  stm32h7xx_hal.o(.text.HAL_GetREVID)
    HAL_GetTick                              0x08000591   Thumb Code    12  stm32h7xx_hal.o(.text.HAL_GetTick)
    HAL_IncTick                              0x080005a1   Thumb Code    26  stm32h7xx_hal.o(.text.HAL_IncTick)
    HAL_Init                                 0x080005c1   Thumb Code   100  stm32h7xx_hal.o(.text.HAL_Init)
    HAL_InitTick                             0x08000629   Thumb Code    80  stm32h7xx_hal.o(.text.HAL_InitTick)
    HAL_MPU_ConfigRegion                     0x08000679   Thumb Code    94  stm32h7xx_hal_cortex.o(.text.HAL_MPU_ConfigRegion)
    HAL_MPU_Disable                          0x080006d9   Thumb Code    26  stm32h7xx_hal_cortex.o(.text.HAL_MPU_Disable)
    HAL_MPU_Enable                           0x080006f9   Thumb Code    32  stm32h7xx_hal_cortex.o(.text.HAL_MPU_Enable)
    HAL_MspInit                              0x08000719   Thumb Code    42  stm32h7xx_hal_msp.o(.text.HAL_MspInit)
    HAL_NVIC_SetPriority                     0x08000749   Thumb Code    90  stm32h7xx_hal_cortex.o(.text.HAL_NVIC_SetPriority)
    HAL_NVIC_SetPriorityGrouping             0x080007a9   Thumb Code    32  stm32h7xx_hal_cortex.o(.text.HAL_NVIC_SetPriorityGrouping)
    HAL_PWREx_ConfigSupply                   0x080007c9   Thumb Code    76  stm32h7xx_hal_pwr_ex.o(.text.HAL_PWREx_ConfigSupply)
    HAL_RCC_ClockConfig                      0x08000819   Thumb Code   596  stm32h7xx_hal_rcc.o(.text.HAL_RCC_ClockConfig)
    HAL_RCC_GetSysClockFreq                  0x08000a71   Thumb Code   264  stm32h7xx_hal_rcc.o(.text.HAL_RCC_GetSysClockFreq)
    HAL_RCC_OscConfig                        0x08000b89   Thumb Code  1388  stm32h7xx_hal_rcc.o(.text.HAL_RCC_OscConfig)
    HAL_SYSTICK_Config                       0x080010f9   Thumb Code    46  stm32h7xx_hal_cortex.o(.text.HAL_SYSTICK_Config)
    HardFault_Handler                        0x08001129   Thumb Code     2  stm32h7xx_it.o(.text.HardFault_Handler)
    MemManage_Handler                        0x08001131   Thumb Code     2  stm32h7xx_it.o(.text.MemManage_Handler)
    NMI_Handler                              0x08001139   Thumb Code     2  stm32h7xx_it.o(.text.NMI_Handler)
    PendSV_Handler                           0x08001141   Thumb Code    96  port.o(.text.PendSV_Handler)
    SVC_Handler                              0x080011a1   Thumb Code    32  port.o(.text.SVC_Handler)
    StartDefaultTask                         0x080011c1   Thumb Code     8  main.o(.text.StartDefaultTask)
    SysTick_Handler                          0x080011c9   Thumb Code    24  stm32h7xx_it.o(.text.SysTick_Handler)
    SystemClock_Config                       0x080011e1   Thumb Code   196  main.o(.text.SystemClock_Config)
    SystemInit                               0x080012a9   Thumb Code   204  system_stm32h7xx.o(.text.SystemInit)
    UsageFault_Handler                       0x08001379   Thumb Code     2  stm32h7xx_it.o(.text.UsageFault_Handler)
    main                                     0x08001381   Thumb Code    90  main.o(.text.main)
    osDelay                                  0x080013e1   Thumb Code    32  cmsis_os2.o(.text.osDelay)
    osKernelInitialize                       0x08001401   Thumb Code    42  cmsis_os2.o(.text.osKernelInitialize)
    osKernelStart                            0x08001431   Thumb Code    62  cmsis_os2.o(.text.osKernelStart)
    osThreadNew                              0x08001471   Thumb Code   148  cmsis_os2.o(.text.osThreadNew)
    pvPortMalloc                             0x08001db1   Thumb Code   496  heap_4.o(.text.pvPortMalloc)
    pxPortInitialiseStack                    0x08001fa1   Thumb Code    44  port.o(.text.pxPortInitialiseStack)
    uxListRemove                             0x08001fd1   Thumb Code    34  list.o(.text.uxListRemove)
    vApplicationGetIdleTaskMemory            0x08001ff9   Thumb Code    26  cmsis_os2.o(.text.vApplicationGetIdleTaskMemory)
    vApplicationGetTimerTaskMemory           0x08002019   Thumb Code    28  cmsis_os2.o(.text.vApplicationGetTimerTaskMemory)
    vListInitialise                          0x08002039   Thumb Code    22  list.o(.text.vListInitialise)
    vListInitialiseItem                      0x08002051   Thumb Code     6  list.o(.text.vListInitialiseItem)
    vListInsert                              0x08002059   Thumb Code   102  list.o(.text.vListInsert)
    vListInsertEnd                           0x080020c1   Thumb Code    26  list.o(.text.vListInsertEnd)
    vPortEnterCritical                       0x080020f9   Thumb Code    74  port.o(.text.vPortEnterCritical)
    vPortExitCritical                        0x08002149   Thumb Code    46  port.o(.text.vPortExitCritical)
    vPortFree                                0x08002179   Thumb Code   212  heap_4.o(.text.vPortFree)
    vPortSetupTimerInterrupt                 0x08002251   Thumb Code    52  port.o(.text.vPortSetupTimerInterrupt)
    vQueueAddToRegistry                      0x08002289   Thumb Code    88  queue.o(.text.vQueueAddToRegistry)
    vQueueWaitForMessageRestricted           0x080022e1   Thumb Code   100  queue.o(.text.vQueueWaitForMessageRestricted)
    vTaskDelay                               0x08002349   Thumb Code   132  tasks.o(.text.vTaskDelay)
    vTaskInternalSetTimeOutState             0x080023d1   Thumb Code    18  tasks.o(.text.vTaskInternalSetTimeOutState)
    vTaskMissedYield                         0x080023e9   Thumb Code    14  tasks.o(.text.vTaskMissedYield)
    vTaskPlaceOnEventList                    0x080023f9   Thumb Code   124  tasks.o(.text.vTaskPlaceOnEventList)
    vTaskPlaceOnEventListRestricted          0x08002479   Thumb Code   126  tasks.o(.text.vTaskPlaceOnEventListRestricted)
    vTaskStartScheduler                      0x080024f9   Thumb Code   232  tasks.o(.text.vTaskStartScheduler)
    vTaskSuspendAll                          0x080025e9   Thumb Code    16  tasks.o(.text.vTaskSuspendAll)
    vTaskSwitchContext                       0x080025f9   Thumb Code   200  tasks.o(.text.vTaskSwitchContext)
    xPortStartScheduler                      0x080026c1   Thumb Code   442  port.o(.text.xPortStartScheduler)
    xPortSysTickHandler                      0x08002881   Thumb Code    46  port.o(.text.xPortSysTickHandler)
    xQueueGenericCreateStatic                0x080028b1   Thumb Code   218  queue.o(.text.xQueueGenericCreateStatic)
    xQueueGenericSend                        0x08002991   Thumb Code   712  queue.o(.text.xQueueGenericSend)
    xQueueReceive                            0x08002c59   Thumb Code   586  queue.o(.text.xQueueReceive)
    xTaskCheckForTimeOut                     0x08002ea9   Thumb Code   158  tasks.o(.text.xTaskCheckForTimeOut)
    xTaskCreate                              0x08002f49   Thumb Code    96  tasks.o(.text.xTaskCreate)
    xTaskCreateStatic                        0x08002fa9   Thumb Code   122  tasks.o(.text.xTaskCreateStatic)
    xTaskGetSchedulerState                   0x08003029   Thumb Code    28  tasks.o(.text.xTaskGetSchedulerState)
    xTaskGetTickCount                        0x08003049   Thumb Code    24  tasks.o(.text.xTaskGetTickCount)
    xTaskIncrementTick                       0x08003061   Thumb Code   258  tasks.o(.text.xTaskIncrementTick)
    xTaskPriorityDisinherit                  0x08003169   Thumb Code   142  tasks.o(.text.xTaskPriorityDisinherit)
    xTaskRemoveFromEventList                 0x080031f9   Thumb Code   116  tasks.o(.text.xTaskRemoveFromEventList)
    xTaskResumeAll                           0x08003271   Thumb Code   240  tasks.o(.text.xTaskResumeAll)
    xTimerCreateTimerTask                    0x08003361   Thumb Code   172  timers.o(.text.xTimerCreateTimerTask)
    _fp_init                                 0x08003415   Thumb Code    26  fpinit.o(x$fpl$fpinit)
    __fplib_config_fpu_vfp                   0x0800342d   Thumb Code     0  fpinit.o(x$fpl$fpinit)
    __fplib_config_pureend_doubles           0x0800342d   Thumb Code     0  fpinit.o(x$fpl$fpinit)
    D1CorePrescTable                         0x0800342e   Data          16  system_stm32h7xx.o(.rodata.D1CorePrescTable)
    defaultTask_attributes                   0x08003440   Data          36  main.o(.rodata.defaultTask_attributes)
    Region$$Table$$Base                      0x08003478   Number         0  anon$$obj.o(Region$$Table)
    Region$$Table$$Limit                     0x08003498   Number         0  anon$$obj.o(Region$$Table)
    uwTickFreq                               0x24000000   Data           1  stm32h7xx_hal.o(.data..L_MergedGlobals)
    uwTickPrio                               0x24000004   Data           4  stm32h7xx_hal.o(.data..L_MergedGlobals)
    SystemCoreClock                          0x24000008   Data           4  system_stm32h7xx.o(.data..L_MergedGlobals)
    SystemD2Clock                            0x2400000c   Data           4  system_stm32h7xx.o(.data..L_MergedGlobals)
    __libspace_start                         0x24000018   Data          96  libspace.o(.bss)
    __temporary_stack_top$libspace           0x24000078   Data           0  libspace.o(.bss)
    pxCurrentTCB                             0x24000080   Data           4  tasks.o(.bss..L_MergedGlobals)
    defaultTaskHandle                        0x2400017c   Data           4  main.o(.bss.defaultTaskHandle)
    uwTick                                   0x240042d0   Data           4  stm32h7xx_hal.o(.bss.uwTick)
    xQueueRegistry                           0x2400498c   Data          64  queue.o(.bss.xQueueRegistry)



==============================================================================

Memory Map of the image

  Image Entry point : 0x08000299

  Load Region LR_IROM1 (Base: 0x08000000, Size: 0x000034b0, Max: 0x00020000, ABSOLUTE)

    Execution Region ER_IROM1 (Exec base: 0x08000000, Load base: 0x08000000, Size: 0x00003498, Max: 0x00020000, ABSOLUTE)

    Exec Addr    Load Addr    Size         Type   Attr      Idx    E Section Name        Object

    0x08000000   0x08000000   0x00000298   Data   RO            3    RESET               startup_stm32h750xx.o
    0x08000298   0x08000298   0x00000008   Code   RO         1468  * !!!main             c_w.l(__main.o)
    0x080002a0   0x080002a0   0x0000005c   Code   RO         1635    !!!scatter          c_w.l(__scatter.o)
    0x080002fc   0x080002fc   0x0000001a   Code   RO         1639    !!handler_copy      c_w.l(__scatter_copy.o)
    0x08000316   0x08000316   0x00000002   PAD
    0x08000318   0x08000318   0x00000002   Code   RO         1636    !!handler_null      c_w.l(__scatter.o)
    0x0800031a   0x0800031a   0x00000002   PAD
    0x0800031c   0x0800031c   0x0000001c   Code   RO         1641    !!handler_zi        c_w.l(__scatter_zi.o)
    0x08000338   0x08000338   0x00000002   Code   RO         1497    .ARM.Collect$$libinit$$00000000  c_w.l(libinit.o)
    0x0800033a   0x0800033a   0x00000004   Code   RO         1503    .ARM.Collect$$libinit$$00000001  c_w.l(libinit2.o)
    0x0800033e   0x0800033e   0x00000000   Code   RO         1506    .ARM.Collect$$libinit$$00000004  c_w.l(libinit2.o)
    0x0800033e   0x0800033e   0x00000000   Code   RO         1508    .ARM.Collect$$libinit$$00000006  c_w.l(libinit2.o)
    0x0800033e   0x0800033e   0x00000000   Code   RO         1511    .ARM.Collect$$libinit$$0000000C  c_w.l(libinit2.o)
    0x0800033e   0x0800033e   0x00000000   Code   RO         1513    .ARM.Collect$$libinit$$0000000E  c_w.l(libinit2.o)
    0x0800033e   0x0800033e   0x00000000   Code   RO         1515    .ARM.Collect$$libinit$$00000010  c_w.l(libinit2.o)
    0x0800033e   0x0800033e   0x00000000   Code   RO         1518    .ARM.Collect$$libinit$$00000013  c_w.l(libinit2.o)
    0x0800033e   0x0800033e   0x00000000   Code   RO         1520    .ARM.Collect$$libinit$$00000015  c_w.l(libinit2.o)
    0x0800033e   0x0800033e   0x00000000   Code   RO         1522    .ARM.Collect$$libinit$$00000017  c_w.l(libinit2.o)
    0x0800033e   0x0800033e   0x00000000   Code   RO         1524    .ARM.Collect$$libinit$$00000019  c_w.l(libinit2.o)
    0x0800033e   0x0800033e   0x00000000   Code   RO         1526    .ARM.Collect$$libinit$$0000001B  c_w.l(libinit2.o)
    0x0800033e   0x0800033e   0x00000000   Code   RO         1528    .ARM.Collect$$libinit$$0000001D  c_w.l(libinit2.o)
    0x0800033e   0x0800033e   0x00000000   Code   RO         1530    .ARM.Collect$$libinit$$0000001F  c_w.l(libinit2.o)
    0x0800033e   0x0800033e   0x00000000   Code   RO         1532    .ARM.Collect$$libinit$$00000021  c_w.l(libinit2.o)
    0x0800033e   0x0800033e   0x00000000   Code   RO         1534    .ARM.Collect$$libinit$$00000023  c_w.l(libinit2.o)
    0x0800033e   0x0800033e   0x00000000   Code   RO         1536    .ARM.Collect$$libinit$$00000025  c_w.l(libinit2.o)
    0x0800033e   0x0800033e   0x00000000   Code   RO         1538    .ARM.Collect$$libinit$$00000027  c_w.l(libinit2.o)
    0x0800033e   0x0800033e   0x00000000   Code   RO         1542    .ARM.Collect$$libinit$$0000002E  c_w.l(libinit2.o)
    0x0800033e   0x0800033e   0x00000000   Code   RO         1544    .ARM.Collect$$libinit$$00000030  c_w.l(libinit2.o)
    0x0800033e   0x0800033e   0x00000000   Code   RO         1546    .ARM.Collect$$libinit$$00000032  c_w.l(libinit2.o)
    0x0800033e   0x0800033e   0x00000000   Code   RO         1548    .ARM.Collect$$libinit$$00000034  c_w.l(libinit2.o)
    0x0800033e   0x0800033e   0x00000002   Code   RO         1549    .ARM.Collect$$libinit$$00000035  c_w.l(libinit2.o)
    0x08000340   0x08000340   0x00000002   Code   RO         1571    .ARM.Collect$$libshutdown$$00000000  c_w.l(libshutdown.o)
    0x08000342   0x08000342   0x00000000   Code   RO         1586    .ARM.Collect$$libshutdown$$00000002  c_w.l(libshutdown2.o)
    0x08000342   0x08000342   0x00000000   Code   RO         1588    .ARM.Collect$$libshutdown$$00000004  c_w.l(libshutdown2.o)
    0x08000342   0x08000342   0x00000000   Code   RO         1591    .ARM.Collect$$libshutdown$$00000007  c_w.l(libshutdown2.o)
    0x08000342   0x08000342   0x00000000   Code   RO         1594    .ARM.Collect$$libshutdown$$0000000A  c_w.l(libshutdown2.o)
    0x08000342   0x08000342   0x00000000   Code   RO         1596    .ARM.Collect$$libshutdown$$0000000C  c_w.l(libshutdown2.o)
    0x08000342   0x08000342   0x00000000   Code   RO         1599    .ARM.Collect$$libshutdown$$0000000F  c_w.l(libshutdown2.o)
    0x08000342   0x08000342   0x00000002   Code   RO         1600    .ARM.Collect$$libshutdown$$00000010  c_w.l(libshutdown2.o)
    0x08000344   0x08000344   0x00000000   Code   RO         1470    .ARM.Collect$$rtentry$$00000000  c_w.l(__rtentry.o)
    0x08000344   0x08000344   0x00000000   Code   RO         1474    .ARM.Collect$$rtentry$$00000002  c_w.l(__rtentry2.o)
    0x08000344   0x08000344   0x00000006   Code   RO         1486    .ARM.Collect$$rtentry$$00000004  c_w.l(__rtentry4.o)
    0x0800034a   0x0800034a   0x00000000   Code   RO         1476    .ARM.Collect$$rtentry$$00000009  c_w.l(__rtentry2.o)
    0x0800034a   0x0800034a   0x00000004   Code   RO         1477    .ARM.Collect$$rtentry$$0000000A  c_w.l(__rtentry2.o)
    0x0800034e   0x0800034e   0x00000000   Code   RO         1479    .ARM.Collect$$rtentry$$0000000C  c_w.l(__rtentry2.o)
    0x0800034e   0x0800034e   0x00000008   Code   RO         1480    .ARM.Collect$$rtentry$$0000000D  c_w.l(__rtentry2.o)
    0x08000356   0x08000356   0x00000002   Code   RO         1501    .ARM.Collect$$rtexit$$00000000  c_w.l(rtexit.o)
    0x08000358   0x08000358   0x00000000   Code   RO         1551    .ARM.Collect$$rtexit$$00000002  c_w.l(rtexit2.o)
    0x08000358   0x08000358   0x00000004   Code   RO         1552    .ARM.Collect$$rtexit$$00000003  c_w.l(rtexit2.o)
    0x0800035c   0x0800035c   0x00000006   Code   RO         1553    .ARM.Collect$$rtexit$$00000004  c_w.l(rtexit2.o)
    0x08000362   0x08000362   0x00000002   PAD
    0x08000364   0x08000364   0x00000040   Code   RO            4    .text               startup_stm32h750xx.o
    0x080003a4   0x080003a4   0x0000008a   Code   RO         1456    .text               c_w.l(rt_memcpy_v6.o)
    0x0800042e   0x0800042e   0x00000010   Code   RO         1460    .text               c_w.l(aeabi_memset4.o)
    0x0800043e   0x0800043e   0x0000004e   Code   RO         1464    .text               c_w.l(rt_memclr_w.o)
    0x0800048c   0x0800048c   0x00000006   Code   RO         1466    .text               c_w.l(heapauxi.o)
    0x08000492   0x08000492   0x00000064   Code   RO         1471    .text               c_w.l(rt_memcpy_w.o)
    0x080004f6   0x080004f6   0x0000004a   Code   RO         1488    .text               c_w.l(sys_stackheap_outer.o)
    0x08000540   0x08000540   0x00000012   Code   RO         1490    .text               c_w.l(exit.o)
    0x08000552   0x08000552   0x00000002   PAD
    0x08000554   0x08000554   0x00000008   Code   RO         1498    .text               c_w.l(libspace.o)
    0x0800055c   0x0800055c   0x0000000c   Code   RO         1561    .text               c_w.l(sys_exit.o)
    0x08000568   0x08000568   0x00000002   Code   RO         1576    .text               c_w.l(use_no_semi.o)
    0x0800056a   0x0800056a   0x00000000   Code   RO         1578    .text               c_w.l(indicate_semi.o)
    0x0800056a   0x0800056a   0x00000006   PAD
    0x08000570   0x08000570   0x00000002   Code   RO           38    .text.BusFault_Handler  stm32h7xx_it.o
    0x08000572   0x08000572   0x00000006   PAD
    0x08000578   0x08000578   0x00000002   Code   RO           42    .text.DebugMon_Handler  stm32h7xx_it.o
    0x0800057a   0x0800057a   0x00000006   PAD
    0x08000580   0x08000580   0x0000000e   Code   RO          595    .text.HAL_GetREVID  stm32h7xx_hal.o
    0x0800058e   0x0800058e   0x00000002   PAD
    0x08000590   0x08000590   0x0000000c   Code   RO          579    .text.HAL_GetTick   stm32h7xx_hal.o
    0x0800059c   0x0800059c   0x00000004   PAD
    0x080005a0   0x080005a0   0x0000001a   Code   RO          577    .text.HAL_IncTick   stm32h7xx_hal.o
    0x080005ba   0x080005ba   0x00000006   PAD
    0x080005c0   0x080005c0   0x00000064   Code   RO          567    .text.HAL_Init      stm32h7xx_hal.o
    0x08000624   0x08000624   0x00000004   PAD
    0x08000628   0x08000628   0x00000050   Code   RO          569    .text.HAL_InitTick  stm32h7xx_hal.o
    0x08000678   0x08000678   0x0000005e   Code   RO           84    .text.HAL_MPU_ConfigRegion  stm32h7xx_hal_cortex.o
    0x080006d6   0x080006d6   0x00000002   PAD
    0x080006d8   0x080006d8   0x0000001a   Code   RO           76    .text.HAL_MPU_Disable  stm32h7xx_hal_cortex.o
    0x080006f2   0x080006f2   0x00000006   PAD
    0x080006f8   0x080006f8   0x00000020   Code   RO           78    .text.HAL_MPU_Enable  stm32h7xx_hal_cortex.o
    0x08000718   0x08000718   0x0000002a   Code   RO           53    .text.HAL_MspInit   stm32h7xx_hal_msp.o
    0x08000742   0x08000742   0x00000006   PAD
    0x08000748   0x08000748   0x0000005a   Code   RO           64    .text.HAL_NVIC_SetPriority  stm32h7xx_hal_cortex.o
    0x080007a2   0x080007a2   0x00000006   PAD
    0x080007a8   0x080007a8   0x00000020   Code   RO           62    .text.HAL_NVIC_SetPriorityGrouping  stm32h7xx_hal_cortex.o
    0x080007c8   0x080007c8   0x0000004c   Code   RO          479    .text.HAL_PWREx_ConfigSupply  stm32h7xx_hal_pwr_ex.o
    0x08000814   0x08000814   0x00000004   PAD
    0x08000818   0x08000818   0x00000254   Code   RO          118    .text.HAL_RCC_ClockConfig  stm32h7xx_hal_rcc.o
    0x08000a6c   0x08000a6c   0x00000004   PAD
    0x08000a70   0x08000a70   0x00000118   Code   RO          120    .text.HAL_RCC_GetSysClockFreq  stm32h7xx_hal_rcc.o
    0x08000b88   0x08000b88   0x0000056c   Code   RO          116    .text.HAL_RCC_OscConfig  stm32h7xx_hal_rcc.o
    0x080010f4   0x080010f4   0x00000004   PAD
    0x080010f8   0x080010f8   0x0000002e   Code   RO           74    .text.HAL_SYSTICK_Config  stm32h7xx_hal_cortex.o
    0x08001126   0x08001126   0x00000002   PAD
    0x08001128   0x08001128   0x00000002   Code   RO           34    .text.HardFault_Handler  stm32h7xx_it.o
    0x0800112a   0x0800112a   0x00000006   PAD
    0x08001130   0x08001130   0x00000002   Code   RO           36    .text.MemManage_Handler  stm32h7xx_it.o
    0x08001132   0x08001132   0x00000006   PAD
    0x08001138   0x08001138   0x00000002   Code   RO           32    .text.NMI_Handler   stm32h7xx_it.o
    0x0800113a   0x0800113a   0x00000006   PAD
    0x08001140   0x08001140   0x00000060   Code   RO         1439    .text.PendSV_Handler  port.o
    0x080011a0   0x080011a0   0x00000020   Code   RO         1423    .text.SVC_Handler   port.o
    0x080011c0   0x080011c0   0x00000008   Code   RO           15    .text.StartDefaultTask  main.o
    0x080011c8   0x080011c8   0x00000018   Code   RO           44    .text.SysTick_Handler  stm32h7xx_it.o
    0x080011e0   0x080011e0   0x000000c4   Code   RO           13    .text.SystemClock_Config  main.o
    0x080012a4   0x080012a4   0x00000004   PAD
    0x080012a8   0x080012a8   0x000000cc   Code   RO          875    .text.SystemInit    system_stm32h7xx.o
    0x08001374   0x08001374   0x00000004   PAD
    0x08001378   0x08001378   0x00000002   Code   RO           40    .text.UsageFault_Handler  stm32h7xx_it.o
    0x0800137a   0x0800137a   0x00000006   PAD
    0x08001380   0x08001380   0x0000005a   Code   RO           11    .text.main          main.o
    0x080013da   0x080013da   0x00000006   PAD
    0x080013e0   0x080013e0   0x00000020   Code   RO         1294    .text.osDelay       cmsis_os2.o
    0x08001400   0x08001400   0x0000002a   Code   RO         1236    .text.osKernelInitialize  cmsis_os2.o
    0x0800142a   0x0800142a   0x00000006   PAD
    0x08001430   0x08001430   0x0000003e   Code   RO         1242    .text.osKernelStart  cmsis_os2.o
    0x0800146e   0x0800146e   0x00000002   PAD
    0x08001470   0x08001470   0x00000094   Code   RO         1258    .text.osThreadNew   cmsis_os2.o
    0x08001504   0x08001504   0x00000004   PAD
    0x08001508   0x08001508   0x0000028c   Code   RO         1071    .text.prvAddNewTaskToReadyList  tasks.o
    0x08001794   0x08001794   0x00000004   PAD
    0x08001798   0x08001798   0x00000086   Code   RO         1103    .text.prvIdleTask   tasks.o
    0x0800181e   0x0800181e   0x00000002   PAD
    0x08001820   0x08001820   0x00000102   Code   RO         1069    .text.prvInitialiseNewTask  tasks.o
    0x08001922   0x08001922   0x00000006   PAD
    0x08001928   0x08001928   0x00000028   Code   RO         1431    .text.prvPortStartFirstTask  port.o
    0x08001950   0x08001950   0x00000040   Code   RO         1421    .text.prvTaskExitError  port.o
    0x08001990   0x08001990   0x0000039e   Code   RO         1188    .text.prvTimerTask  timers.o
    0x08001d2e   0x08001d2e   0x00000002   PAD
    0x08001d30   0x08001d30   0x0000007a   Code   RO          970    .text.prvUnlockQueue  queue.o
    0x08001daa   0x08001daa   0x00000006   PAD
    0x08001db0   0x08001db0   0x000001f0   Code   RO         1397    .text.pvPortMalloc  heap_4.o
    0x08001fa0   0x08001fa0   0x0000002c   Code   RO         1419    .text.pxPortInitialiseStack  port.o
    0x08001fcc   0x08001fcc   0x00000004   PAD
    0x08001fd0   0x08001fd0   0x00000022   Code   RO          934    .text.uxListRemove  list.o
    0x08001ff2   0x08001ff2   0x00000006   PAD
    0x08001ff8   0x08001ff8   0x0000001a   Code   RO         1380    .text.vApplicationGetIdleTaskMemory  cmsis_os2.o
    0x08002012   0x08002012   0x00000006   PAD
    0x08002018   0x08002018   0x0000001c   Code   RO         1382    .text.vApplicationGetTimerTaskMemory  cmsis_os2.o
    0x08002034   0x08002034   0x00000004   PAD
    0x08002038   0x08002038   0x00000016   Code   RO          926    .text.vListInitialise  list.o
    0x0800204e   0x0800204e   0x00000002   PAD
    0x08002050   0x08002050   0x00000006   Code   RO          928    .text.vListInitialiseItem  list.o
    0x08002056   0x08002056   0x00000002   PAD
    0x08002058   0x08002058   0x00000066   Code   RO          932    .text.vListInsert   list.o
    0x080020be   0x080020be   0x00000002   PAD
    0x080020c0   0x080020c0   0x0000001a   Code   RO          930    .text.vListInsertEnd  list.o
    0x080020da   0x080020da   0x00000006   PAD
    0x080020e0   0x080020e0   0x00000014   Code   RO         1429    .text.vPortEnableVFP  port.o
    0x080020f4   0x080020f4   0x00000004   PAD
    0x080020f8   0x080020f8   0x0000004a   Code   RO         1435    .text.vPortEnterCritical  port.o
    0x08002142   0x08002142   0x00000006   PAD
    0x08002148   0x08002148   0x0000002e   Code   RO         1437    .text.vPortExitCritical  port.o
    0x08002176   0x08002176   0x00000002   PAD
    0x08002178   0x08002178   0x000000d4   Code   RO         1399    .text.vPortFree     heap_4.o
    0x0800224c   0x0800224c   0x00000004   PAD
    0x08002250   0x08002250   0x00000034   Code   RO         1427    .text.vPortSetupTimerInterrupt  port.o
    0x08002284   0x08002284   0x00000004   PAD
    0x08002288   0x08002288   0x00000058   Code   RO         1004    .text.vQueueAddToRegistry  queue.o
    0x080022e0   0x080022e0   0x00000064   Code   RO         1008    .text.vQueueWaitForMessageRestricted  queue.o
    0x08002344   0x08002344   0x00000004   PAD
    0x08002348   0x08002348   0x00000084   Code   RO         1083    .text.vTaskDelay    tasks.o
    0x080023cc   0x080023cc   0x00000004   PAD
    0x080023d0   0x080023d0   0x00000012   Code   RO         1133    .text.vTaskInternalSetTimeOutState  tasks.o
    0x080023e2   0x080023e2   0x00000006   PAD
    0x080023e8   0x080023e8   0x0000000e   Code   RO         1137    .text.vTaskMissedYield  tasks.o
    0x080023f6   0x080023f6   0x00000002   PAD
    0x080023f8   0x080023f8   0x0000007c   Code   RO         1121    .text.vTaskPlaceOnEventList  tasks.o
    0x08002474   0x08002474   0x00000004   PAD
    0x08002478   0x08002478   0x0000007e   Code   RO         1125    .text.vTaskPlaceOnEventListRestricted  tasks.o
    0x080024f6   0x080024f6   0x00000002   PAD
    0x080024f8   0x080024f8   0x000000f0   Code   RO         1101    .text.vTaskStartScheduler  tasks.o
    0x080025e8   0x080025e8   0x00000010   Code   RO         1079    .text.vTaskSuspendAll  tasks.o
    0x080025f8   0x080025f8   0x000000c8   Code   RO         1095    .text.vTaskSwitchContext  tasks.o
    0x080026c0   0x080026c0   0x000001ba   Code   RO         1425    .text.xPortStartScheduler  port.o
    0x0800287a   0x0800287a   0x00000006   PAD
    0x08002880   0x08002880   0x0000002e   Code   RO         1441    .text.xPortSysTickHandler  port.o
    0x080028ae   0x080028ae   0x00000002   PAD
    0x080028b0   0x080028b0   0x000000da   Code   RO          946    .text.xQueueGenericCreateStatic  queue.o
    0x0800298a   0x0800298a   0x00000006   PAD
    0x08002990   0x08002990   0x000002c8   Code   RO          960    .text.xQueueGenericSend  queue.o
    0x08002c58   0x08002c58   0x0000024a   Code   RO          976    .text.xQueueReceive  queue.o
    0x08002ea2   0x08002ea2   0x00000006   PAD
    0x08002ea8   0x08002ea8   0x0000009e   Code   RO         1135    .text.xTaskCheckForTimeOut  tasks.o
    0x08002f46   0x08002f46   0x00000002   PAD
    0x08002f48   0x08002f48   0x00000060   Code   RO         1073    .text.xTaskCreate   tasks.o
    0x08002fa8   0x08002fa8   0x0000007a   Code   RO         1067    .text.xTaskCreateStatic  tasks.o
    0x08003022   0x08003022   0x00000006   PAD
    0x08003028   0x08003028   0x0000001c   Code   RO         1149    .text.xTaskGetSchedulerState  tasks.o
    0x08003044   0x08003044   0x00000004   PAD
    0x08003048   0x08003048   0x00000018   Code   RO         1109    .text.xTaskGetTickCount  tasks.o
    0x08003060   0x08003060   0x00000102   Code   RO         1107    .text.xTaskIncrementTick  tasks.o
    0x08003162   0x08003162   0x00000006   PAD
    0x08003168   0x08003168   0x0000008e   Code   RO         1153    .text.xTaskPriorityDisinherit  tasks.o
    0x080031f6   0x080031f6   0x00000002   PAD
    0x080031f8   0x080031f8   0x00000074   Code   RO         1127    .text.xTaskRemoveFromEventList  tasks.o
    0x0800326c   0x0800326c   0x00000004   PAD
    0x08003270   0x08003270   0x000000f0   Code   RO         1081    .text.xTaskResumeAll  tasks.o
    0x08003360   0x08003360   0x000000b4   Code   RO         1186    .text.xTimerCreateTimerTask  timers.o
    0x08003414   0x08003414   0x0000001a   Code   RO         1559    x$fpl$fpinit        fz_wv.l(fpinit.o)
    0x0800342e   0x0800342e   0x00000010   Data   RO          879    .rodata.D1CorePrescTable  system_stm32h7xx.o
    0x0800343e   0x0800343e   0x00000002   PAD
    0x08003440   0x08003440   0x00000024   Data   RO           20    .rodata.defaultTask_attributes  main.o
    0x08003464   0x08003464   0x0000000c   Data   RO           19    .rodata.str1.1      main.o
    0x08003470   0x08003470   0x00000005   Data   RO         1226    .rodata.str1.1      timers.o
    0x08003475   0x08003475   0x00000003   PAD
    0x08003478   0x08003478   0x00000020   Data   RO         1634    Region$$Table       anon$$obj.o


    Execution Region RW_IRAM1 (Exec base: 0x20000000, Load base: 0x08003498, Size: 0x00000000, Max: 0x00020000, ABSOLUTE)

    **** No section assigned to this execution region ****


    Execution Region RW_IRAM2 (Exec base: 0x24000000, Load base: 0x08003498, Size: 0x00004fd0, Max: 0x00080000, ABSOLUTE)

    Exec Addr    Load Addr    Size         Type   Attr      Idx    E Section Name        Object

    0x24000000   0x08003498   0x00000008   Data   RW          664    .data..L_MergedGlobals  stm32h7xx_hal.o
    0x24000008   0x080034a0   0x00000008   Data   RW          880    .data..L_MergedGlobals  system_stm32h7xx.o
    0x24000010   0x080034a8   0x00000004   Data   RW         1445    .data.uxCriticalNesting  port.o
    0x24000014   0x080034ac   0x00000004   PAD
    0x24000018        -       0x00000060   Zero   RW         1499    .bss                c_w.l(libspace.o)
    0x24000078        -       0x00000074   Zero   RW         1176    .bss..L_MergedGlobals  tasks.o
    0x240000ec        -       0x0000003c   Zero   RW         1227    .bss..L_MergedGlobals  timers.o
    0x24000128        -       0x00000020   Zero   RW         1410    .bss..L_MergedGlobals  heap_4.o
    0x24000148        -       0x00000008   Zero   RW         1446    .bss..L_MergedGlobals  port.o
    0x24000150        -       0x00000028   Zero   RW         1177    .bss..L_MergedGlobals.2  tasks.o
    0x24000178        -       0x00000004   Zero   RW         1384    .bss.KernelState    cmsis_os2.o
    0x2400017c        -       0x00000004   Zero   RW           21    .bss.defaultTaskHandle  main.o
    0x24000180        -       0x000000a0   Zero   RW         1225    .bss.prvCheckForValidListAndQueue.ucStaticTimerQueueStorage  timers.o
    0x24000220        -       0x00000050   Zero   RW         1224    .bss.prvCheckForValidListAndQueue.xStaticTimerQueue  timers.o
    0x24000270        -       0x00000460   Zero   RW         1175    .bss.pxReadyTasksLists  tasks.o
    0x240006d0        -       0x00003c00   Zero   RW         1409    .bss.ucHeap         heap_4.o
    0x240042d0        -       0x00000004   Zero   RW          663    .bss.uwTick         stm32h7xx_hal.o
    0x240042d4        -       0x00000200   Zero   RW         1386    .bss.vApplicationGetIdleTaskMemory.Idle_Stack  cmsis_os2.o
    0x240044d4        -       0x0000005c   Zero   RW         1385    .bss.vApplicationGetIdleTaskMemory.Idle_TCB  cmsis_os2.o
    0x24004530        -       0x00000400   Zero   RW         1388    .bss.vApplicationGetTimerTaskMemory.Timer_Stack  cmsis_os2.o
    0x24004930        -       0x0000005c   Zero   RW         1387    .bss.vApplicationGetTimerTaskMemory.Timer_TCB  cmsis_os2.o
    0x2400498c        -       0x00000040   Zero   RW         1010    .bss.xQueueRegistry  queue.o
    0x240049cc   0x080034ac   0x00000004   PAD
    0x240049d0        -       0x00000200   Zero   RW            2    HEAP                startup_stm32h750xx.o
    0x24004bd0        -       0x00000400   Zero   RW            1    STACK               startup_stm32h750xx.o


==============================================================================

Image component sizes


      Code (inc. data)   RO Data    RW Data    ZI Data      Debug   Object Name

       338          0          0          0       1724      45198   cmsis_os2.o
       708          0          0          0      15392       5843   heap_4.o
       190          0          0          0          0       2329   list.o
       294          0         48          0          4       6094   main.o
       956         16          0          4          8       4380   port.o
      1826          0          0          0         64      30727   queue.o
        64         26        664          0       1536        836   startup_stm32h750xx.o
       232          0          0          8          4      15076   stm32h7xx_hal.o
       320          0          0          0          0      12521   stm32h7xx_hal_cortex.o
        42          0          0          0          0       5554   stm32h7xx_hal_msp.o
        76          0          0          0          0      10613   stm32h7xx_hal_pwr_ex.o
      2264         16          0          0          0      11696   stm32h7xx_hal_rcc.o
        36          0          0          0          0       1154   stm32h7xx_it.o
       204          0         16          8          0       5884   system_stm32h7xx.o
      3098          8          0          0       1276      42903   tasks.o
      1106         18          5          0        300      16556   timers.o

    ----------------------------------------------------------------------
     12004         88        770         20      20316     217364   Object Totals
         0          0         32          0          0          0   (incl. Generated)
       250          4          5          0          8          0   (incl. Padding)

    ----------------------------------------------------------------------

      Code (inc. data)   RO Data    RW Data    ZI Data      Debug   Library Member Name

         8          0          0          0          0         68   __main.o
         0          0          0          0          0          0   __rtentry.o
        12          0          0          0          0          0   __rtentry2.o
         6          0          0          0          0          0   __rtentry4.o
        94          8          0          0          0          0   __scatter.o
        26          0          0          0          0          0   __scatter_copy.o
        28          0          0          0          0          0   __scatter_zi.o
        16          0          0          0          0         68   aeabi_memset4.o
        18          0          0          0          0         80   exit.o
         6          0          0          0          0        152   heapauxi.o
         0          0          0          0          0          0   indicate_semi.o
         2          0          0          0          0          0   libinit.o
         6          0          0          0          0          0   libinit2.o
         2          0          0          0          0          0   libshutdown.o
         2          0          0          0          0          0   libshutdown2.o
         8          4          0          0         96         68   libspace.o
        78          0          0          0          0         80   rt_memclr_w.o
       138          0          0          0          0         68   rt_memcpy_v6.o
       100          0          0          0          0         80   rt_memcpy_w.o
         2          0          0          0          0          0   rtexit.o
        10          0          0          0          0          0   rtexit2.o
        12          4          0          0          0         68   sys_exit.o
        74          0          0          0          0         80   sys_stackheap_outer.o
         2          0          0          0          0         68   use_no_semi.o
        26          0          0          0          0        116   fpinit.o

    ----------------------------------------------------------------------
       690         16          0          0         96        996   Library Totals
        14          0          0          0          0          0   (incl. Padding)

    ----------------------------------------------------------------------

      Code (inc. data)   RO Data    RW Data    ZI Data      Debug   Library Name

       650         16          0          0         96        880   c_w.l
        26          0          0          0          0        116   fz_wv.l

    ----------------------------------------------------------------------
       690         16          0          0         96        996   Library Totals

    ----------------------------------------------------------------------

==============================================================================


      Code (inc. data)   RO Data    RW Data    ZI Data      Debug   

     12694        104        770         20      20412     217784   Grand Totals
     12694        104        770         20      20412     217784   ELF Image Totals
     12694        104        770         20          0          0   ROM Totals

==============================================================================

    Total RO  Size (Code + RO Data)                13464 (  13.15kB)
    Total RW  Size (RW Data + ZI Data)             20432 (  19.95kB)
    Total ROM Size (Code + RO Data + RW Data)      13484 (  13.17kB)

==============================================================================

